<?xml version="1.0" encoding="ISO-8859-1" ?>
<link_info>
   <banner>MSP430 Linker PC v19.6.0.STS</banner>
   <copyright>Copyright (c) 2003-2018 Texas Instruments Incorporated</copyright>
   <link_time>0x5d8fa45f</link_time>
   <link_errors>0x0</link_errors>
   <output_file>note-msp430.out</output_file>
   <entry_point>
      <name>_c_int00_noargs_mpu</name>
      <address>0xe7d6</address>
   </entry_point>
   <input_file_list>
      <input_file id="fl-2">
         <path>.\</path>
         <kind>object</kind>
         <file>example.obj</file>
         <name>example.obj</name>
      </input_file>
      <input_file id="fl-3">
         <path>.\</path>
         <kind>object</kind>
         <file>main.obj</file>
         <name>main.obj</name>
      </input_file>
      <input_file id="fl-4">
         <path>.\driverlib\MSP430FR2xx_4xx\</path>
         <kind>object</kind>
         <file>adc.obj</file>
         <name>adc.obj</name>
      </input_file>
      <input_file id="fl-5">
         <path>.\driverlib\MSP430FR2xx_4xx\</path>
         <kind>object</kind>
         <file>crc.obj</file>
         <name>crc.obj</name>
      </input_file>
      <input_file id="fl-6">
         <path>.\driverlib\MSP430FR2xx_4xx\</path>
         <kind>object</kind>
         <file>cs.obj</file>
         <name>cs.obj</name>
      </input_file>
      <input_file id="fl-7">
         <path>.\driverlib\MSP430FR2xx_4xx\</path>
         <kind>object</kind>
         <file>ecomp.obj</file>
         <name>ecomp.obj</name>
      </input_file>
      <input_file id="fl-8">
         <path>.\driverlib\MSP430FR2xx_4xx\</path>
         <kind>object</kind>
         <file>eusci_a_spi.obj</file>
         <name>eusci_a_spi.obj</name>
      </input_file>
      <input_file id="fl-9">
         <path>.\driverlib\MSP430FR2xx_4xx\</path>
         <kind>object</kind>
         <file>eusci_a_uart.obj</file>
         <name>eusci_a_uart.obj</name>
      </input_file>
      <input_file id="fl-a">
         <path>.\driverlib\MSP430FR2xx_4xx\</path>
         <kind>object</kind>
         <file>eusci_b_i2c.obj</file>
         <name>eusci_b_i2c.obj</name>
      </input_file>
      <input_file id="fl-b">
         <path>.\driverlib\MSP430FR2xx_4xx\</path>
         <kind>object</kind>
         <file>eusci_b_spi.obj</file>
         <name>eusci_b_spi.obj</name>
      </input_file>
      <input_file id="fl-c">
         <path>.\driverlib\MSP430FR2xx_4xx\</path>
         <kind>object</kind>
         <file>framctl.obj</file>
         <name>framctl.obj</name>
      </input_file>
      <input_file id="fl-d">
         <path>.\driverlib\MSP430FR2xx_4xx\</path>
         <kind>object</kind>
         <file>gpio.obj</file>
         <name>gpio.obj</name>
      </input_file>
      <input_file id="fl-e">
         <path>.\driverlib\MSP430FR2xx_4xx\</path>
         <kind>object</kind>
         <file>icc.obj</file>
         <name>icc.obj</name>
      </input_file>
      <input_file id="fl-f">
         <path>.\driverlib\MSP430FR2xx_4xx\</path>
         <kind>object</kind>
         <file>lcd_e.obj</file>
         <name>lcd_e.obj</name>
      </input_file>
      <input_file id="fl-10">
         <path>.\driverlib\MSP430FR2xx_4xx\</path>
         <kind>object</kind>
         <file>mpy32.obj</file>
         <name>mpy32.obj</name>
      </input_file>
      <input_file id="fl-11">
         <path>.\driverlib\MSP430FR2xx_4xx\</path>
         <kind>object</kind>
         <file>pmm.obj</file>
         <name>pmm.obj</name>
      </input_file>
      <input_file id="fl-12">
         <path>.\driverlib\MSP430FR2xx_4xx\</path>
         <kind>object</kind>
         <file>rtc.obj</file>
         <name>rtc.obj</name>
      </input_file>
      <input_file id="fl-13">
         <path>.\driverlib\MSP430FR2xx_4xx\</path>
         <kind>object</kind>
         <file>sac.obj</file>
         <name>sac.obj</name>
      </input_file>
      <input_file id="fl-14">
         <path>.\driverlib\MSP430FR2xx_4xx\</path>
         <kind>object</kind>
         <file>sfr.obj</file>
         <name>sfr.obj</name>
      </input_file>
      <input_file id="fl-15">
         <path>.\driverlib\MSP430FR2xx_4xx\</path>
         <kind>object</kind>
         <file>sysctl.obj</file>
         <name>sysctl.obj</name>
      </input_file>
      <input_file id="fl-16">
         <path>.\driverlib\MSP430FR2xx_4xx\</path>
         <kind>object</kind>
         <file>tia.obj</file>
         <name>tia.obj</name>
      </input_file>
      <input_file id="fl-17">
         <path>.\driverlib\MSP430FR2xx_4xx\</path>
         <kind>object</kind>
         <file>timer_a.obj</file>
         <name>timer_a.obj</name>
      </input_file>
      <input_file id="fl-18">
         <path>.\driverlib\MSP430FR2xx_4xx\</path>
         <kind>object</kind>
         <file>timer_b.obj</file>
         <name>timer_b.obj</name>
      </input_file>
      <input_file id="fl-19">
         <path>.\driverlib\MSP430FR2xx_4xx\</path>
         <kind>object</kind>
         <file>tlv.obj</file>
         <name>tlv.obj</name>
      </input_file>
      <input_file id="fl-1a">
         <path>.\driverlib\MSP430FR2xx_4xx\</path>
         <kind>object</kind>
         <file>wdt_a.obj</file>
         <name>wdt_a.obj</name>
      </input_file>
      <input_file id="fl-1b">
         <path>.\note-c\</path>
         <kind>object</kind>
         <file>n_atof.obj</file>
         <name>n_atof.obj</name>
      </input_file>
      <input_file id="fl-1c">
         <path>.\note-c\</path>
         <kind>object</kind>
         <file>n_b64.obj</file>
         <name>n_b64.obj</name>
      </input_file>
      <input_file id="fl-1d">
         <path>.\note-c\</path>
         <kind>object</kind>
         <file>n_cjson.obj</file>
         <name>n_cjson.obj</name>
      </input_file>
      <input_file id="fl-1e">
         <path>.\note-c\</path>
         <kind>object</kind>
         <file>n_cjson_helpers.obj</file>
         <name>n_cjson_helpers.obj</name>
      </input_file>
      <input_file id="fl-1f">
         <path>.\note-c\</path>
         <kind>object</kind>
         <file>n_ftoa.obj</file>
         <name>n_ftoa.obj</name>
      </input_file>
      <input_file id="fl-20">
         <path>.\note-c\</path>
         <kind>object</kind>
         <file>n_helpers.obj</file>
         <name>n_helpers.obj</name>
      </input_file>
      <input_file id="fl-21">
         <path>.\note-c\</path>
         <kind>object</kind>
         <file>n_hooks.obj</file>
         <name>n_hooks.obj</name>
      </input_file>
      <input_file id="fl-22">
         <path>.\note-c\</path>
         <kind>object</kind>
         <file>n_i2c.obj</file>
         <name>n_i2c.obj</name>
      </input_file>
      <input_file id="fl-23">
         <path>.\note-c\</path>
         <kind>object</kind>
         <file>n_request.obj</file>
         <name>n_request.obj</name>
      </input_file>
      <input_file id="fl-24">
         <path>.\note-c\</path>
         <kind>object</kind>
         <file>n_serial.obj</file>
         <name>n_serial.obj</name>
      </input_file>
      <input_file id="fl-25">
         <path>.\note-c\</path>
         <kind>object</kind>
         <file>n_str.obj</file>
         <name>n_str.obj</name>
      </input_file>
      <input_file id="fl-2c">
         <kind>object</kind>
         <file>&lt;internal&gt;</file>
         <name>&lt;internal&gt;</name>
      </input_file>
      <input_file id="fl-4c">
         <path>C:\ti\ccs910\ccs\tools\compiler\ti-cgt-msp430_19.6.0.STS\lib\</path>
         <kind>archive</kind>
         <file>rts430x_lc_ld_eabi.lib</file>
         <name>copy_decompress_lzss.c.obj</name>
      </input_file>
      <input_file id="fl-4d">
         <path>C:\ti\ccs910\ccs\tools\compiler\ti-cgt-msp430_19.6.0.STS\lib\</path>
         <kind>archive</kind>
         <file>rts430x_lc_ld_eabi.lib</file>
         <name>copy_decompress_none.c.obj</name>
      </input_file>
      <input_file id="fl-4e">
         <path>C:\ti\ccs910\ccs\tools\compiler\ti-cgt-msp430_19.6.0.STS\lib\</path>
         <kind>archive</kind>
         <file>rts430x_lc_ld_eabi.lib</file>
         <name>int22.asm.obj</name>
      </input_file>
      <input_file id="fl-4f">
         <path>C:\ti\ccs910\ccs\tools\compiler\ti-cgt-msp430_19.6.0.STS\lib\</path>
         <kind>archive</kind>
         <file>rts430x_lc_ld_eabi.lib</file>
         <name>isr_trap.asm.obj</name>
      </input_file>
      <input_file id="fl-50">
         <path>C:\ti\ccs910\ccs\tools\compiler\ti-cgt-msp430_19.6.0.STS\lib\</path>
         <kind>archive</kind>
         <file>rts430x_lc_ld_eabi.lib</file>
         <name>int23.asm.obj</name>
      </input_file>
      <input_file id="fl-51">
         <path>C:\ti\ccs910\ccs\tools\compiler\ti-cgt-msp430_19.6.0.STS\lib\</path>
         <kind>archive</kind>
         <file>rts430x_lc_ld_eabi.lib</file>
         <name>int24.asm.obj</name>
      </input_file>
      <input_file id="fl-52">
         <path>C:\ti\ccs910\ccs\tools\compiler\ti-cgt-msp430_19.6.0.STS\lib\</path>
         <kind>archive</kind>
         <file>rts430x_lc_ld_eabi.lib</file>
         <name>int25.asm.obj</name>
      </input_file>
      <input_file id="fl-53">
         <path>C:\ti\ccs910\ccs\tools\compiler\ti-cgt-msp430_19.6.0.STS\lib\</path>
         <kind>archive</kind>
         <file>rts430x_lc_ld_eabi.lib</file>
         <name>int26.asm.obj</name>
      </input_file>
      <input_file id="fl-54">
         <path>C:\ti\ccs910\ccs\tools\compiler\ti-cgt-msp430_19.6.0.STS\lib\</path>
         <kind>archive</kind>
         <file>rts430x_lc_ld_eabi.lib</file>
         <name>int27.asm.obj</name>
      </input_file>
      <input_file id="fl-55">
         <path>C:\ti\ccs910\ccs\tools\compiler\ti-cgt-msp430_19.6.0.STS\lib\</path>
         <kind>archive</kind>
         <file>rts430x_lc_ld_eabi.lib</file>
         <name>int28.asm.obj</name>
      </input_file>
      <input_file id="fl-56">
         <path>C:\ti\ccs910\ccs\tools\compiler\ti-cgt-msp430_19.6.0.STS\lib\</path>
         <kind>archive</kind>
         <file>rts430x_lc_ld_eabi.lib</file>
         <name>int29.asm.obj</name>
      </input_file>
      <input_file id="fl-57">
         <path>C:\ti\ccs910\ccs\tools\compiler\ti-cgt-msp430_19.6.0.STS\lib\</path>
         <kind>archive</kind>
         <file>rts430x_lc_ld_eabi.lib</file>
         <name>int30.asm.obj</name>
      </input_file>
      <input_file id="fl-58">
         <path>C:\ti\ccs910\ccs\tools\compiler\ti-cgt-msp430_19.6.0.STS\lib\</path>
         <kind>archive</kind>
         <file>rts430x_lc_ld_eabi.lib</file>
         <name>int33.asm.obj</name>
      </input_file>
      <input_file id="fl-59">
         <path>C:\ti\ccs910\ccs\tools\compiler\ti-cgt-msp430_19.6.0.STS\lib\</path>
         <kind>archive</kind>
         <file>rts430x_lc_ld_eabi.lib</file>
         <name>int34.asm.obj</name>
      </input_file>
      <input_file id="fl-5a">
         <path>C:\ti\ccs910\ccs\tools\compiler\ti-cgt-msp430_19.6.0.STS\lib\</path>
         <kind>archive</kind>
         <file>rts430x_lc_ld_eabi.lib</file>
         <name>int35.asm.obj</name>
      </input_file>
      <input_file id="fl-5b">
         <path>C:\ti\ccs910\ccs\tools\compiler\ti-cgt-msp430_19.6.0.STS\lib\</path>
         <kind>archive</kind>
         <file>rts430x_lc_ld_eabi.lib</file>
         <name>int36.asm.obj</name>
      </input_file>
      <input_file id="fl-5c">
         <path>C:\ti\ccs910\ccs\tools\compiler\ti-cgt-msp430_19.6.0.STS\lib\</path>
         <kind>archive</kind>
         <file>rts430x_lc_ld_eabi.lib</file>
         <name>int37.asm.obj</name>
      </input_file>
      <input_file id="fl-5d">
         <path>C:\ti\ccs910\ccs\tools\compiler\ti-cgt-msp430_19.6.0.STS\lib\</path>
         <kind>archive</kind>
         <file>rts430x_lc_ld_eabi.lib</file>
         <name>int38.asm.obj</name>
      </input_file>
      <input_file id="fl-5e">
         <path>C:\ti\ccs910\ccs\tools\compiler\ti-cgt-msp430_19.6.0.STS\lib\</path>
         <kind>archive</kind>
         <file>rts430x_lc_ld_eabi.lib</file>
         <name>int39.asm.obj</name>
      </input_file>
      <input_file id="fl-5f">
         <path>C:\ti\ccs910\ccs\tools\compiler\ti-cgt-msp430_19.6.0.STS\lib\</path>
         <kind>archive</kind>
         <file>rts430x_lc_ld_eabi.lib</file>
         <name>int40.asm.obj</name>
      </input_file>
      <input_file id="fl-60">
         <path>C:\ti\ccs910\ccs\tools\compiler\ti-cgt-msp430_19.6.0.STS\lib\</path>
         <kind>archive</kind>
         <file>rts430x_lc_ld_eabi.lib</file>
         <name>int41.asm.obj</name>
      </input_file>
      <input_file id="fl-61">
         <path>C:\ti\ccs910\ccs\tools\compiler\ti-cgt-msp430_19.6.0.STS\lib\</path>
         <kind>archive</kind>
         <file>rts430x_lc_ld_eabi.lib</file>
         <name>int43.asm.obj</name>
      </input_file>
      <input_file id="fl-62">
         <path>C:\ti\ccs910\ccs\tools\compiler\ti-cgt-msp430_19.6.0.STS\lib\</path>
         <kind>archive</kind>
         <file>rts430x_lc_ld_eabi.lib</file>
         <name>int44.asm.obj</name>
      </input_file>
      <input_file id="fl-63">
         <path>C:\ti\ccs910\ccs\tools\compiler\ti-cgt-msp430_19.6.0.STS\lib\</path>
         <kind>archive</kind>
         <file>rts430x_lc_ld_eabi.lib</file>
         <name>int45.asm.obj</name>
      </input_file>
      <input_file id="fl-64">
         <path>C:\ti\ccs910\ccs\tools\compiler\ti-cgt-msp430_19.6.0.STS\lib\</path>
         <kind>archive</kind>
         <file>rts430x_lc_ld_eabi.lib</file>
         <name>copy_zero_init.c.obj</name>
      </input_file>
      <input_file id="fl-65">
         <path>C:\ti\ccs910\ccs\tools\compiler\ti-cgt-msp430_19.6.0.STS\lib\</path>
         <kind>archive</kind>
         <file>rts430x_lc_ld_eabi.lib</file>
         <name>addd.c.obj</name>
      </input_file>
      <input_file id="fl-66">
         <path>C:\ti\ccs910\ccs\tools\compiler\ti-cgt-msp430_19.6.0.STS\lib\</path>
         <kind>archive</kind>
         <file>rts430x_lc_ld_eabi.lib</file>
         <name>frcaddd.c.obj</name>
      </input_file>
      <input_file id="fl-67">
         <path>C:\ti\ccs910\ccs\tools\compiler\ti-cgt-msp430_19.6.0.STS\lib\</path>
         <kind>archive</kind>
         <file>rts430x_lc_ld_eabi.lib</file>
         <name>renormd.c.obj</name>
      </input_file>
      <input_file id="fl-68">
         <path>C:\ti\ccs910\ccs\tools\compiler\ti-cgt-msp430_19.6.0.STS\lib\</path>
         <kind>archive</kind>
         <file>rts430x_lc_ld_eabi.lib</file>
         <name>cmpd.c.obj</name>
      </input_file>
      <input_file id="fl-69">
         <path>C:\ti\ccs910\ccs\tools\compiler\ti-cgt-msp430_19.6.0.STS\lib\</path>
         <kind>archive</kind>
         <file>rts430x_lc_ld_eabi.lib</file>
         <name>cvtdf.c.obj</name>
      </input_file>
      <input_file id="fl-6a">
         <path>C:\ti\ccs910\ccs\tools\compiler\ti-cgt-msp430_19.6.0.STS\lib\</path>
         <kind>archive</kind>
         <file>rts430x_lc_ld_eabi.lib</file>
         <name>cvtfd.c.obj</name>
      </input_file>
      <input_file id="fl-6b">
         <path>C:\ti\ccs910\ccs\tools\compiler\ti-cgt-msp430_19.6.0.STS\lib\</path>
         <kind>archive</kind>
         <file>rts430x_lc_ld_eabi.lib</file>
         <name>divd.c.obj</name>
      </input_file>
      <input_file id="fl-6c">
         <path>C:\ti\ccs910\ccs\tools\compiler\ti-cgt-msp430_19.6.0.STS\lib\</path>
         <kind>archive</kind>
         <file>rts430x_lc_ld_eabi.lib</file>
         <name>frcdivd.c.obj</name>
      </input_file>
      <input_file id="fl-6d">
         <path>C:\ti\ccs910\ccs\tools\compiler\ti-cgt-msp430_19.6.0.STS\lib\</path>
         <kind>archive</kind>
         <file>rts430x_lc_ld_eabi.lib</file>
         <name>div16s.asm.obj</name>
      </input_file>
      <input_file id="fl-6e">
         <path>C:\ti\ccs910\ccs\tools\compiler\ti-cgt-msp430_19.6.0.STS\lib\</path>
         <kind>archive</kind>
         <file>rts430x_lc_ld_eabi.lib</file>
         <name>div32s.asm.obj</name>
      </input_file>
      <input_file id="fl-6f">
         <path>C:\ti\ccs910\ccs\tools\compiler\ti-cgt-msp430_19.6.0.STS\lib\</path>
         <kind>archive</kind>
         <file>rts430x_lc_ld_eabi.lib</file>
         <name>div16u.asm.obj</name>
      </input_file>
      <input_file id="fl-70">
         <path>C:\ti\ccs910\ccs\tools\compiler\ti-cgt-msp430_19.6.0.STS\lib\</path>
         <kind>archive</kind>
         <file>rts430x_lc_ld_eabi.lib</file>
         <name>div32u.asm.obj</name>
      </input_file>
      <input_file id="fl-71">
         <path>C:\ti\ccs910\ccs\tools\compiler\ti-cgt-msp430_19.6.0.STS\lib\</path>
         <kind>archive</kind>
         <file>rts430x_lc_ld_eabi.lib</file>
         <name>fixdi.c.obj</name>
      </input_file>
      <input_file id="fl-72">
         <path>C:\ti\ccs910\ccs\tools\compiler\ti-cgt-msp430_19.6.0.STS\lib\</path>
         <kind>archive</kind>
         <file>rts430x_lc_ld_eabi.lib</file>
         <name>fixdli.c.obj</name>
      </input_file>
      <input_file id="fl-73">
         <path>C:\ti\ccs910\ccs\tools\compiler\ti-cgt-msp430_19.6.0.STS\lib\</path>
         <kind>archive</kind>
         <file>rts430x_lc_ld_eabi.lib</file>
         <name>fltid.c.obj</name>
      </input_file>
      <input_file id="fl-74">
         <path>C:\ti\ccs910\ccs\tools\compiler\ti-cgt-msp430_19.6.0.STS\lib\</path>
         <kind>archive</kind>
         <file>rts430x_lc_ld_eabi.lib</file>
         <name>fltlid.c.obj</name>
      </input_file>
      <input_file id="fl-75">
         <path>C:\ti\ccs910\ccs\tools\compiler\ti-cgt-msp430_19.6.0.STS\lib\</path>
         <kind>archive</kind>
         <file>rts430x_lc_ld_eabi.lib</file>
         <name>fltud.c.obj</name>
      </input_file>
      <input_file id="fl-76">
         <path>C:\ti\ccs910\ccs\tools\compiler\ti-cgt-msp430_19.6.0.STS\lib\</path>
         <kind>archive</kind>
         <file>rts430x_lc_ld_eabi.lib</file>
         <name>fltuld.c.obj</name>
      </input_file>
      <input_file id="fl-77">
         <path>C:\ti\ccs910\ccs\tools\compiler\ti-cgt-msp430_19.6.0.STS\lib\</path>
         <kind>archive</kind>
         <file>rts430x_lc_ld_eabi.lib</file>
         <name>mpyd.c.obj</name>
      </input_file>
      <input_file id="fl-78">
         <path>C:\ti\ccs910\ccs\tools\compiler\ti-cgt-msp430_19.6.0.STS\lib\</path>
         <kind>archive</kind>
         <file>rts430x_lc_ld_eabi.lib</file>
         <name>frcmpyd.c.obj</name>
      </input_file>
      <input_file id="fl-79">
         <path>C:\ti\ccs910\ccs\tools\compiler\ti-cgt-msp430_19.6.0.STS\lib\</path>
         <kind>archive</kind>
         <file>rts430x_lc_ld_eabi.lib</file>
         <name>mult16.asm.obj</name>
      </input_file>
      <input_file id="fl-7a">
         <path>C:\ti\ccs910\ccs\tools\compiler\ti-cgt-msp430_19.6.0.STS\lib\</path>
         <kind>archive</kind>
         <file>rts430x_lc_ld_eabi.lib</file>
         <name>mult16_f5hw.asm.obj</name>
      </input_file>
      <input_file id="fl-7b">
         <path>C:\ti\ccs910\ccs\tools\compiler\ti-cgt-msp430_19.6.0.STS\lib\</path>
         <kind>archive</kind>
         <file>rts430x_lc_ld_eabi.lib</file>
         <name>mult32.asm.obj</name>
      </input_file>
      <input_file id="fl-7c">
         <path>C:\ti\ccs910\ccs\tools\compiler\ti-cgt-msp430_19.6.0.STS\lib\</path>
         <kind>archive</kind>
         <file>rts430x_lc_ld_eabi.lib</file>
         <name>mult32_f5hw.asm.obj</name>
      </input_file>
      <input_file id="fl-7d">
         <path>C:\ti\ccs910\ccs\tools\compiler\ti-cgt-msp430_19.6.0.STS\lib\</path>
         <kind>archive</kind>
         <file>rts430x_lc_ld_eabi.lib</file>
         <name>mult64_f5hw.asm.obj</name>
      </input_file>
      <input_file id="fl-7e">
         <path>C:\ti\ccs910\ccs\tools\compiler\ti-cgt-msp430_19.6.0.STS\lib\</path>
         <kind>archive</kind>
         <file>rts430x_lc_ld_eabi.lib</file>
         <name>mult1632_f5hw.asm.obj</name>
      </input_file>
      <input_file id="fl-7f">
         <path>C:\ti\ccs910\ccs\tools\compiler\ti-cgt-msp430_19.6.0.STS\lib\</path>
         <kind>archive</kind>
         <file>rts430x_lc_ld_eabi.lib</file>
         <name>mult3264_f5hw.asm.obj</name>
      </input_file>
      <input_file id="fl-80">
         <path>C:\ti\ccs910\ccs\tools\compiler\ti-cgt-msp430_19.6.0.STS\lib\</path>
         <kind>archive</kind>
         <file>rts430x_lc_ld_eabi.lib</file>
         <name>negd.c.obj</name>
      </input_file>
      <input_file id="fl-81">
         <path>C:\ti\ccs910\ccs\tools\compiler\ti-cgt-msp430_19.6.0.STS\lib\</path>
         <kind>archive</kind>
         <file>rts430x_lc_ld_eabi.lib</file>
         <name>lsl16.asm.obj</name>
      </input_file>
      <input_file id="fl-82">
         <path>C:\ti\ccs910\ccs\tools\compiler\ti-cgt-msp430_19.6.0.STS\lib\</path>
         <kind>archive</kind>
         <file>rts430x_lc_ld_eabi.lib</file>
         <name>lsl32.asm.obj</name>
      </input_file>
      <input_file id="fl-83">
         <path>C:\ti\ccs910\ccs\tools\compiler\ti-cgt-msp430_19.6.0.STS\lib\</path>
         <kind>archive</kind>
         <file>rts430x_lc_ld_eabi.lib</file>
         <name>asr32.asm.obj</name>
      </input_file>
      <input_file id="fl-84">
         <path>C:\ti\ccs910\ccs\tools\compiler\ti-cgt-msp430_19.6.0.STS\lib\</path>
         <kind>archive</kind>
         <file>rts430x_lc_ld_eabi.lib</file>
         <name>lsr16.asm.obj</name>
      </input_file>
      <input_file id="fl-85">
         <path>C:\ti\ccs910\ccs\tools\compiler\ti-cgt-msp430_19.6.0.STS\lib\</path>
         <kind>archive</kind>
         <file>rts430x_lc_ld_eabi.lib</file>
         <name>lsr32.asm.obj</name>
      </input_file>
      <input_file id="fl-86">
         <path>C:\ti\ccs910\ccs\tools\compiler\ti-cgt-msp430_19.6.0.STS\lib\</path>
         <kind>archive</kind>
         <file>rts430x_lc_ld_eabi.lib</file>
         <name>lsr64.c.obj</name>
      </input_file>
      <input_file id="fl-87">
         <path>C:\ti\ccs910\ccs\tools\compiler\ti-cgt-msp430_19.6.0.STS\lib\</path>
         <kind>archive</kind>
         <file>rts430x_lc_ld_eabi.lib</file>
         <name>subd.c.obj</name>
      </input_file>
      <input_file id="fl-88">
         <path>C:\ti\ccs910\ccs\tools\compiler\ti-cgt-msp430_19.6.0.STS\lib\</path>
         <kind>archive</kind>
         <file>rts430x_lc_ld_eabi.lib</file>
         <name>boot.c.obj</name>
      </input_file>
      <input_file id="fl-89">
         <path>C:\ti\ccs910\ccs\ccs_base\msp430\lib\FR2xx\</path>
         <kind>archive</kind>
         <file>FRWP_INIT_LIB_CCS_msp430_large_code_large_data.lib</file>
         <name>frwp_init.obj</name>
      </input_file>
      <input_file id="fl-8a">
         <path>C:\ti\ccs910\ccs\tools\compiler\ti-cgt-msp430_19.6.0.STS\lib\</path>
         <kind>archive</kind>
         <file>rts430x_lc_ld_eabi.lib</file>
         <name>args_main.c.obj</name>
      </input_file>
      <input_file id="fl-8b">
         <path>C:\ti\ccs910\ccs\tools\compiler\ti-cgt-msp430_19.6.0.STS\lib\</path>
         <kind>archive</kind>
         <file>rts430x_lc_ld_eabi.lib</file>
         <name>autoinit.c.obj</name>
      </input_file>
      <input_file id="fl-8c">
         <path>C:\ti\ccs910\ccs\tools\compiler\ti-cgt-msp430_19.6.0.STS\lib\</path>
         <kind>archive</kind>
         <file>rts430x_lc_ld_eabi.lib</file>
         <name>startup.c.obj</name>
      </input_file>
      <input_file id="fl-8d">
         <path>C:\ti\ccs910\ccs\tools\compiler\ti-cgt-msp430_19.6.0.STS\lib\</path>
         <kind>archive</kind>
         <file>rts430x_lc_ld_eabi.lib</file>
         <name>pre_init.c.obj</name>
      </input_file>
      <input_file id="fl-8e">
         <path>C:\ti\ccs910\ccs\tools\compiler\ti-cgt-msp430_19.6.0.STS\lib\</path>
         <kind>archive</kind>
         <file>rts430x_lc_ld_eabi.lib</file>
         <name>atoi.c.obj</name>
      </input_file>
      <input_file id="fl-8f">
         <path>C:\ti\ccs910\ccs\tools\compiler\ti-cgt-msp430_19.6.0.STS\lib\</path>
         <kind>archive</kind>
         <file>rts430x_lc_ld_eabi.lib</file>
         <name>ctype.c.obj</name>
      </input_file>
      <input_file id="fl-90">
         <path>C:\ti\ccs910\ccs\tools\compiler\ti-cgt-msp430_19.6.0.STS\lib\</path>
         <kind>archive</kind>
         <file>rts430x_lc_ld_eabi.lib</file>
         <name>cpy_tbl.c.obj</name>
      </input_file>
      <input_file id="fl-91">
         <path>C:\ti\ccs910\ccs\tools\compiler\ti-cgt-msp430_19.6.0.STS\lib\</path>
         <kind>archive</kind>
         <file>rts430x_lc_ld_eabi.lib</file>
         <name>exit.c.obj</name>
      </input_file>
      <input_file id="fl-92">
         <path>C:\ti\ccs910\ccs\tools\compiler\ti-cgt-msp430_19.6.0.STS\lib\</path>
         <kind>archive</kind>
         <file>rts430x_lc_ld_eabi.lib</file>
         <name>exit_gvars.c.obj</name>
      </input_file>
      <input_file id="fl-93">
         <path>C:\ti\ccs910\ccs\tools\compiler\ti-cgt-msp430_19.6.0.STS\lib\</path>
         <kind>archive</kind>
         <file>rts430x_lc_ld_eabi.lib</file>
         <name>_lock.c.obj</name>
      </input_file>
      <input_file id="fl-94">
         <path>C:\ti\ccs910\ccs\tools\compiler\ti-cgt-msp430_19.6.0.STS\lib\</path>
         <kind>archive</kind>
         <file>rts430x_lc_ld_eabi.lib</file>
         <name>memory.c.obj</name>
      </input_file>
      <input_file id="fl-95">
         <path>C:\ti\ccs910\ccs\tools\compiler\ti-cgt-msp430_19.6.0.STS\lib\</path>
         <kind>archive</kind>
         <file>rts430x_lc_ld_eabi.lib</file>
         <name>memcmp.c.obj</name>
      </input_file>
      <input_file id="fl-96">
         <path>C:\ti\ccs910\ccs\tools\compiler\ti-cgt-msp430_19.6.0.STS\lib\</path>
         <kind>archive</kind>
         <file>rts430x_lc_ld_eabi.lib</file>
         <name>memcpy.c.obj</name>
      </input_file>
      <input_file id="fl-97">
         <path>C:\ti\ccs910\ccs\tools\compiler\ti-cgt-msp430_19.6.0.STS\lib\</path>
         <kind>archive</kind>
         <file>rts430x_lc_ld_eabi.lib</file>
         <name>memmov.c.obj</name>
      </input_file>
      <input_file id="fl-98">
         <path>C:\ti\ccs910\ccs\tools\compiler\ti-cgt-msp430_19.6.0.STS\lib\</path>
         <kind>archive</kind>
         <file>rts430x_lc_ld_eabi.lib</file>
         <name>memset.c.obj</name>
      </input_file>
      <input_file id="fl-99">
         <path>C:\ti\ccs910\ccs\tools\compiler\ti-cgt-msp430_19.6.0.STS\lib\</path>
         <kind>archive</kind>
         <file>rts430x_lc_ld_eabi.lib</file>
         <name>strchr.c.obj</name>
      </input_file>
      <input_file id="fl-9a">
         <path>C:\ti\ccs910\ccs\tools\compiler\ti-cgt-msp430_19.6.0.STS\lib\</path>
         <kind>archive</kind>
         <file>rts430x_lc_ld_eabi.lib</file>
         <name>strcmp.c.obj</name>
      </input_file>
      <input_file id="fl-9b">
         <path>C:\ti\ccs910\ccs\tools\compiler\ti-cgt-msp430_19.6.0.STS\lib\</path>
         <kind>archive</kind>
         <file>rts430x_lc_ld_eabi.lib</file>
         <name>strcpy.c.obj</name>
      </input_file>
      <input_file id="fl-9c">
         <path>C:\ti\ccs910\ccs\tools\compiler\ti-cgt-msp430_19.6.0.STS\lib\</path>
         <kind>archive</kind>
         <file>rts430x_lc_ld_eabi.lib</file>
         <name>strlen.c.obj</name>
      </input_file>
      <input_file id="fl-9d">
         <path>C:\ti\ccs910\ccs\tools\compiler\ti-cgt-msp430_19.6.0.STS\lib\</path>
         <kind>archive</kind>
         <file>rts430x_lc_ld_eabi.lib</file>
         <name>strncmp.c.obj</name>
      </input_file>
      <input_file id="fl-9e">
         <path>C:\ti\ccs910\ccs\tools\compiler\ti-cgt-msp430_19.6.0.STS\lib\</path>
         <kind>archive</kind>
         <file>rts430x_lc_ld_eabi.lib</file>
         <name>strstr.c.obj</name>
      </input_file>
      <input_file id="fl-9f">
         <path>C:\ti\ccs910\ccs\tools\compiler\ti-cgt-msp430_19.6.0.STS\lib\</path>
         <kind>archive</kind>
         <file>rts430x_lc_ld_eabi.lib</file>
         <name>tolower.c.obj</name>
      </input_file>
      <input_file id="fl-a0">
         <path>C:\ti\ccs910\ccs\tools\compiler\ti-cgt-msp430_19.6.0.STS\lib\</path>
         <kind>archive</kind>
         <file>rts430x_lc_ld_eabi.lib</file>
         <name>vsnprintf.c.obj</name>
      </input_file>
      <input_file id="fl-a1">
         <path>C:\ti\ccs910\ccs\tools\compiler\ti-cgt-msp430_19.6.0.STS\lib\</path>
         <kind>archive</kind>
         <file>rts430x_lc_ld_eabi.lib</file>
         <name>_printfi_min.c.obj</name>
      </input_file>
      <input_file id="fl-a2">
         <path>C:\ti\ccs910\ccs\tools\compiler\ti-cgt-msp430_19.6.0.STS\lib\</path>
         <kind>archive</kind>
         <file>rts430x_lc_ld_eabi.lib</file>
         <name>memccpy.c.obj</name>
      </input_file>
   </input_file_list>
   <object_component_list>
      <object_component id="oc-484">
         <name>.sysmem</name>
         <load_address>0x8000</load_address>
         <run_address>0x8000</run_address>
         <size>0x8</size>
         <input_file_ref idref="fl-94"/>
      </object_component>
      <object_component id="oc-b89">
         <name>.sysmem</name>
         <load_address>0x8000</load_address>
         <run_address>0x8000</run_address>
         <size>0x0</size>
      </object_component>
      <object_component id="oc-b87">
         <name>.cinit..data.load</name>
         <load_address>0x9000</load_address>
         <run_address>0x9000</run_address>
         <size>0xd8</size>
      </object_component>
      <object_component id="oc-b84">
         <name>__TI_handler_table</name>
         <load_address>0x90da</load_address>
         <run_address>0x90da</run_address>
         <size>0xc</size>
      </object_component>
      <object_component id="oc-b86">
         <name>.cinit..bss.load</name>
         <load_address>0x90e6</load_address>
         <run_address>0x90e6</run_address>
         <size>0x6</size>
      </object_component>
      <object_component id="oc-b85">
         <name>__TI_cinit_table</name>
         <load_address>0x90ec</load_address>
         <run_address>0x90ec</run_address>
         <size>0x10</size>
      </object_component>
      <object_component id="oc-b24">
         <name>.binit</name>
         <load_address>0x90fc</load_address>
         <run_address>0x90fc</run_address>
         <size>0x0</size>
      </object_component>
      <object_component id="oc-79e">
         <name>.const:.string</name>
         <load_address>0x90fc</load_address>
         <run_address>0x90fc</run_address>
         <size>0x1b0</size>
         <input_file_ref idref="fl-24"/>
      </object_component>
      <object_component id="oc-a2b">
         <name>.const:.string:_ctypes_</name>
         <load_address>0x92ac</load_address>
         <run_address>0x92ac</run_address>
         <size>0x101</size>
         <input_file_ref idref="fl-8f"/>
      </object_component>
      <object_component id="oc-6df">
         <name>.const:.string</name>
         <load_address>0x93ae</load_address>
         <run_address>0x93ae</run_address>
         <size>0xa6</size>
         <input_file_ref idref="fl-2"/>
      </object_component>
      <object_component id="oc-7d2">
         <name>.const:.string</name>
         <load_address>0x9454</load_address>
         <run_address>0x9454</run_address>
         <size>0x7e</size>
         <input_file_ref idref="fl-23"/>
      </object_component>
      <object_component id="oc-a88">
         <name>.const:rounders</name>
         <load_address>0x94d2</load_address>
         <run_address>0x94d2</run_address>
         <size>0x58</size>
         <input_file_ref idref="fl-1f"/>
      </object_component>
      <object_component id="oc-951">
         <name>.const:.string</name>
         <load_address>0x952a</load_address>
         <run_address>0x952a</run_address>
         <size>0x2a</size>
         <input_file_ref idref="fl-21"/>
      </object_component>
      <object_component id="oc-9fd">
         <name>.const:.string</name>
         <load_address>0x9554</load_address>
         <run_address>0x9554</run_address>
         <size>0x20</size>
         <input_file_ref idref="fl-1d"/>
      </object_component>
      <object_component id="oc-9a4">
         <name>.const:$P$T0$1</name>
         <load_address>0x9574</load_address>
         <run_address>0x9574</run_address>
         <size>0x1c</size>
         <input_file_ref idref="fl-1d"/>
      </object_component>
      <object_component id="oc-75e">
         <name>.const:GPIO_PORT_TO_BASE</name>
         <load_address>0x9590</load_address>
         <run_address>0x9590</run_address>
         <size>0x1c</size>
         <input_file_ref idref="fl-d"/>
      </object_component>
      <object_component id="oc-9ce">
         <name>.const:.string</name>
         <load_address>0x95ac</load_address>
         <run_address>0x95ac</run_address>
         <size>0x14</size>
         <input_file_ref idref="fl-a1"/>
      </object_component>
      <object_component id="oc-6a7">
         <name>.const:$P$T1$2</name>
         <load_address>0x95c0</load_address>
         <run_address>0x95c0</run_address>
         <size>0x10</size>
         <input_file_ref idref="fl-3"/>
      </object_component>
      <object_component id="oc-652">
         <name>.const:$P$T0$1</name>
         <load_address>0x95d0</load_address>
         <run_address>0x95d0</run_address>
         <size>0xe</size>
         <input_file_ref idref="fl-3"/>
      </object_component>
      <object_component id="oc-aba">
         <name>.const</name>
         <load_address>0x95de</load_address>
         <run_address>0x95de</run_address>
         <size>0x2</size>
         <input_file_ref idref="fl-1b"/>
      </object_component>
      <object_component id="oc-af2">
         <name>.text:__TI_frcdivd</name>
         <load_address>0x95e0</load_address>
         <run_address>0x95e0</run_address>
         <size>0x466</size>
         <input_file_ref idref="fl-6c"/>
      </object_component>
      <object_component id="oc-a4c">
         <name>.text:JNtoA</name>
         <load_address>0x9a46</load_address>
         <run_address>0x9a46</run_address>
         <size>0x38a</size>
         <input_file_ref idref="fl-1f"/>
      </object_component>
      <object_component id="oc-a63">
         <name>.text:JAtoN</name>
         <load_address>0x9dd0</load_address>
         <run_address>0x9dd0</run_address>
         <size>0x304</size>
         <input_file_ref idref="fl-1b"/>
      </object_component>
      <object_component id="oc-a8b">
         <name>.text:__mspabi_addd</name>
         <load_address>0xa0d4</load_address>
         <run_address>0xa0d4</run_address>
         <size>0x2e0</size>
         <input_file_ref idref="fl-65"/>
      </object_component>
      <object_component id="oc-a24">
         <name>.text:parse_string</name>
         <load_address>0xa3b4</load_address>
         <run_address>0xa3b4</run_address>
         <size>0x296</size>
         <input_file_ref idref="fl-1d"/>
      </object_component>
      <object_component id="oc-a7a">
         <name>.text:__TI_frcmpyd</name>
         <load_address>0xa64a</load_address>
         <run_address>0xa64a</run_address>
         <size>0x280</size>
         <input_file_ref idref="fl-78"/>
      </object_component>
      <object_component id="oc-a46">
         <name>.text:__mspabi_mpyd</name>
         <load_address>0xa8ca</load_address>
         <run_address>0xa8ca</run_address>
         <size>0x266</size>
         <input_file_ref idref="fl-77"/>
      </object_component>
      <object_component id="oc-ad7">
         <name>.text:__TI_frcaddd</name>
         <load_address>0xab30</load_address>
         <run_address>0xab30</run_address>
         <size>0x248</size>
         <input_file_ref idref="fl-66"/>
      </object_component>
      <object_component id="oc-6d8">
         <name>.text:serialNoteTransaction</name>
         <load_address>0xad78</load_address>
         <run_address>0xad78</run_address>
         <size>0x232</size>
         <input_file_ref idref="fl-24"/>
      </object_component>
      <object_component id="oc-ac0">
         <name>.text:__mspabi_divd</name>
         <load_address>0xafaa</load_address>
         <run_address>0xafaa</run_address>
         <size>0x222</size>
         <input_file_ref idref="fl-6b"/>
      </object_component>
      <object_component id="oc-9f1">
         <name>.text:print_object</name>
         <load_address>0xb1cc</load_address>
         <run_address>0xb1cc</run_address>
         <size>0x1fc</size>
         <input_file_ref idref="fl-1d"/>
      </object_component>
      <object_component id="oc-9b6">
         <name>.text:parse_value</name>
         <load_address>0xb3c8</load_address>
         <run_address>0xb3c8</run_address>
         <size>0x1d8</size>
         <input_file_ref idref="fl-1d"/>
      </object_component>
      <object_component id="oc-a53">
         <name>.text:print_string_ptr</name>
         <load_address>0xb5a0</load_address>
         <run_address>0xb5a0</run_address>
         <size>0x1c0</size>
         <input_file_ref idref="fl-1d"/>
      </object_component>
      <object_component id="oc-a12">
         <name>.text:parse_object</name>
         <load_address>0xb760</load_address>
         <run_address>0xb760</run_address>
         <size>0x1b4</size>
         <input_file_ref idref="fl-1d"/>
      </object_component>
      <object_component id="oc-675">
         <name>.text:aligned_alloc</name>
         <load_address>0xb914</load_address>
         <run_address>0xb914</run_address>
         <size>0x190</size>
         <input_file_ref idref="fl-94"/>
      </object_component>
      <object_component id="oc-a1e">
         <name>.text:parse_number</name>
         <load_address>0xbaa4</load_address>
         <run_address>0xbaa4</run_address>
         <size>0x186</size>
         <input_file_ref idref="fl-1d"/>
      </object_component>
      <object_component id="oc-980">
         <name>.text:_setfield</name>
         <load_address>0xbc2a</load_address>
         <run_address>0xbc2a</run_address>
         <size>0x17c</size>
         <input_file_ref idref="fl-a1"/>
      </object_component>
      <object_component id="oc-954">
         <name>.text:JParseWithOpts</name>
         <load_address>0xbda6</load_address>
         <run_address>0xbda6</run_address>
         <size>0x14a</size>
         <input_file_ref idref="fl-1d"/>
      </object_component>
      <object_component id="oc-a18">
         <name>.text:parse_array</name>
         <load_address>0xbef0</load_address>
         <run_address>0xbef0</run_address>
         <size>0x14a</size>
         <input_file_ref idref="fl-1d"/>
      </object_component>
      <object_component id="oc-9df">
         <name>.text:print_number</name>
         <load_address>0xc03a</load_address>
         <run_address>0xc03a</run_address>
         <size>0x148</size>
         <input_file_ref idref="fl-1d"/>
      </object_component>
      <object_component id="oc-a6a">
         <name>.text:utf16_literal_to_utf8</name>
         <load_address>0xc182</load_address>
         <run_address>0xc182</run_address>
         <size>0x144</size>
         <input_file_ref idref="fl-1d"/>
      </object_component>
      <object_component id="oc-5a0">
         <name>.text:free</name>
         <load_address>0xc2c6</load_address>
         <run_address>0xc2c6</run_address>
         <size>0x13c</size>
         <input_file_ref idref="fl-94"/>
      </object_component>
      <object_component id="oc-5dc">
         <name>.text:loop</name>
         <load_address>0xc402</load_address>
         <run_address>0xc402</run_address>
         <size>0x138</size>
         <input_file_ref idref="fl-2"/>
      </object_component>
      <object_component id="oc-9f7">
         <name>.text:ensure</name>
         <load_address>0xc53a</load_address>
         <run_address>0xc53a</run_address>
         <size>0x136</size>
         <input_file_ref idref="fl-1d"/>
      </object_component>
      <object_component id="oc-948">
         <name>.text:print</name>
         <load_address>0xc670</load_address>
         <run_address>0xc670</run_address>
         <size>0x11e</size>
         <input_file_ref idref="fl-1d"/>
      </object_component>
      <object_component id="oc-997">
         <name>.text:print_value</name>
         <load_address>0xc78e</load_address>
         <run_address>0xc78e</run_address>
         <size>0xfc</size>
         <input_file_ref idref="fl-1d"/>
      </object_component>
      <object_component id="oc-7e6">
         <name>.text:NoteTransaction</name>
         <load_address>0xc88a</load_address>
         <run_address>0xc88a</run_address>
         <size>0xf2</size>
         <input_file_ref idref="fl-23"/>
      </object_component>
      <object_component id="oc-921">
         <name>.text:__TI_printfi_minimal</name>
         <load_address>0xc97c</load_address>
         <run_address>0xc97c</run_address>
         <size>0xe4</size>
         <input_file_ref idref="fl-a1"/>
      </object_component>
      <object_component id="oc-ac7">
         <name>.text:parse_hex4</name>
         <load_address>0xca60</load_address>
         <run_address>0xca60</run_address>
         <size>0xe4</size>
         <input_file_ref idref="fl-1d"/>
      </object_component>
      <object_component id="oc-9cf">
         <name>.text:_pproc_diouxp</name>
         <load_address>0xcb44</load_address>
         <run_address>0xcb44</run_address>
         <size>0xda</size>
         <input_file_ref idref="fl-a1"/>
      </object_component>
      <object_component id="oc-9eb">
         <name>.text:print_array</name>
         <load_address>0xcc1e</load_address>
         <run_address>0xcc1e</run_address>
         <size>0xda</size>
         <input_file_ref idref="fl-1d"/>
      </object_component>
      <object_component id="oc-8ee">
         <name>.text:__mspabi_cmpd</name>
         <load_address>0xccf8</load_address>
         <run_address>0xccf8</run_address>
         <size>0xd8</size>
         <input_file_ref idref="fl-68"/>
      </object_component>
      <object_component id="oc-6d2">
         <name>.text:serialNoteReset</name>
         <load_address>0xcdd0</load_address>
         <run_address>0xcdd0</run_address>
         <size>0xcc</size>
         <input_file_ref idref="fl-24"/>
      </object_component>
      <object_component id="oc-76a">
         <name>.text:split</name>
         <load_address>0xce9c</load_address>
         <run_address>0xce9c</run_address>
         <size>0xba</size>
         <input_file_ref idref="fl-94"/>
      </object_component>
      <object_component id="oc-b07">
         <name>.text:__TI_renormd</name>
         <load_address>0xcf56</load_address>
         <run_address>0xcf56</run_address>
         <size>0xb2</size>
         <input_file_ref idref="fl-67"/>
      </object_component>
      <object_component id="oc-58e">
         <name>.text:init_CS</name>
         <load_address>0xd008</load_address>
         <run_address>0xd008</run_address>
         <size>0xb2</size>
         <input_file_ref idref="fl-3"/>
      </object_component>
      <object_component id="oc-a91">
         <name>.text:__mspabi_fltlid</name>
         <load_address>0xd0ba</load_address>
         <run_address>0xd0ba</run_address>
         <size>0x9e</size>
         <input_file_ref idref="fl-74"/>
      </object_component>
      <object_component id="oc-6aa">
         <name>.text:EUSCI_A_UART_init</name>
         <load_address>0xd158</load_address>
         <run_address>0xd158</run_address>
         <size>0x9a</size>
         <input_file_ref idref="fl-9"/>
      </object_component>
      <object_component id="oc-5b8">
         <name>.text:noteSerialReset</name>
         <load_address>0xd1f2</load_address>
         <run_address>0xd1f2</run_address>
         <size>0x94</size>
         <input_file_ref idref="fl-3"/>
      </object_component>
      <object_component id="oc-822">
         <name>.text:JCreateNumber</name>
         <load_address>0xd286</load_address>
         <run_address>0xd286</run_address>
         <size>0x8c</size>
         <input_file_ref idref="fl-1d"/>
      </object_component>
      <object_component id="oc-829">
         <name>.text:__mspabi_fltuld</name>
         <load_address>0xd312</load_address>
         <run_address>0xd312</run_address>
         <size>0x80</size>
         <input_file_ref idref="fl-76"/>
      </object_component>
      <object_component id="oc-655">
         <name>.text:Timer_B_initUpMode</name>
         <load_address>0xd392</load_address>
         <run_address>0xd392</run_address>
         <size>0x7c</size>
         <input_file_ref idref="fl-18"/>
      </object_component>
      <object_component id="oc-607">
         <name>.text:__TI_auto_init_nobinit_nopinit_hold_wdt:__TI_auto_init_nobinit_nopinit_hold_wdt</name>
         <load_address>0xd40e</load_address>
         <run_address>0xd40e</run_address>
         <size>0x78</size>
         <input_file_ref idref="fl-8b"/>
      </object_component>
      <object_component id="oc-7de">
         <name>.text:add_item_to_object</name>
         <load_address>0xd486</load_address>
         <run_address>0xd486</run_address>
         <size>0x78</size>
         <input_file_ref idref="fl-1d"/>
      </object_component>
      <object_component id="oc-66">
         <name>.text:decompress:lzss:__TI_decompress_lzss</name>
         <load_address>0xd4fe</load_address>
         <run_address>0xd4fe</run_address>
         <size>0x76</size>
         <input_file_ref idref="fl-4c"/>
      </object_component>
      <object_component id="oc-69b">
         <name>.text:GPIO_setAsPeripheralModuleFunctionInputPin</name>
         <load_address>0xd574</load_address>
         <run_address>0xd574</run_address>
         <size>0x72</size>
         <input_file_ref idref="fl-d"/>
      </object_component>
      <object_component id="oc-6a1">
         <name>.text:GPIO_setAsPeripheralModuleFunctionOutputPin</name>
         <load_address>0xd5e6</load_address>
         <run_address>0xd5e6</run_address>
         <size>0x72</size>
         <input_file_ref idref="fl-d"/>
      </object_component>
      <object_component id="oc-866">
         <name>.text:vsnprintf</name>
         <load_address>0xd658</load_address>
         <run_address>0xd658</run_address>
         <size>0x6e</size>
         <input_file_ref idref="fl-a0"/>
      </object_component>
      <object_component id="oc-915">
         <name>.text:_outs</name>
         <load_address>0xd6c6</load_address>
         <run_address>0xd6c6</run_address>
         <size>0x6c</size>
         <input_file_ref idref="fl-a0"/>
      </object_component>
      <object_component id="oc-9aa">
         <name>.text:skip_utf8_bom</name>
         <load_address>0xd732</load_address>
         <run_address>0xd732</run_address>
         <size>0x68</size>
         <input_file_ref idref="fl-1d"/>
      </object_component>
      <object_component id="oc-973">
         <name>.text:__mspabi_fixdli</name>
         <load_address>0xd79a</load_address>
         <run_address>0xd79a</run_address>
         <size>0x66</size>
         <input_file_ref idref="fl-72"/>
      </object_component>
      <object_component id="oc-594">
         <name>.text:init_GPIO</name>
         <load_address>0xd800</load_address>
         <run_address>0xd800</run_address>
         <size>0x66</size>
         <input_file_ref idref="fl-3"/>
      </object_component>
      <object_component id="oc-701">
         <name>.text:JDelete</name>
         <load_address>0xd866</load_address>
         <run_address>0xd866</run_address>
         <size>0x62</size>
         <input_file_ref idref="fl-1d"/>
      </object_component>
      <object_component id="oc-9b0">
         <name>.text:buffer_skip_whitespace</name>
         <load_address>0xd8c8</load_address>
         <run_address>0xd8c8</run_address>
         <size>0x58</size>
         <input_file_ref idref="fl-1d"/>
      </object_component>
      <object_component id="oc-ae2">
         <name>.text</name>
         <load_address>0xd920</load_address>
         <run_address>0xd920</run_address>
         <size>0x58</size>
         <input_file_ref idref="fl-70"/>
      </object_component>
      <object_component id="oc-95c">
         <name>.text:case_insensitive_strcmp</name>
         <load_address>0xd978</load_address>
         <run_address>0xd978</run_address>
         <size>0x52</size>
         <input_file_ref idref="fl-1d"/>
      </object_component>
      <object_component id="oc-6fb">
         <name>.text:JGetNumber</name>
         <load_address>0xd9ca</load_address>
         <run_address>0xd9ca</run_address>
         <size>0x4a</size>
         <input_file_ref idref="fl-1e"/>
      </object_component>
      <object_component id="oc-986">
         <name>.text:_pproc_str</name>
         <load_address>0xda14</load_address>
         <run_address>0xda14</run_address>
         <size>0x48</size>
         <input_file_ref idref="fl-a1"/>
      </object_component>
      <object_component id="oc-8d6">
         <name>.text:get_object_item</name>
         <load_address>0xda5c</load_address>
         <run_address>0xda5c</run_address>
         <size>0x48</size>
         <input_file_ref idref="fl-1d"/>
      </object_component>
      <object_component id="oc-713">
         <name>.text:JAddNumberToObject</name>
         <load_address>0xdaa4</load_address>
         <run_address>0xdaa4</run_address>
         <size>0x46</size>
         <input_file_ref idref="fl-1d"/>
      </object_component>
      <object_component id="oc-68b">
         <name>.text:free_list_insert</name>
         <load_address>0xdaea</load_address>
         <run_address>0xdaea</run_address>
         <size>0x46</size>
         <input_file_ref idref="fl-94"/>
      </object_component>
      <object_component id="oc-7ec">
         <name>.text:JIsNullString</name>
         <load_address>0xdb30</load_address>
         <run_address>0xdb30</run_address>
         <size>0x42</size>
         <input_file_ref idref="fl-1e"/>
      </object_component>
      <object_component id="oc-a9d">
         <name>.text</name>
         <load_address>0xdb72</load_address>
         <run_address>0xdb72</run_address>
         <size>0x40</size>
         <input_file_ref idref="fl-6e"/>
      </object_component>
      <object_component id="oc-7d5">
         <name>.text:JCreateString</name>
         <load_address>0xdbb2</load_address>
         <run_address>0xdbb2</run_address>
         <size>0x3e</size>
         <input_file_ref idref="fl-1d"/>
      </object_component>
      <object_component id="oc-79f">
         <name>.text:NoteFnDebug</name>
         <load_address>0xdbf0</load_address>
         <run_address>0xdbf0</run_address>
         <size>0x3e</size>
         <input_file_ref idref="fl-21"/>
      </object_component>
      <object_component id="oc-732">
         <name>.text:l_asr_const</name>
         <load_address>0xdc2e</load_address>
         <run_address>0xdc2e</run_address>
         <size>0x3e</size>
         <input_file_ref idref="fl-83"/>
      </object_component>
      <object_component id="oc-8fb">
         <name>.text:l_lsl_const</name>
         <load_address>0xdc6c</load_address>
         <run_address>0xdc6c</run_address>
         <size>0x3e</size>
         <input_file_ref idref="fl-82"/>
      </object_component>
      <object_component id="oc-900">
         <name>.text:l_lsr_const</name>
         <load_address>0xdcaa</load_address>
         <run_address>0xdcaa</run_address>
         <size>0x3e</size>
         <input_file_ref idref="fl-85"/>
      </object_component>
      <object_component id="oc-5ca">
         <name>.text:noteSerialReceive</name>
         <load_address>0xdce8</load_address>
         <run_address>0xdce8</run_address>
         <size>0x3e</size>
         <input_file_ref idref="fl-3"/>
      </object_component>
      <object_component id="oc-6ec">
         <name>.text:NoteRequest</name>
         <load_address>0xdd26</load_address>
         <run_address>0xdd26</run_address>
         <size>0x3c</size>
         <input_file_ref idref="fl-23"/>
      </object_component>
      <object_component id="oc-556">
         <name>.text:__mpu_init</name>
         <load_address>0xdd62</load_address>
         <run_address>0xdd62</run_address>
         <size>0x3c</size>
         <input_file_ref idref="fl-89"/>
      </object_component>
      <object_component id="oc-544">
         <name>.text:main</name>
         <load_address>0xdd9e</load_address>
         <run_address>0xdd9e</run_address>
         <size>0x3c</size>
         <input_file_ref idref="fl-3"/>
      </object_component>
      <object_component id="oc-492">
         <name>.text:memcpy</name>
         <load_address>0xddda</load_address>
         <run_address>0xddda</run_address>
         <size>0x3c</size>
         <input_file_ref idref="fl-96"/>
      </object_component>
      <object_component id="oc-87e">
         <name>.text:Jstrdup</name>
         <load_address>0xde16</load_address>
         <run_address>0xde16</run_address>
         <size>0x3a</size>
         <input_file_ref idref="fl-1d"/>
      </object_component>
      <object_component id="oc-aaa">
         <name>.text:htoa16</name>
         <load_address>0xde50</load_address>
         <run_address>0xde50</run_address>
         <size>0x3a</size>
         <input_file_ref idref="fl-1d"/>
      </object_component>
      <object_component id="oc-707">
         <name>.text:JAddBoolToObject</name>
         <load_address>0xde8a</load_address>
         <run_address>0xde8a</run_address>
         <size>0x38</size>
         <input_file_ref idref="fl-1d"/>
      </object_component>
      <object_component id="oc-6e6">
         <name>.text:JAddStringToObject</name>
         <load_address>0xdec2</load_address>
         <run_address>0xdec2</run_address>
         <size>0x38</size>
         <input_file_ref idref="fl-1d"/>
      </object_component>
      <object_component id="oc-a0a">
         <name>.text:strncmp</name>
         <load_address>0xdefa</load_address>
         <run_address>0xdefa</run_address>
         <size>0x38</size>
         <input_file_ref idref="fl-9d"/>
      </object_component>
      <object_component id="oc-8b0">
         <name>.text:errDoc</name>
         <load_address>0xdf32</load_address>
         <run_address>0xdf32</run_address>
         <size>0x36</size>
         <input_file_ref idref="fl-23"/>
      </object_component>
      <object_component id="oc-5be">
         <name>.text:noteSerialTransmit</name>
         <load_address>0xdf68</load_address>
         <run_address>0xdf68</run_address>
         <size>0x36</size>
         <input_file_ref idref="fl-3"/>
      </object_component>
      <object_component id="oc-662">
         <name>.text:GPIO_setAsOutputPin</name>
         <load_address>0xdf9e</load_address>
         <run_address>0xdf9e</run_address>
         <size>0x34</size>
         <input_file_ref idref="fl-d"/>
      </object_component>
      <object_component id="oc-50d">
         <name>.text:EUSCI_B_I2C_masterSendMultiByteFinish</name>
         <load_address>0xdfd2</load_address>
         <run_address>0xdfd2</run_address>
         <size>0x32</size>
         <input_file_ref idref="fl-a"/>
      </object_component>
      <object_component id="oc-a97">
         <name>.text:__mspabi_subd</name>
         <load_address>0xe004</load_address>
         <run_address>0xe004</run_address>
         <size>0x32</size>
         <input_file_ref idref="fl-87"/>
      </object_component>
      <object_component id="oc-5d6">
         <name>.text:setup</name>
         <load_address>0xe036</load_address>
         <run_address>0xe036</run_address>
         <size>0x30</size>
         <input_file_ref idref="fl-2"/>
      </object_component>
      <object_component id="oc-a82">
         <name>.text:__mspabi_negd</name>
         <load_address>0xe066</load_address>
         <run_address>0xe066</run_address>
         <size>0x2e</size>
         <input_file_ref idref="fl-80"/>
      </object_component>
      <object_component id="oc-91b">
         <name>.text:_outc</name>
         <load_address>0xe094</load_address>
         <run_address>0xe094</run_address>
         <size>0x2e</size>
         <input_file_ref idref="fl-a0"/>
      </object_component>
      <object_component id="oc-892">
         <name>.text:add_item_to_array</name>
         <load_address>0xe0c2</load_address>
         <run_address>0xe0c2</run_address>
         <size>0x2e</size>
         <input_file_ref idref="fl-1d"/>
      </object_component>
      <object_component id="oc-6f5">
         <name>.text:NoteRequestResponse</name>
         <load_address>0xe0f0</load_address>
         <run_address>0xe0f0</run_address>
         <size>0x2c</size>
         <input_file_ref idref="fl-23"/>
      </object_component>
      <object_component id="oc-5a6">
         <name>.text:delay</name>
         <load_address>0xe11c</load_address>
         <run_address>0xe11c</run_address>
         <size>0x2a</size>
         <input_file_ref idref="fl-3"/>
      </object_component>
      <object_component id="oc-685">
         <name>.text:free_list_remove</name>
         <load_address>0xe146</load_address>
         <run_address>0xe146</run_address>
         <size>0x2a</size>
         <input_file_ref idref="fl-94"/>
      </object_component>
      <object_component id="oc-5d0">
         <name>.text:NoteSetFnSerial</name>
         <load_address>0xe170</load_address>
         <run_address>0xe170</run_address>
         <size>0x28</size>
         <input_file_ref idref="fl-21"/>
      </object_component>
      <object_component id="oc-8f4">
         <name>.text:__mspabi_fixdi</name>
         <load_address>0xe198</load_address>
         <run_address>0xe198</run_address>
         <size>0x28</size>
         <input_file_ref idref="fl-71"/>
      </object_component>
      <object_component id="oc-99d">
         <name>.text:update_offset</name>
         <load_address>0xe1c0</load_address>
         <run_address>0xe1c0</run_address>
         <size>0x28</size>
         <input_file_ref idref="fl-1d"/>
      </object_component>
      <object_component id="oc-81b">
         <name>.text:JNew_Item</name>
         <load_address>0xe1e8</load_address>
         <run_address>0xe1e8</run_address>
         <size>0x24</size>
         <input_file_ref idref="fl-1d"/>
      </object_component>
      <object_component id="oc-4b6">
         <name>.text:decompress:ZI:__TI_zero_init_nomemset:__TI_zero_init_nomemset</name>
         <load_address>0xe20c</load_address>
         <run_address>0xe20c</run_address>
         <size>0x24</size>
         <input_file_ref idref="fl-64"/>
      </object_component>
      <object_component id="oc-ab5">
         <name>.text</name>
         <load_address>0xe230</load_address>
         <run_address>0xe230</run_address>
         <size>0x24</size>
         <input_file_ref idref="fl-7c"/>
      </object_component>
      <object_component id="oc-6bc">
         <name>.text:EUSCI_A_UART_enableInterrupt</name>
         <load_address>0xe254</load_address>
         <run_address>0xe254</run_address>
         <size>0x22</size>
         <input_file_ref idref="fl-9"/>
      </object_component>
      <object_component id="oc-6c9">
         <name>.text:EUSCI_A_UART_transmitData</name>
         <load_address>0xe276</load_address>
         <run_address>0xe276</run_address>
         <size>0x22</size>
         <input_file_ref idref="fl-9"/>
      </object_component>
      <object_component id="oc-513">
         <name>.text:EUSCI_B_I2C_masterSendMultiByteNext</name>
         <load_address>0xe298</load_address>
         <run_address>0xe298</run_address>
         <size>0x22</size>
         <input_file_ref idref="fl-a"/>
      </object_component>
      <object_component id="oc-80f">
         <name>.text:JCreateBool</name>
         <load_address>0xe2ba</load_address>
         <run_address>0xe2ba</run_address>
         <size>0x22</size>
         <input_file_ref idref="fl-1d"/>
      </object_component>
      <object_component id="oc-8e7">
         <name>.text:memset</name>
         <load_address>0xe2dc</load_address>
         <run_address>0xe2dc</run_address>
         <size>0x20</size>
         <input_file_ref idref="fl-98"/>
      </object_component>
      <object_component id="oc-7b7">
         <name>.text:NoteFnSerialAvailable</name>
         <load_address>0xe2fc</load_address>
         <run_address>0xe2fc</run_address>
         <size>0x1e</size>
         <input_file_ref idref="fl-21"/>
      </object_component>
      <object_component id="oc-7b1">
         <name>.text:NoteFnSerialReceive</name>
         <load_address>0xe31a</load_address>
         <run_address>0xe31a</run_address>
         <size>0x1e</size>
         <input_file_ref idref="fl-21"/>
      </object_component>
      <object_component id="oc-6e0">
         <name>.text:NoteNewRequest</name>
         <load_address>0xe338</load_address>
         <run_address>0xe338</run_address>
         <size>0x1e</size>
         <input_file_ref idref="fl-23"/>
      </object_component>
      <object_component id="oc-9d5">
         <name>.text:memccpy</name>
         <load_address>0xe356</load_address>
         <run_address>0xe356</run_address>
         <size>0x1e</size>
         <input_file_ref idref="fl-a2"/>
      </object_component>
      <object_component id="oc-668">
         <name>.text:GPIO_setOutputLowOnPin</name>
         <load_address>0xe374</load_address>
         <run_address>0xe374</run_address>
         <size>0x1c</size>
         <input_file_ref idref="fl-d"/>
      </object_component>
      <object_component id="oc-8cf">
         <name>.text:JIsString</name>
         <load_address>0xe390</load_address>
         <run_address>0xe390</run_address>
         <size>0x1c</size>
         <input_file_ref idref="fl-1d"/>
      </object_component>
      <object_component id="oc-aa2">
         <name>.text:strchr</name>
         <load_address>0xe3ac</load_address>
         <run_address>0xe3ac</run_address>
         <size>0x1c</size>
         <input_file_ref idref="fl-99"/>
      </object_component>
      <object_component id="oc-962">
         <name>.text:strcmp</name>
         <load_address>0xe3c8</load_address>
         <run_address>0xe3c8</run_address>
         <size>0x1c</size>
         <input_file_ref idref="fl-9a"/>
      </object_component>
      <object_component id="oc-806">
         <name>.text:JIsNumber</name>
         <load_address>0xe3e4</load_address>
         <run_address>0xe3e4</run_address>
         <size>0x1a</size>
         <input_file_ref idref="fl-1d"/>
      </object_component>
      <object_component id="oc-798">
         <name>.text:NoteFnSerialReset</name>
         <load_address>0xe3fe</load_address>
         <run_address>0xe3fe</run_address>
         <size>0x1a</size>
         <input_file_ref idref="fl-21"/>
      </object_component>
      <object_component id="oc-7a5">
         <name>.text:NoteFnSerialTransmit</name>
         <load_address>0xe418</load_address>
         <run_address>0xe418</run_address>
         <size>0x1a</size>
         <input_file_ref idref="fl-21"/>
      </object_component>
      <object_component id="oc-89e">
         <name>.text:NoteReset</name>
         <load_address>0xe432</load_address>
         <run_address>0xe432</run_address>
         <size>0x1a</size>
         <input_file_ref idref="fl-23"/>
      </object_component>
      <object_component id="oc-848">
         <name>.text</name>
         <load_address>0xe44c</load_address>
         <run_address>0xe44c</run_address>
         <size>0x18</size>
         <input_file_ref idref="fl-7a"/>
      </object_component>
      <object_component id="oc-64c">
         <name>.text:WDT_A_hold</name>
         <load_address>0xe464</load_address>
         <run_address>0xe464</run_address>
         <size>0x16</size>
         <input_file_ref idref="fl-1a"/>
      </object_component>
      <object_component id="oc-6c">
         <name>.text:decompress:none:__TI_decompress_none</name>
         <load_address>0xe47a</load_address>
         <run_address>0xe47a</run_address>
         <size>0x16</size>
         <input_file_ref idref="fl-4d"/>
      </object_component>
      <object_component id="oc-67f">
         <name>.text:heap_start</name>
         <load_address>0xe490</load_address>
         <run_address>0xe490</run_address>
         <size>0x16</size>
         <input_file_ref idref="fl-94"/>
      </object_component>
      <object_component id="oc-5c4">
         <name>.text:noteSerialAvailable</name>
         <load_address>0xe4a6</load_address>
         <run_address>0xe4a6</run_address>
         <size>0x16</size>
         <input_file_ref idref="fl-3"/>
      </object_component>
      <object_component id="oc-a33">
         <name>.text</name>
         <load_address>0xe4bc</load_address>
         <run_address>0xe4bc</run_address>
         <size>0x16</size>
         <input_file_ref idref="fl-6f"/>
      </object_component>
      <object_component id="oc-70d">
         <name>.text:JCreateObject</name>
         <load_address>0xe4d2</load_address>
         <run_address>0xe4d2</run_address>
         <size>0x14</size>
         <input_file_ref idref="fl-1d"/>
      </object_component>
      <object_component id="oc-7ab">
         <name>.text:NoteFnGetMs</name>
         <load_address>0xe4e6</load_address>
         <run_address>0xe4e6</run_address>
         <size>0x14</size>
         <input_file_ref idref="fl-21"/>
      </object_component>
      <object_component id="oc-8bc">
         <name>.text:NoteFnTransaction</name>
         <load_address>0xe4fa</load_address>
         <run_address>0xe4fa</run_address>
         <size>0x14</size>
         <input_file_ref idref="fl-21"/>
      </object_component>
      <object_component id="oc-71f">
         <name>.text:JAddItemToObject</name>
         <load_address>0xe50e</load_address>
         <run_address>0xe50e</run_address>
         <size>0x12</size>
         <input_file_ref idref="fl-1d"/>
      </object_component>
      <object_component id="oc-7c4">
         <name>.text:NoteFnMalloc</name>
         <load_address>0xe520</load_address>
         <run_address>0xe520</run_address>
         <size>0x12</size>
         <input_file_ref idref="fl-21"/>
      </object_component>
      <object_component id="oc-940">
         <name>.text:NoteFnNoteReset</name>
         <load_address>0xe532</load_address>
         <run_address>0xe532</run_address>
         <size>0x12</size>
         <input_file_ref idref="fl-21"/>
      </object_component>
      <object_component id="oc-5b2">
         <name>.text:NoteSetFn</name>
         <load_address>0xe544</load_address>
         <run_address>0xe544</run_address>
         <size>0x12</size>
         <input_file_ref idref="fl-21"/>
      </object_component>
      <object_component id="oc-9fe">
         <name>.text:strcpy</name>
         <load_address>0xe556</load_address>
         <run_address>0xe556</run_address>
         <size>0x12</size>
         <input_file_ref idref="fl-9b"/>
      </object_component>
      <object_component id="oc-7be">
         <name>.text:strlen</name>
         <load_address>0xe568</load_address>
         <run_address>0xe568</run_address>
         <size>0x12</size>
         <input_file_ref idref="fl-9c"/>
      </object_component>
      <object_component id="oc-9bd">
         <name>.text:tolower</name>
         <load_address>0xe57a</load_address>
         <run_address>0xe57a</run_address>
         <size>0x12</size>
         <input_file_ref idref="fl-9f"/>
      </object_component>
      <object_component id="oc-b02">
         <name>.text:l_asr</name>
         <load_address>0xe58c</load_address>
         <run_address>0xe58c</run_address>
         <size>0x10</size>
         <input_file_ref idref="fl-83"/>
      </object_component>
      <object_component id="oc-afd">
         <name>.text:l_lsl</name>
         <load_address>0xe59c</load_address>
         <run_address>0xe59c</run_address>
         <size>0x10</size>
         <input_file_ref idref="fl-82"/>
      </object_component>
      <object_component id="oc-9c8">
         <name>.text:l_lsr</name>
         <load_address>0xe5ac</load_address>
         <run_address>0xe5ac</run_address>
         <size>0x10</size>
         <input_file_ref idref="fl-85"/>
      </object_component>
      <object_component id="oc-6b6">
         <name>.text:EUSCI_A_UART_clearInterrupt</name>
         <load_address>0xe5bc</load_address>
         <run_address>0xe5bc</run_address>
         <size>0xe</size>
         <input_file_ref idref="fl-9"/>
      </object_component>
      <object_component id="oc-792">
         <name>.text:NoteFnDelayMs</name>
         <load_address>0xe5ca</load_address>
         <run_address>0xe5ca</run_address>
         <size>0xe</size>
         <input_file_ref idref="fl-21"/>
      </object_component>
      <object_component id="oc-7ca">
         <name>.text:NoteFnFree</name>
         <load_address>0xe5d8</load_address>
         <run_address>0xe5d8</run_address>
         <size>0xe</size>
         <input_file_ref idref="fl-21"/>
      </object_component>
      <object_component id="oc-8a4">
         <name>.text:NoteFnLockNote</name>
         <load_address>0xe5e6</load_address>
         <run_address>0xe5e6</run_address>
         <size>0xe</size>
         <input_file_ref idref="fl-21"/>
      </object_component>
      <object_component id="oc-8b6">
         <name>.text:NoteFnUnlockNote</name>
         <load_address>0xe5f4</load_address>
         <run_address>0xe5f4</run_address>
         <size>0xe</size>
         <input_file_ref idref="fl-21"/>
      </object_component>
      <object_component id="oc-8aa">
         <name>.text:JPrintUnformatted</name>
         <load_address>0xe602</load_address>
         <run_address>0xe602</run_address>
         <size>0xc</size>
         <input_file_ref idref="fl-1d"/>
      </object_component>
      <object_component id="oc-59a">
         <name>.text:malloc</name>
         <load_address>0xe60e</load_address>
         <run_address>0xe60e</run_address>
         <size>0xc</size>
         <input_file_ref idref="fl-94"/>
      </object_component>
      <object_component id="oc-6c3">
         <name>.text:EUSCI_A_UART_queryStatusFlags</name>
         <load_address>0xe61a</load_address>
         <run_address>0xe61a</run_address>
         <size>0xa</size>
         <input_file_ref idref="fl-9"/>
      </object_component>
      <object_component id="oc-519">
         <name>.text:EUSCI_B_I2C_masterReceiveMultiByteNext</name>
         <load_address>0xe624</load_address>
         <run_address>0xe624</run_address>
         <size>0xa</size>
         <input_file_ref idref="fl-a"/>
      </object_component>
      <object_component id="oc-8c8">
         <name>.text:JParse</name>
         <load_address>0xe62e</load_address>
         <run_address>0xe62e</run_address>
         <size>0xa</size>
         <input_file_ref idref="fl-1d"/>
      </object_component>
      <object_component id="oc-5ac">
         <name>.text:millis</name>
         <load_address>0xe638</load_address>
         <run_address>0xe638</run_address>
         <size>0xa</size>
         <input_file_ref idref="fl-3"/>
      </object_component>
      <object_component id="oc-9e5">
         <name>.text:print_string</name>
         <load_address>0xe642</load_address>
         <run_address>0xe642</run_address>
         <size>0xa</size>
         <input_file_ref idref="fl-1d"/>
      </object_component>
      <object_component id="oc-937">
         <name>.text:suffix_object</name>
         <load_address>0xe64c</load_address>
         <run_address>0xe64c</run_address>
         <size>0xa</size>
         <input_file_ref idref="fl-1d"/>
      </object_component>
      <object_component id="oc-800">
         <name>.text:JGetObjectItem</name>
         <load_address>0xe656</load_address>
         <run_address>0xe656</run_address>
         <size>0x8</size>
         <input_file_ref idref="fl-1d"/>
      </object_component>
      <object_component id="oc-6b0">
         <name>.text:EUSCI_A_UART_enable</name>
         <load_address>0xe65e</load_address>
         <run_address>0xe65e</run_address>
         <size>0x6</size>
         <input_file_ref idref="fl-9"/>
      </object_component>
      <object_component id="oc-51f">
         <name>.text:EUSCI_B_I2C_masterReceiveMultiByteStop</name>
         <load_address>0xe664</load_address>
         <run_address>0xe664</run_address>
         <size>0x6</size>
         <input_file_ref idref="fl-a"/>
      </object_component>
      <object_component id="oc-8c2">
         <name>.text:JFree</name>
         <load_address>0xe66a</load_address>
         <run_address>0xe66a</run_address>
         <size>0x6</size>
         <input_file_ref idref="fl-1d"/>
      </object_component>
      <object_component id="oc-66e">
         <name>.text:PMM_unlockLPM5</name>
         <load_address>0xe670</load_address>
         <run_address>0xe670</run_address>
         <size>0x6</size>
         <input_file_ref idref="fl-11"/>
      </object_component>
      <object_component id="oc-52f">
         <name>.text:Timer_B_clearTimerInterrupt</name>
         <load_address>0xe676</load_address>
         <run_address>0xe676</run_address>
         <size>0x6</size>
         <input_file_ref idref="fl-18"/>
      </object_component>
      <object_component id="oc-65b">
         <name>.text:Timer_B_startCounter</name>
         <load_address>0xe67c</load_address>
         <run_address>0xe67c</run_address>
         <size>0x6</size>
         <input_file_ref idref="fl-18"/>
      </object_component>
      <object_component id="oc-719">
         <name>.text:__mspabi_fltud</name>
         <load_address>0xe682</load_address>
         <run_address>0xe682</run_address>
         <size>0x6</size>
         <input_file_ref idref="fl-75"/>
      </object_component>
      <object_component id="oc-5e3">
         <name>.text:abort</name>
         <load_address>0xe688</load_address>
         <run_address>0xe688</run_address>
         <size>0x6</size>
         <input_file_ref idref="fl-91"/>
      </object_component>
      <object_component id="oc-a40">
         <name>.text:get_decimal_point</name>
         <load_address>0xe68e</load_address>
         <run_address>0xe68e</run_address>
         <size>0x6</size>
         <input_file_ref idref="fl-1d"/>
      </object_component>
      <object_component id="oc-53e">
         <name>.text:_system_pre_init</name>
         <load_address>0xe694</load_address>
         <run_address>0xe694</run_address>
         <size>0x4</size>
         <input_file_ref idref="fl-8d"/>
      </object_component>
      <object_component id="oc-771">
         <name>.text:_nop</name>
         <load_address>0xe698</load_address>
         <run_address>0xe698</run_address>
         <size>0x2</size>
         <input_file_ref idref="fl-93"/>
      </object_component>
      <object_component id="oc-737">
         <name>.text:_system_post_cinit</name>
         <load_address>0xe69a</load_address>
         <run_address>0xe69a</run_address>
         <size>0x2</size>
         <input_file_ref idref="fl-8c"/>
      </object_component>
      <object_component id="oc-88c">
         <name>.text:cast_away_const</name>
         <load_address>0xe69c</load_address>
         <run_address>0xe69c</run_address>
         <size>0x2</size>
         <input_file_ref idref="fl-1d"/>
      </object_component>
      <object_component id="oc-4a4">
         <name>.text:_isr:USCI_B0_ISR</name>
         <load_address>0xe69e</load_address>
         <run_address>0xe69e</run_address>
         <size>0xba</size>
         <input_file_ref idref="fl-3"/>
      </object_component>
      <object_component id="oc-4aa">
         <name>.text:_isr:USCI_A1_ISR</name>
         <load_address>0xe758</load_address>
         <run_address>0xe758</run_address>
         <size>0x7e</size>
         <input_file_ref idref="fl-3"/>
      </object_component>
      <object_component id="oc-4e0">
         <name>.text:_isr:_c_int00_noargs_mpu</name>
         <load_address>0xe7d6</load_address>
         <run_address>0xe7d6</run_address>
         <size>0x20</size>
         <input_file_ref idref="fl-88"/>
      </object_component>
      <object_component id="oc-4b0">
         <name>.text:_isr:TIMER0_B1_ISR</name>
         <load_address>0xe7f6</load_address>
         <run_address>0xe7f6</run_address>
         <size>0x16</size>
         <input_file_ref idref="fl-3"/>
      </object_component>
      <object_component id="oc-49f">
         <name>.text:_isr:__TI_ISR_TRAP</name>
         <load_address>0xe80c</load_address>
         <run_address>0xe80c</run_address>
         <size>0x8</size>
         <input_file_ref idref="fl-4f"/>
      </object_component>
      <object_component id="oc-526">
         <name>.bss:serialBuffer</name>
         <uninitialized>true</uninitialized>
         <run_address>0x2000</run_address>
         <size>0x200</size>
         <input_file_ref idref="fl-3"/>
      </object_component>
      <object_component id="oc-50a">
         <name>.bss</name>
         <uninitialized>true</uninitialized>
         <run_address>0x2200</run_address>
         <size>0x4</size>
         <input_file_ref idref="fl-3"/>
      </object_component>
      <object_component id="oc-767">
         <name>.bss</name>
         <uninitialized>true</uninitialized>
         <run_address>0x2204</run_address>
         <size>0x4</size>
         <input_file_ref idref="fl-94"/>
      </object_component>
      <object_component id="oc-6f4">
         <name>.data</name>
         <load_address>0x22d4</load_address>
         <run_address>0x22d4</run_address>
         <size>0x2</size>
         <input_file_ref idref="fl-2"/>
      </object_component>
      <object_component id="oc-507">
         <name>.data</name>
         <load_address>0x22a4</load_address>
         <run_address>0x22a4</run_address>
         <size>0x14</size>
         <input_file_ref idref="fl-3"/>
      </object_component>
      <object_component id="oc-abd">
         <name>.data:powersOf10</name>
         <load_address>0x225c</load_address>
         <run_address>0x225c</run_address>
         <size>0x48</size>
         <input_file_ref idref="fl-1b"/>
      </object_component>
      <object_component id="oc-9a7">
         <name>.data:global_error</name>
         <load_address>0x22c4</load_address>
         <run_address>0x22c4</run_address>
         <size>0x8</size>
         <input_file_ref idref="fl-1d"/>
      </object_component>
      <object_component id="oc-7db">
         <name>.data:global_hooks</name>
         <load_address>0x22b8</load_address>
         <run_address>0x22b8</run_address>
         <size>0xc</size>
         <input_file_ref idref="fl-1d"/>
      </object_component>
      <object_component id="oc-697">
         <name>.data</name>
         <load_address>0x2208</load_address>
         <run_address>0x2208</run_address>
         <size>0x54</size>
         <input_file_ref idref="fl-21"/>
      </object_component>
      <object_component id="oc-89b">
         <name>.data</name>
         <load_address>0x22d8</load_address>
         <run_address>0x22d8</run_address>
         <size>0x1</size>
         <input_file_ref idref="fl-23"/>
      </object_component>
      <object_component id="oc-791">
         <name>.data</name>
         <load_address>0x22d9</load_address>
         <run_address>0x22d9</run_address>
         <size>0x1</size>
         <input_file_ref idref="fl-24"/>
      </object_component>
      <object_component id="oc-67c">
         <name>.data:_lock</name>
         <load_address>0x22cc</load_address>
         <run_address>0x22cc</run_address>
         <size>0x4</size>
         <input_file_ref idref="fl-93"/>
      </object_component>
      <object_component id="oc-691">
         <name>.data:_unlock</name>
         <load_address>0x22d0</load_address>
         <run_address>0x22d0</run_address>
         <size>0x4</size>
         <input_file_ref idref="fl-93"/>
      </object_component>
      <object_component id="oc-764">
         <name>.data</name>
         <load_address>0x22d6</load_address>
[...]
      </symbol>
      <symbol id="sm-aed">
         <name>serialNoteReset</name>
         <value>0xcdd0</value>
         <object_component_ref idref="oc-6d2"/>
      </symbol>
      <symbol id="sm-b11">
         <name>__TI_decompress_lzss</name>
         <value>0xd4fe</value>
         <object_component_ref idref="oc-66"/>
      </symbol>
      <symbol id="sm-b22">
         <name>__TI_decompress_none</name>
         <value>0xe47a</value>
         <object_component_ref idref="oc-6c"/>
      </symbol>
      <symbol id="sm-b25">
         <name>__TI_int22</name>
         <value>0xffce</value>
         <object_component_ref idref="oc-72"/>
      </symbol>
      <symbol id="sm-b2d">
         <name>__TI_ISR_TRAP</name>
         <value>0xe80c</value>
         <object_component_ref idref="oc-49f"/>
      </symbol>
      <symbol id="sm-b30">
         <name>__TI_int23</name>
         <value>0xffd0</value>
         <object_component_ref idref="oc-73"/>
      </symbol>
      <symbol id="sm-b33">
         <name>__TI_int24</name>
         <value>0xffd2</value>
         <object_component_ref idref="oc-74"/>
      </symbol>
      <symbol id="sm-b36">
         <name>__TI_int25</name>
         <value>0xffd4</value>
         <object_component_ref idref="oc-75"/>
      </symbol>
      <symbol id="sm-b39">
         <name>__TI_int26</name>
         <value>0xffd6</value>
         <object_component_ref idref="oc-76"/>
      </symbol>
      <symbol id="sm-b3c">
         <name>__TI_int27</name>
         <value>0xffd8</value>
         <object_component_ref idref="oc-77"/>
      </symbol>
      <symbol id="sm-b3f">
         <name>__TI_int28</name>
         <value>0xffda</value>
         <object_component_ref idref="oc-78"/>
      </symbol>
      <symbol id="sm-b42">
         <name>__TI_int29</name>
         <value>0xffdc</value>
         <object_component_ref idref="oc-79"/>
      </symbol>
      <symbol id="sm-b45">
         <name>__TI_int30</name>
         <value>0xffde</value>
         <object_component_ref idref="oc-7a"/>
      </symbol>
      <symbol id="sm-b48">
         <name>__TI_int33</name>
         <value>0xffe4</value>
         <object_component_ref idref="oc-7d"/>
      </symbol>
      <symbol id="sm-b4b">
         <name>__TI_int34</name>
         <value>0xffe6</value>
         <object_component_ref idref="oc-7e"/>
      </symbol>
      <symbol id="sm-b4e">
         <name>__TI_int35</name>
         <value>0xffe8</value>
         <object_component_ref idref="oc-7f"/>
      </symbol>
      <symbol id="sm-b51">
         <name>__TI_int36</name>
         <value>0xffea</value>
         <object_component_ref idref="oc-80"/>
      </symbol>
      <symbol id="sm-b54">
         <name>__TI_int37</name>
         <value>0xffec</value>
         <object_component_ref idref="oc-81"/>
      </symbol>
      <symbol id="sm-b57">
         <name>__TI_int38</name>
         <value>0xffee</value>
         <object_component_ref idref="oc-82"/>
      </symbol>
      <symbol id="sm-b5a">
         <name>__TI_int39</name>
         <value>0xfff0</value>
         <object_component_ref idref="oc-83"/>
      </symbol>
      <symbol id="sm-b5d">
         <name>__TI_int40</name>
         <value>0xfff2</value>
         <object_component_ref idref="oc-84"/>
      </symbol>
      <symbol id="sm-b60">
         <name>__TI_int41</name>
         <value>0xfff4</value>
         <object_component_ref idref="oc-85"/>
      </symbol>
      <symbol id="sm-b63">
         <name>__TI_int43</name>
         <value>0xfff8</value>
         <object_component_ref idref="oc-87"/>
      </symbol>
      <symbol id="sm-b66">
         <name>__TI_int44</name>
         <value>0xfffa</value>
         <object_component_ref idref="oc-88"/>
      </symbol>
      <symbol id="sm-b69">
         <name>__TI_int45</name>
         <value>0xfffc</value>
         <object_component_ref idref="oc-89"/>
      </symbol>
      <symbol id="sm-b7c">
         <name>__TI_zero_init_nomemset</name>
         <value>0xe20c</value>
         <object_component_ref idref="oc-4b6"/>
      </symbol>
      <symbol id="sm-ba3">
         <name>__mspabi_addd</name>
         <value>0xa0d4</value>
         <object_component_ref idref="oc-a8b"/>
      </symbol>
      <symbol id="sm-bc4">
         <name>__TI_frcaddd</name>
         <value>0xab30</value>
         <object_component_ref idref="oc-ad7"/>
      </symbol>
      <symbol id="sm-bd8">
         <name>__TI_renormd</name>
         <value>0xcf56</value>
         <object_component_ref idref="oc-b07"/>
      </symbol>
      <symbol id="sm-bf2">
         <name>__mspabi_cmpd</name>
         <value>0xccf8</value>
         <object_component_ref idref="oc-8ee"/>
      </symbol>
      <symbol id="sm-c15">
         <name>__mspabi_divd</name>
         <value>0xafaa</value>
         <object_component_ref idref="oc-ac0"/>
      </symbol>
      <symbol id="sm-c30">
         <name>__TI_frcdivd</name>
         <value>0x95e0</value>
         <object_component_ref idref="oc-af2"/>
      </symbol>
      <symbol id="sm-c3d">
         <name>__mspabi_remli</name>
         <value>0xdb72</value>
         <object_component_ref idref="oc-a9d"/>
      </symbol>
      <symbol id="sm-c3e">
         <name>__mspabi_divli</name>
         <value>0xdb72</value>
         <object_component_ref idref="oc-a9d"/>
      </symbol>
      <symbol id="sm-c48">
         <name>__mspabi_remu</name>
         <value>0xe4bc</value>
         <object_component_ref idref="oc-a33"/>
      </symbol>
      <symbol id="sm-c49">
         <name>__mspabi_divu</name>
         <value>0xe4bc</value>
         <object_component_ref idref="oc-a33"/>
      </symbol>
      <symbol id="sm-c57">
         <name>__mspabi_remul</name>
         <value>0xd920</value>
         <object_component_ref idref="oc-ae2"/>
      </symbol>
      <symbol id="sm-c58">
         <name>__mspabi_divul</name>
         <value>0xd920</value>
         <object_component_ref idref="oc-ae2"/>
      </symbol>
      <symbol id="sm-c65">
         <name>__mspabi_fixdi</name>
         <value>0xe198</value>
         <object_component_ref idref="oc-8f4"/>
      </symbol>
      <symbol id="sm-c74">
         <name>__mspabi_fixdli</name>
         <value>0xd79a</value>
         <object_component_ref idref="oc-973"/>
      </symbol>
      <symbol id="sm-c8d">
         <name>__mspabi_fltlid</name>
         <value>0xd0ba</value>
         <object_component_ref idref="oc-a91"/>
      </symbol>
      <symbol id="sm-c96">
         <name>__mspabi_fltud</name>
         <value>0xe682</value>
         <object_component_ref idref="oc-719"/>
      </symbol>
      <symbol id="sm-cab">
         <name>__mspabi_fltuld</name>
         <value>0xd312</value>
         <object_component_ref idref="oc-829"/>
      </symbol>
      <symbol id="sm-ccc">
         <name>__mspabi_mpyd</name>
         <value>0xa8ca</value>
         <object_component_ref idref="oc-a46"/>
      </symbol>
      <symbol id="sm-cdc">
         <name>__TI_frcmpyd</name>
         <value>0xa64a</value>
         <object_component_ref idref="oc-a7a"/>
      </symbol>
      <symbol id="sm-ce5">
         <name>__mspabi_mpyi_f5hw</name>
         <value>0xe44c</value>
         <object_component_ref idref="oc-848"/>
      </symbol>
      <symbol id="sm-cee">
         <name>__mspabi_mpyl_f5hw</name>
         <value>0xe230</value>
         <object_component_ref idref="oc-ab5"/>
      </symbol>
      <symbol id="sm-cfa">
         <name>__mspabi_negd</name>
         <value>0xe066</value>
         <object_component_ref idref="oc-a82"/>
      </symbol>
      <symbol id="sm-d0b">
         <name>__mspabi_slll_9</name>
         <value>0xdc84</value>
         <object_component_ref idref="oc-8fb"/>
      </symbol>
      <symbol id="sm-d0c">
         <name>__mspabi_slll_8</name>
         <value>0xdc88</value>
         <object_component_ref idref="oc-8fb"/>
      </symbol>
      <symbol id="sm-d0d">
         <name>__mspabi_slll_7</name>
         <value>0xdc8c</value>
         <object_component_ref idref="oc-8fb"/>
      </symbol>
      <symbol id="sm-d0e">
         <name>__mspabi_slll_6</name>
         <value>0xdc90</value>
         <object_component_ref idref="oc-8fb"/>
      </symbol>
      <symbol id="sm-d0f">
         <name>__mspabi_slll_5</name>
         <value>0xdc94</value>
         <object_component_ref idref="oc-8fb"/>
      </symbol>
      <symbol id="sm-d10">
         <name>__mspabi_slll_4</name>
         <value>0xdc98</value>
         <object_component_ref idref="oc-8fb"/>
      </symbol>
      <symbol id="sm-d11">
         <name>__mspabi_slll_3</name>
         <value>0xdc9c</value>
         <object_component_ref idref="oc-8fb"/>
      </symbol>
      <symbol id="sm-d12">
         <name>__mspabi_slll_2</name>
         <value>0xdca0</value>
         <object_component_ref idref="oc-8fb"/>
      </symbol>
      <symbol id="sm-d13">
         <name>__mspabi_slll_1</name>
         <value>0xdca4</value>
         <object_component_ref idref="oc-8fb"/>
      </symbol>
      <symbol id="sm-d14">
         <name>__mspabi_slll</name>
         <value>0xe59c</value>
         <object_component_ref idref="oc-afd"/>
      </symbol>
      <symbol id="sm-d15">
         <name>__mspabi_slll_15</name>
         <value>0xdc6c</value>
         <object_component_ref idref="oc-8fb"/>
      </symbol>
      <symbol id="sm-d16">
         <name>__mspabi_slll_14</name>
         <value>0xdc70</value>
         <object_component_ref idref="oc-8fb"/>
      </symbol>
      <symbol id="sm-d17">
         <name>__mspabi_slll_13</name>
         <value>0xdc74</value>
         <object_component_ref idref="oc-8fb"/>
      </symbol>
      <symbol id="sm-d18">
         <name>__mspabi_slll_12</name>
         <value>0xdc78</value>
         <object_component_ref idref="oc-8fb"/>
      </symbol>
      <symbol id="sm-d19">
         <name>__mspabi_slll_11</name>
         <value>0xdc7c</value>
         <object_component_ref idref="oc-8fb"/>
      </symbol>
      <symbol id="sm-d1a">
         <name>__mspabi_slll_10</name>
         <value>0xdc80</value>
         <object_component_ref idref="oc-8fb"/>
      </symbol>
      <symbol id="sm-d2a">
         <name>__mspabi_sral</name>
         <value>0xe58c</value>
         <object_component_ref idref="oc-b02"/>
      </symbol>
      <symbol id="sm-d2b">
         <name>__mspabi_sral_15</name>
         <value>0xdc2e</value>
         <object_component_ref idref="oc-732"/>
      </symbol>
      <symbol id="sm-d2c">
         <name>__mspabi_sral_14</name>
         <value>0xdc32</value>
         <object_component_ref idref="oc-732"/>
      </symbol>
      <symbol id="sm-d2d">
         <name>__mspabi_sral_13</name>
         <value>0xdc36</value>
         <object_component_ref idref="oc-732"/>
      </symbol>
      <symbol id="sm-d2e">
         <name>__mspabi_sral_12</name>
         <value>0xdc3a</value>
         <object_component_ref idref="oc-732"/>
      </symbol>
      <symbol id="sm-d2f">
         <name>__mspabi_sral_11</name>
         <value>0xdc3e</value>
         <object_component_ref idref="oc-732"/>
      </symbol>
      <symbol id="sm-d30">
         <name>__mspabi_sral_10</name>
         <value>0xdc42</value>
         <object_component_ref idref="oc-732"/>
      </symbol>
      <symbol id="sm-d31">
         <name>__mspabi_sral_8</name>
         <value>0xdc4a</value>
         <object_component_ref idref="oc-732"/>
      </symbol>
      <symbol id="sm-d32">
         <name>__mspabi_sral_9</name>
         <value>0xdc46</value>
         <object_component_ref idref="oc-732"/>
      </symbol>
      <symbol id="sm-d33">
         <name>__mspabi_sral_6</name>
         <value>0xdc52</value>
         <object_component_ref idref="oc-732"/>
      </symbol>
      <symbol id="sm-d34">
         <name>__mspabi_sral_7</name>
         <value>0xdc4e</value>
         <object_component_ref idref="oc-732"/>
      </symbol>
      <symbol id="sm-d35">
         <name>__mspabi_sral_4</name>
         <value>0xdc5a</value>
         <object_component_ref idref="oc-732"/>
      </symbol>
      <symbol id="sm-d36">
         <name>__mspabi_sral_5</name>
         <value>0xdc56</value>
         <object_component_ref idref="oc-732"/>
      </symbol>
      <symbol id="sm-d37">
         <name>__mspabi_sral_2</name>
         <value>0xdc62</value>
         <object_component_ref idref="oc-732"/>
      </symbol>
      <symbol id="sm-d38">
         <name>__mspabi_sral_3</name>
         <value>0xdc5e</value>
         <object_component_ref idref="oc-732"/>
      </symbol>
      <symbol id="sm-d39">
         <name>__mspabi_sral_1</name>
         <value>0xdc66</value>
         <object_component_ref idref="oc-732"/>
      </symbol>
      <symbol id="sm-d4a">
         <name>__mspabi_srll_8</name>
         <value>0xdcc6</value>
         <object_component_ref idref="oc-900"/>
      </symbol>
      <symbol id="sm-d4b">
         <name>__mspabi_srll_9</name>
         <value>0xdcc2</value>
         <object_component_ref idref="oc-900"/>
      </symbol>
      <symbol id="sm-d4c">
         <name>__mspabi_srll_6</name>
         <value>0xdcce</value>
         <object_component_ref idref="oc-900"/>
      </symbol>
      <symbol id="sm-d4d">
         <name>__mspabi_srll_7</name>
         <value>0xdcca</value>
         <object_component_ref idref="oc-900"/>
      </symbol>
      <symbol id="sm-d4e">
         <name>__mspabi_srll_4</name>
         <value>0xdcd6</value>
         <object_component_ref idref="oc-900"/>
      </symbol>
      <symbol id="sm-d4f">
         <name>__mspabi_srll_5</name>
         <value>0xdcd2</value>
         <object_component_ref idref="oc-900"/>
      </symbol>
      <symbol id="sm-d50">
         <name>__mspabi_srll_2</name>
         <value>0xdcde</value>
         <object_component_ref idref="oc-900"/>
      </symbol>
      <symbol id="sm-d51">
         <name>__mspabi_srll_3</name>
         <value>0xdcda</value>
         <object_component_ref idref="oc-900"/>
      </symbol>
      <symbol id="sm-d52">
         <name>__mspabi_srll_1</name>
         <value>0xdce2</value>
         <object_component_ref idref="oc-900"/>
      </symbol>
      <symbol id="sm-d53">
         <name>__mspabi_srll_15</name>
         <value>0xdcaa</value>
         <object_component_ref idref="oc-900"/>
      </symbol>
      <symbol id="sm-d54">
         <name>__mspabi_srll_14</name>
         <value>0xdcae</value>
         <object_component_ref idref="oc-900"/>
      </symbol>
      <symbol id="sm-d55">
         <name>__mspabi_srll_13</name>
         <value>0xdcb2</value>
         <object_component_ref idref="oc-900"/>
      </symbol>
      <symbol id="sm-d56">
         <name>__mspabi_srll_12</name>
         <value>0xdcb6</value>
         <object_component_ref idref="oc-900"/>
      </symbol>
      <symbol id="sm-d57">
         <name>__mspabi_srll_11</name>
         <value>0xdcba</value>
         <object_component_ref idref="oc-900"/>
      </symbol>
      <symbol id="sm-d58">
         <name>__mspabi_srll_10</name>
         <value>0xdcbe</value>
         <object_component_ref idref="oc-900"/>
      </symbol>
      <symbol id="sm-d59">
         <name>__mspabi_srll</name>
         <value>0xe5ac</value>
         <object_component_ref idref="oc-9c8"/>
      </symbol>
      <symbol id="sm-d63">
         <name>__mspabi_subd</name>
         <value>0xe004</value>
         <object_component_ref idref="oc-a97"/>
      </symbol>
      <symbol id="sm-d73">
         <name>_c_int00_noargs_mpu</name>
         <value>0xe7d6</value>
         <object_component_ref idref="oc-4e0"/>
      </symbol>
      <symbol id="sm-d74">
         <name>_stack</name>
         <value>0x2f60</value>
         <object_component_ref idref="oc-480"/>
      </symbol>
      <symbol id="sm-d75">
         <name>_reset_vector</name>
         <value>0xfffe</value>
         <object_component_ref idref="oc-483"/>
      </symbol>
      <symbol id="sm-d83">
         <name>__mpu_init</name>
         <value>0xdd62</value>
         <object_component_ref idref="oc-556"/>
      </symbol>
      <symbol id="sm-da6">
         <name>__TI_auto_init_nobinit_nopinit_hold_wdt</name>
         <value>0xd40e</value>
         <object_component_ref idref="oc-607"/>
      </symbol>
      <symbol id="sm-daf">
         <name>_system_post_cinit</name>
         <value>0xe69a</value>
         <object_component_ref idref="oc-737"/>
      </symbol>
      <symbol id="sm-db8">
         <name>_system_pre_init</name>
         <value>0xe694</value>
         <object_component_ref idref="oc-53e"/>
      </symbol>
      <symbol id="sm-dc3">
         <name>_ctypes_</name>
         <value>0x92ac</value>
         <object_component_ref idref="oc-a2b"/>
      </symbol>
      <symbol id="sm-dce">
         <name>C$$EXIT</name>
         <value>0xe688</value>
         <object_component_ref idref="oc-5e3"/>
      </symbol>
      <symbol id="sm-dcf">
         <name>abort</name>
         <value>0xe688</value>
         <object_component_ref idref="oc-5e3"/>
      </symbol>
      <symbol id="sm-de6">
         <name>_nop</name>
         <value>0xe698</value>
         <object_component_ref idref="oc-771"/>
      </symbol>
      <symbol id="sm-de7">
         <name>_lock</name>
         <value>0x22cc</value>
         <object_component_ref idref="oc-67c"/>
      </symbol>
      <symbol id="sm-de8">
         <name>_unlock</name>
         <value>0x22d0</value>
         <object_component_ref idref="oc-691"/>
      </symbol>
      <symbol id="sm-e69">
         <name>_sys_memory</name>
         <value>0x8000</value>
         <object_component_ref idref="oc-484"/>
      </symbol>
      <symbol id="sm-e6a">
         <name>free</name>
         <value>0xc2c6</value>
         <object_component_ref idref="oc-5a0"/>
      </symbol>
      <symbol id="sm-e6b">
         <name>memalign</name>
         <value>0xb914</value>
         <object_component_ref idref="oc-675"/>
      </symbol>
      <symbol id="sm-e6c">
         <name>malloc</name>
         <value>0xe60e</value>
         <object_component_ref idref="oc-59a"/>
      </symbol>
      <symbol id="sm-e6d">
         <name>aligned_alloc</name>
         <value>0xb914</value>
         <object_component_ref idref="oc-675"/>
      </symbol>
      <symbol id="sm-e7d">
         <name>memcpy</name>
         <value>0xddda</value>
         <object_component_ref idref="oc-492"/>
      </symbol>
      <symbol id="sm-e8d">
         <name>memset</name>
         <value>0xe2dc</value>
         <object_component_ref idref="oc-8e7"/>
      </symbol>
      <symbol id="sm-e9c">
         <name>strchr</name>
         <value>0xe3ac</value>
         <object_component_ref idref="oc-aa2"/>
      </symbol>
      <symbol id="sm-eaa">
         <name>strcmp</name>
         <value>0xe3c8</value>
         <object_component_ref idref="oc-962"/>
      </symbol>
      <symbol id="sm-eb7">
         <name>strcpy</name>
         <value>0xe556</value>
         <object_component_ref idref="oc-9fe"/>
      </symbol>
      <symbol id="sm-ec4">
         <name>strlen</name>
         <value>0xe568</value>
         <object_component_ref idref="oc-7be"/>
      </symbol>
      <symbol id="sm-ed5">
         <name>strncmp</name>
         <value>0xdefa</value>
         <object_component_ref idref="oc-a0a"/>
      </symbol>
      <symbol id="sm-ee3">
         <name>tolower</name>
         <value>0xe57a</value>
         <object_component_ref idref="oc-9bd"/>
      </symbol>
      <symbol id="sm-f14">
         <name>vsnprintf</name>
         <value>0xd658</value>
         <object_component_ref idref="oc-866"/>
      </symbol>
      <symbol id="sm-f69">
         <name>__TI_printfi_minimal</name>
         <value>0xc97c</value>
         <object_component_ref idref="oc-921"/>
      </symbol>
      <symbol id="sm-f78">
         <name>memccpy</name>
         <value>0xe356</value>
         <object_component_ref idref="oc-9d5"/>
      </symbol>
   </symbol_table>
   <title>Link successful</title>
</link_info>
