<?xml version="1.0" encoding="ISO-8859-1" ?>
<link_info>
   <banner>MSP430 Linker PC v19.6.0.STS</banner>
   <copyright>Copyright (c) 2003-2018 Texas Instruments Incorporated</copyright>
   <link_time>0x5d9cb2fe</link_time>
   <link_errors>0x0</link_errors>
   <output_file>note-msp430.out</output_file>
   <entry_point>
      <name>_c_int00_noargs_mpu</name>
      <address>0xd82c</address>
   </entry_point>
   <input_file_list>
      <input_file id="fl-2">
         <path>.\</path>
         <kind>object</kind>
         <file>example.obj</file>
         <name>example.obj</name>
      </input_file>
      <input_file id="fl-3">
         <path>.\</path>
         <kind>object</kind>
         <file>main.obj</file>
         <name>main.obj</name>
      </input_file>
      <input_file id="fl-4">
         <path>.\driverlib\MSP430FR2xx_4xx\</path>
         <kind>object</kind>
         <file>adc.obj</file>
         <name>adc.obj</name>
      </input_file>
      <input_file id="fl-5">
         <path>.\driverlib\MSP430FR2xx_4xx\</path>
         <kind>object</kind>
         <file>crc.obj</file>
         <name>crc.obj</name>
      </input_file>
      <input_file id="fl-6">
         <path>.\driverlib\MSP430FR2xx_4xx\</path>
         <kind>object</kind>
         <file>cs.obj</file>
         <name>cs.obj</name>
      </input_file>
      <input_file id="fl-7">
         <path>.\driverlib\MSP430FR2xx_4xx\</path>
         <kind>object</kind>
         <file>ecomp.obj</file>
         <name>ecomp.obj</name>
      </input_file>
      <input_file id="fl-8">
         <path>.\driverlib\MSP430FR2xx_4xx\</path>
         <kind>object</kind>
         <file>eusci_a_spi.obj</file>
         <name>eusci_a_spi.obj</name>
      </input_file>
      <input_file id="fl-9">
         <path>.\driverlib\MSP430FR2xx_4xx\</path>
         <kind>object</kind>
         <file>eusci_a_uart.obj</file>
         <name>eusci_a_uart.obj</name>
      </input_file>
      <input_file id="fl-a">
         <path>.\driverlib\MSP430FR2xx_4xx\</path>
         <kind>object</kind>
         <file>eusci_b_i2c.obj</file>
         <name>eusci_b_i2c.obj</name>
      </input_file>
      <input_file id="fl-b">
         <path>.\driverlib\MSP430FR2xx_4xx\</path>
         <kind>object</kind>
         <file>eusci_b_spi.obj</file>
         <name>eusci_b_spi.obj</name>
      </input_file>
      <input_file id="fl-c">
         <path>.\driverlib\MSP430FR2xx_4xx\</path>
         <kind>object</kind>
         <file>framctl.obj</file>
         <name>framctl.obj</name>
      </input_file>
      <input_file id="fl-d">
         <path>.\driverlib\MSP430FR2xx_4xx\</path>
         <kind>object</kind>
         <file>gpio.obj</file>
         <name>gpio.obj</name>
      </input_file>
      <input_file id="fl-e">
         <path>.\driverlib\MSP430FR2xx_4xx\</path>
         <kind>object</kind>
         <file>icc.obj</file>
         <name>icc.obj</name>
      </input_file>
      <input_file id="fl-f">
         <path>.\driverlib\MSP430FR2xx_4xx\</path>
         <kind>object</kind>
         <file>lcd_e.obj</file>
         <name>lcd_e.obj</name>
      </input_file>
      <input_file id="fl-10">
         <path>.\driverlib\MSP430FR2xx_4xx\</path>
         <kind>object</kind>
         <file>mpy32.obj</file>
         <name>mpy32.obj</name>
      </input_file>
      <input_file id="fl-11">
         <path>.\driverlib\MSP430FR2xx_4xx\</path>
         <kind>object</kind>
         <file>pmm.obj</file>
         <name>pmm.obj</name>
      </input_file>
      <input_file id="fl-12">
         <path>.\driverlib\MSP430FR2xx_4xx\</path>
         <kind>object</kind>
         <file>rtc.obj</file>
         <name>rtc.obj</name>
      </input_file>
      <input_file id="fl-13">
         <path>.\driverlib\MSP430FR2xx_4xx\</path>
         <kind>object</kind>
         <file>sac.obj</file>
         <name>sac.obj</name>
      </input_file>
      <input_file id="fl-14">
         <path>.\driverlib\MSP430FR2xx_4xx\</path>
         <kind>object</kind>
         <file>sfr.obj</file>
         <name>sfr.obj</name>
      </input_file>
      <input_file id="fl-15">
         <path>.\driverlib\MSP430FR2xx_4xx\</path>
         <kind>object</kind>
         <file>sysctl.obj</file>
         <name>sysctl.obj</name>
      </input_file>
      <input_file id="fl-16">
         <path>.\driverlib\MSP430FR2xx_4xx\</path>
         <kind>object</kind>
         <file>tia.obj</file>
         <name>tia.obj</name>
      </input_file>
      <input_file id="fl-17">
         <path>.\driverlib\MSP430FR2xx_4xx\</path>
         <kind>object</kind>
         <file>timer_a.obj</file>
         <name>timer_a.obj</name>
      </input_file>
      <input_file id="fl-18">
         <path>.\driverlib\MSP430FR2xx_4xx\</path>
         <kind>object</kind>
         <file>timer_b.obj</file>
         <name>timer_b.obj</name>
      </input_file>
      <input_file id="fl-19">
         <path>.\driverlib\MSP430FR2xx_4xx\</path>
         <kind>object</kind>
         <file>tlv.obj</file>
         <name>tlv.obj</name>
      </input_file>
      <input_file id="fl-1a">
         <path>.\driverlib\MSP430FR2xx_4xx\</path>
         <kind>object</kind>
         <file>wdt_a.obj</file>
         <name>wdt_a.obj</name>
      </input_file>
      <input_file id="fl-1b">
         <path>.\note-c\</path>
         <kind>object</kind>
         <file>n_atof.obj</file>
         <name>n_atof.obj</name>
      </input_file>
      <input_file id="fl-1c">
         <path>.\note-c\</path>
         <kind>object</kind>
         <file>n_b64.obj</file>
         <name>n_b64.obj</name>
      </input_file>
      <input_file id="fl-1d">
         <path>.\note-c\</path>
         <kind>object</kind>
         <file>n_cjson.obj</file>
         <name>n_cjson.obj</name>
      </input_file>
      <input_file id="fl-1e">
         <path>.\note-c\</path>
         <kind>object</kind>
         <file>n_cjson_helpers.obj</file>
         <name>n_cjson_helpers.obj</name>
      </input_file>
      <input_file id="fl-1f">
         <path>.\note-c\</path>
         <kind>object</kind>
         <file>n_ftoa.obj</file>
         <name>n_ftoa.obj</name>
      </input_file>
      <input_file id="fl-20">
         <path>.\note-c\</path>
         <kind>object</kind>
         <file>n_helpers.obj</file>
         <name>n_helpers.obj</name>
      </input_file>
      <input_file id="fl-21">
         <path>.\note-c\</path>
         <kind>object</kind>
         <file>n_hooks.obj</file>
         <name>n_hooks.obj</name>
      </input_file>
      <input_file id="fl-22">
         <path>.\note-c\</path>
         <kind>object</kind>
         <file>n_i2c.obj</file>
         <name>n_i2c.obj</name>
      </input_file>
      <input_file id="fl-23">
         <path>.\note-c\</path>
         <kind>object</kind>
         <file>n_request.obj</file>
         <name>n_request.obj</name>
      </input_file>
      <input_file id="fl-24">
         <path>.\note-c\</path>
         <kind>object</kind>
         <file>n_serial.obj</file>
         <name>n_serial.obj</name>
      </input_file>
      <input_file id="fl-25">
         <path>.\note-c\</path>
         <kind>object</kind>
         <file>n_str.obj</file>
         <name>n_str.obj</name>
      </input_file>
      <input_file id="fl-2c">
         <kind>object</kind>
         <file>&lt;internal&gt;</file>
         <name>&lt;internal&gt;</name>
      </input_file>
      <input_file id="fl-4c">
         <path>C:\ti\ccs910\ccs\tools\compiler\ti-cgt-msp430_19.6.0.STS\lib\</path>
         <kind>archive</kind>
         <file>rts430x_lc_ld_eabi.lib</file>
         <name>copy_decompress_lzss.c.obj</name>
      </input_file>
      <input_file id="fl-4d">
         <path>C:\ti\ccs910\ccs\tools\compiler\ti-cgt-msp430_19.6.0.STS\lib\</path>
         <kind>archive</kind>
         <file>rts430x_lc_ld_eabi.lib</file>
         <name>copy_decompress_none.c.obj</name>
      </input_file>
      <input_file id="fl-4e">
         <path>C:\ti\ccs910\ccs\tools\compiler\ti-cgt-msp430_19.6.0.STS\lib\</path>
         <kind>archive</kind>
         <file>rts430x_lc_ld_eabi.lib</file>
         <name>int22.asm.obj</name>
      </input_file>
      <input_file id="fl-4f">
         <path>C:\ti\ccs910\ccs\tools\compiler\ti-cgt-msp430_19.6.0.STS\lib\</path>
         <kind>archive</kind>
         <file>rts430x_lc_ld_eabi.lib</file>
         <name>isr_trap.asm.obj</name>
      </input_file>
      <input_file id="fl-50">
         <path>C:\ti\ccs910\ccs\tools\compiler\ti-cgt-msp430_19.6.0.STS\lib\</path>
         <kind>archive</kind>
         <file>rts430x_lc_ld_eabi.lib</file>
         <name>int23.asm.obj</name>
      </input_file>
      <input_file id="fl-51">
         <path>C:\ti\ccs910\ccs\tools\compiler\ti-cgt-msp430_19.6.0.STS\lib\</path>
         <kind>archive</kind>
         <file>rts430x_lc_ld_eabi.lib</file>
         <name>int24.asm.obj</name>
      </input_file>
      <input_file id="fl-52">
         <path>C:\ti\ccs910\ccs\tools\compiler\ti-cgt-msp430_19.6.0.STS\lib\</path>
         <kind>archive</kind>
         <file>rts430x_lc_ld_eabi.lib</file>
         <name>int25.asm.obj</name>
      </input_file>
      <input_file id="fl-53">
         <path>C:\ti\ccs910\ccs\tools\compiler\ti-cgt-msp430_19.6.0.STS\lib\</path>
         <kind>archive</kind>
         <file>rts430x_lc_ld_eabi.lib</file>
         <name>int26.asm.obj</name>
      </input_file>
      <input_file id="fl-54">
         <path>C:\ti\ccs910\ccs\tools\compiler\ti-cgt-msp430_19.6.0.STS\lib\</path>
         <kind>archive</kind>
         <file>rts430x_lc_ld_eabi.lib</file>
         <name>int27.asm.obj</name>
      </input_file>
      <input_file id="fl-55">
         <path>C:\ti\ccs910\ccs\tools\compiler\ti-cgt-msp430_19.6.0.STS\lib\</path>
         <kind>archive</kind>
         <file>rts430x_lc_ld_eabi.lib</file>
         <name>int28.asm.obj</name>
      </input_file>
      <input_file id="fl-56">
         <path>C:\ti\ccs910\ccs\tools\compiler\ti-cgt-msp430_19.6.0.STS\lib\</path>
         <kind>archive</kind>
         <file>rts430x_lc_ld_eabi.lib</file>
         <name>int29.asm.obj</name>
      </input_file>
      <input_file id="fl-57">
         <path>C:\ti\ccs910\ccs\tools\compiler\ti-cgt-msp430_19.6.0.STS\lib\</path>
         <kind>archive</kind>
         <file>rts430x_lc_ld_eabi.lib</file>
         <name>int30.asm.obj</name>
      </input_file>
      <input_file id="fl-58">
         <path>C:\ti\ccs910\ccs\tools\compiler\ti-cgt-msp430_19.6.0.STS\lib\</path>
         <kind>archive</kind>
         <file>rts430x_lc_ld_eabi.lib</file>
         <name>int33.asm.obj</name>
      </input_file>
      <input_file id="fl-59">
         <path>C:\ti\ccs910\ccs\tools\compiler\ti-cgt-msp430_19.6.0.STS\lib\</path>
         <kind>archive</kind>
         <file>rts430x_lc_ld_eabi.lib</file>
         <name>int34.asm.obj</name>
      </input_file>
      <input_file id="fl-5a">
         <path>C:\ti\ccs910\ccs\tools\compiler\ti-cgt-msp430_19.6.0.STS\lib\</path>
         <kind>archive</kind>
         <file>rts430x_lc_ld_eabi.lib</file>
         <name>int35.asm.obj</name>
      </input_file>
      <input_file id="fl-5b">
         <path>C:\ti\ccs910\ccs\tools\compiler\ti-cgt-msp430_19.6.0.STS\lib\</path>
         <kind>archive</kind>
         <file>rts430x_lc_ld_eabi.lib</file>
         <name>int36.asm.obj</name>
      </input_file>
      <input_file id="fl-5c">
         <path>C:\ti\ccs910\ccs\tools\compiler\ti-cgt-msp430_19.6.0.STS\lib\</path>
         <kind>archive</kind>
         <file>rts430x_lc_ld_eabi.lib</file>
         <name>int37.asm.obj</name>
      </input_file>
      <input_file id="fl-5d">
         <path>C:\ti\ccs910\ccs\tools\compiler\ti-cgt-msp430_19.6.0.STS\lib\</path>
         <kind>archive</kind>
         <file>rts430x_lc_ld_eabi.lib</file>
         <name>int38.asm.obj</name>
      </input_file>
      <input_file id="fl-5e">
         <path>C:\ti\ccs910\ccs\tools\compiler\ti-cgt-msp430_19.6.0.STS\lib\</path>
         <kind>archive</kind>
         <file>rts430x_lc_ld_eabi.lib</file>
         <name>int39.asm.obj</name>
      </input_file>
      <input_file id="fl-5f">
         <path>C:\ti\ccs910\ccs\tools\compiler\ti-cgt-msp430_19.6.0.STS\lib\</path>
         <kind>archive</kind>
         <file>rts430x_lc_ld_eabi.lib</file>
         <name>int40.asm.obj</name>
      </input_file>
      <input_file id="fl-60">
         <path>C:\ti\ccs910\ccs\tools\compiler\ti-cgt-msp430_19.6.0.STS\lib\</path>
         <kind>archive</kind>
         <file>rts430x_lc_ld_eabi.lib</file>
         <name>int41.asm.obj</name>
      </input_file>
      <input_file id="fl-61">
         <path>C:\ti\ccs910\ccs\tools\compiler\ti-cgt-msp430_19.6.0.STS\lib\</path>
         <kind>archive</kind>
         <file>rts430x_lc_ld_eabi.lib</file>
         <name>int43.asm.obj</name>
      </input_file>
      <input_file id="fl-62">
         <path>C:\ti\ccs910\ccs\tools\compiler\ti-cgt-msp430_19.6.0.STS\lib\</path>
         <kind>archive</kind>
         <file>rts430x_lc_ld_eabi.lib</file>
         <name>int44.asm.obj</name>
      </input_file>
      <input_file id="fl-63">
         <path>C:\ti\ccs910\ccs\tools\compiler\ti-cgt-msp430_19.6.0.STS\lib\</path>
         <kind>archive</kind>
         <file>rts430x_lc_ld_eabi.lib</file>
         <name>int45.asm.obj</name>
      </input_file>
      <input_file id="fl-64">
         <path>C:\ti\ccs910\ccs\tools\compiler\ti-cgt-msp430_19.6.0.STS\lib\</path>
         <kind>archive</kind>
         <file>rts430x_lc_ld_eabi.lib</file>
         <name>copy_zero_init.c.obj</name>
      </input_file>
      <input_file id="fl-65">
         <path>C:\ti\ccs910\ccs\tools\compiler\ti-cgt-msp430_19.6.0.STS\lib\</path>
         <kind>archive</kind>
         <file>rts430x_lc_ld_eabi.lib</file>
         <name>addd.c.obj</name>
      </input_file>
      <input_file id="fl-66">
         <path>C:\ti\ccs910\ccs\tools\compiler\ti-cgt-msp430_19.6.0.STS\lib\</path>
         <kind>archive</kind>
         <file>rts430x_lc_ld_eabi.lib</file>
         <name>frcaddd.c.obj</name>
      </input_file>
      <input_file id="fl-67">
         <path>C:\ti\ccs910\ccs\tools\compiler\ti-cgt-msp430_19.6.0.STS\lib\</path>
         <kind>archive</kind>
         <file>rts430x_lc_ld_eabi.lib</file>
         <name>renormd.c.obj</name>
      </input_file>
      <input_file id="fl-68">
         <path>C:\ti\ccs910\ccs\tools\compiler\ti-cgt-msp430_19.6.0.STS\lib\</path>
         <kind>archive</kind>
         <file>rts430x_lc_ld_eabi.lib</file>
         <name>fs_add.asm.obj</name>
      </input_file>
      <input_file id="fl-69">
         <path>C:\ti\ccs910\ccs\tools\compiler\ti-cgt-msp430_19.6.0.STS\lib\</path>
         <kind>archive</kind>
         <file>rts430x_lc_ld_eabi.lib</file>
         <name>fs_cmp.asm.obj</name>
      </input_file>
      <input_file id="fl-6a">
         <path>C:\ti\ccs910\ccs\tools\compiler\ti-cgt-msp430_19.6.0.STS\lib\</path>
         <kind>archive</kind>
         <file>rts430x_lc_ld_eabi.lib</file>
         <name>cvtdf.c.obj</name>
      </input_file>
      <input_file id="fl-6b">
         <path>C:\ti\ccs910\ccs\tools\compiler\ti-cgt-msp430_19.6.0.STS\lib\</path>
         <kind>archive</kind>
         <file>rts430x_lc_ld_eabi.lib</file>
         <name>fs_div.asm.obj</name>
      </input_file>
      <input_file id="fl-6c">
         <path>C:\ti\ccs910\ccs\tools\compiler\ti-cgt-msp430_19.6.0.STS\lib\</path>
         <kind>archive</kind>
         <file>rts430x_lc_ld_eabi.lib</file>
         <name>div16s.asm.obj</name>
      </input_file>
      <input_file id="fl-6d">
         <path>C:\ti\ccs910\ccs\tools\compiler\ti-cgt-msp430_19.6.0.STS\lib\</path>
         <kind>archive</kind>
         <file>rts430x_lc_ld_eabi.lib</file>
         <name>div32s.asm.obj</name>
      </input_file>
      <input_file id="fl-6e">
         <path>C:\ti\ccs910\ccs\tools\compiler\ti-cgt-msp430_19.6.0.STS\lib\</path>
         <kind>archive</kind>
         <file>rts430x_lc_ld_eabi.lib</file>
         <name>div16u.asm.obj</name>
      </input_file>
      <input_file id="fl-6f">
         <path>C:\ti\ccs910\ccs\tools\compiler\ti-cgt-msp430_19.6.0.STS\lib\</path>
         <kind>archive</kind>
         <file>rts430x_lc_ld_eabi.lib</file>
         <name>div32u.asm.obj</name>
      </input_file>
      <input_file id="fl-70">
         <path>C:\ti\ccs910\ccs\tools\compiler\ti-cgt-msp430_19.6.0.STS\lib\</path>
         <kind>archive</kind>
         <file>rts430x_lc_ld_eabi.lib</file>
         <name>fs_toi.asm.obj</name>
      </input_file>
      <input_file id="fl-71">
         <path>C:\ti\ccs910\ccs\tools\compiler\ti-cgt-msp430_19.6.0.STS\lib\</path>
         <kind>archive</kind>
         <file>rts430x_lc_ld_eabi.lib</file>
         <name>fs_tol.asm.obj</name>
      </input_file>
      <input_file id="fl-72">
         <path>C:\ti\ccs910\ccs\tools\compiler\ti-cgt-msp430_19.6.0.STS\lib\</path>
         <kind>archive</kind>
         <file>rts430x_lc_ld_eabi.lib</file>
         <name>fs_itof.asm.obj</name>
      </input_file>
      <input_file id="fl-73">
         <path>C:\ti\ccs910\ccs\tools\compiler\ti-cgt-msp430_19.6.0.STS\lib\</path>
         <kind>archive</kind>
         <file>rts430x_lc_ld_eabi.lib</file>
         <name>fltlid.c.obj</name>
      </input_file>
      <input_file id="fl-74">
         <path>C:\ti\ccs910\ccs\tools\compiler\ti-cgt-msp430_19.6.0.STS\lib\</path>
         <kind>archive</kind>
         <file>rts430x_lc_ld_eabi.lib</file>
         <name>fs_ltof.asm.obj</name>
      </input_file>
      <input_file id="fl-75">
         <path>C:\ti\ccs910\ccs\tools\compiler\ti-cgt-msp430_19.6.0.STS\lib\</path>
         <kind>archive</kind>
         <file>rts430x_lc_ld_eabi.lib</file>
         <name>fs_utof.asm.obj</name>
      </input_file>
      <input_file id="fl-76">
         <path>C:\ti\ccs910\ccs\tools\compiler\ti-cgt-msp430_19.6.0.STS\lib\</path>
         <kind>archive</kind>
         <file>rts430x_lc_ld_eabi.lib</file>
         <name>fs_ultof.asm.obj</name>
      </input_file>
      <input_file id="fl-77">
         <path>C:\ti\ccs910\ccs\tools\compiler\ti-cgt-msp430_19.6.0.STS\lib\</path>
         <kind>archive</kind>
         <file>rts430x_lc_ld_eabi.lib</file>
         <name>mpyd.c.obj</name>
      </input_file>
      <input_file id="fl-78">
         <path>C:\ti\ccs910\ccs\tools\compiler\ti-cgt-msp430_19.6.0.STS\lib\</path>
         <kind>archive</kind>
         <file>rts430x_lc_ld_eabi.lib</file>
         <name>frcmpyd.c.obj</name>
      </input_file>
      <input_file id="fl-79">
         <path>C:\ti\ccs910\ccs\tools\compiler\ti-cgt-msp430_19.6.0.STS\lib\</path>
         <kind>archive</kind>
         <file>rts430x_lc_ld_eabi.lib</file>
         <name>fs_mpy.asm.obj</name>
      </input_file>
      <input_file id="fl-7a">
         <path>C:\ti\ccs910\ccs\tools\compiler\ti-cgt-msp430_19.6.0.STS\lib\</path>
         <kind>archive</kind>
         <file>rts430x_lc_ld_eabi.lib</file>
         <name>mult16.asm.obj</name>
      </input_file>
      <input_file id="fl-7b">
         <path>C:\ti\ccs910\ccs\tools\compiler\ti-cgt-msp430_19.6.0.STS\lib\</path>
         <kind>archive</kind>
         <file>rts430x_lc_ld_eabi.lib</file>
         <name>mult16_f5hw.asm.obj</name>
      </input_file>
      <input_file id="fl-7c">
         <path>C:\ti\ccs910\ccs\tools\compiler\ti-cgt-msp430_19.6.0.STS\lib\</path>
         <kind>archive</kind>
         <file>rts430x_lc_ld_eabi.lib</file>
         <name>mult32.asm.obj</name>
      </input_file>
      <input_file id="fl-7d">
         <path>C:\ti\ccs910\ccs\tools\compiler\ti-cgt-msp430_19.6.0.STS\lib\</path>
         <kind>archive</kind>
         <file>rts430x_lc_ld_eabi.lib</file>
         <name>mult32_f5hw.asm.obj</name>
      </input_file>
      <input_file id="fl-7e">
         <path>C:\ti\ccs910\ccs\tools\compiler\ti-cgt-msp430_19.6.0.STS\lib\</path>
         <kind>archive</kind>
         <file>rts430x_lc_ld_eabi.lib</file>
         <name>mult64_f5hw.asm.obj</name>
      </input_file>
      <input_file id="fl-7f">
         <path>C:\ti\ccs910\ccs\tools\compiler\ti-cgt-msp430_19.6.0.STS\lib\</path>
         <kind>archive</kind>
         <file>rts430x_lc_ld_eabi.lib</file>
         <name>mult1632_f5hw.asm.obj</name>
      </input_file>
      <input_file id="fl-80">
         <path>C:\ti\ccs910\ccs\tools\compiler\ti-cgt-msp430_19.6.0.STS\lib\</path>
         <kind>archive</kind>
         <file>rts430x_lc_ld_eabi.lib</file>
         <name>mult3264_f5hw.asm.obj</name>
      </input_file>
      <input_file id="fl-81">
         <path>C:\ti\ccs910\ccs\tools\compiler\ti-cgt-msp430_19.6.0.STS\lib\</path>
         <kind>archive</kind>
         <file>rts430x_lc_ld_eabi.lib</file>
         <name>fs_neg.asm.obj</name>
      </input_file>
      <input_file id="fl-82">
         <path>C:\ti\ccs910\ccs\tools\compiler\ti-cgt-msp430_19.6.0.STS\lib\</path>
         <kind>archive</kind>
         <file>rts430x_lc_ld_eabi.lib</file>
         <name>lsl16.asm.obj</name>
      </input_file>
      <input_file id="fl-83">
         <path>C:\ti\ccs910\ccs\tools\compiler\ti-cgt-msp430_19.6.0.STS\lib\</path>
         <kind>archive</kind>
         <file>rts430x_lc_ld_eabi.lib</file>
         <name>lsl32.asm.obj</name>
      </input_file>
      <input_file id="fl-84">
         <path>C:\ti\ccs910\ccs\tools\compiler\ti-cgt-msp430_19.6.0.STS\lib\</path>
         <kind>archive</kind>
         <file>rts430x_lc_ld_eabi.lib</file>
         <name>asr32.asm.obj</name>
      </input_file>
      <input_file id="fl-85">
         <path>C:\ti\ccs910\ccs\tools\compiler\ti-cgt-msp430_19.6.0.STS\lib\</path>
         <kind>archive</kind>
         <file>rts430x_lc_ld_eabi.lib</file>
         <name>lsr16.asm.obj</name>
      </input_file>
      <input_file id="fl-86">
         <path>C:\ti\ccs910\ccs\tools\compiler\ti-cgt-msp430_19.6.0.STS\lib\</path>
         <kind>archive</kind>
         <file>rts430x_lc_ld_eabi.lib</file>
         <name>lsr32.asm.obj</name>
      </input_file>
      <input_file id="fl-87">
         <path>C:\ti\ccs910\ccs\tools\compiler\ti-cgt-msp430_19.6.0.STS\lib\</path>
         <kind>archive</kind>
         <file>rts430x_lc_ld_eabi.lib</file>
         <name>lsr64.c.obj</name>
      </input_file>
      <input_file id="fl-88">
         <path>C:\ti\ccs910\ccs\tools\compiler\ti-cgt-msp430_19.6.0.STS\lib\</path>
         <kind>archive</kind>
         <file>rts430x_lc_ld_eabi.lib</file>
         <name>boot.c.obj</name>
      </input_file>
      <input_file id="fl-89">
         <path>C:\ti\ccs910\ccs\ccs_base\msp430\lib\FR2xx\</path>
         <kind>archive</kind>
         <file>FRWP_INIT_LIB_CCS_msp430_large_code_large_data.lib</file>
         <name>frwp_init.obj</name>
      </input_file>
      <input_file id="fl-8a">
         <path>C:\ti\ccs910\ccs\tools\compiler\ti-cgt-msp430_19.6.0.STS\lib\</path>
         <kind>archive</kind>
         <file>rts430x_lc_ld_eabi.lib</file>
         <name>args_main.c.obj</name>
      </input_file>
      <input_file id="fl-8b">
         <path>C:\ti\ccs910\ccs\tools\compiler\ti-cgt-msp430_19.6.0.STS\lib\</path>
         <kind>archive</kind>
         <file>rts430x_lc_ld_eabi.lib</file>
         <name>autoinit.c.obj</name>
      </input_file>
      <input_file id="fl-8c">
         <path>C:\ti\ccs910\ccs\tools\compiler\ti-cgt-msp430_19.6.0.STS\lib\</path>
         <kind>archive</kind>
         <file>rts430x_lc_ld_eabi.lib</file>
         <name>startup.c.obj</name>
      </input_file>
      <input_file id="fl-8d">
         <path>C:\ti\ccs910\ccs\tools\compiler\ti-cgt-msp430_19.6.0.STS\lib\</path>
         <kind>archive</kind>
         <file>rts430x_lc_ld_eabi.lib</file>
         <name>pre_init.c.obj</name>
      </input_file>
      <input_file id="fl-8e">
         <path>C:\ti\ccs910\ccs\tools\compiler\ti-cgt-msp430_19.6.0.STS\lib\</path>
         <kind>archive</kind>
         <file>rts430x_lc_ld_eabi.lib</file>
         <name>atoi.c.obj</name>
      </input_file>
      <input_file id="fl-8f">
         <path>C:\ti\ccs910\ccs\tools\compiler\ti-cgt-msp430_19.6.0.STS\lib\</path>
         <kind>archive</kind>
         <file>rts430x_lc_ld_eabi.lib</file>
         <name>ctype.c.obj</name>
      </input_file>
      <input_file id="fl-90">
         <path>C:\ti\ccs910\ccs\tools\compiler\ti-cgt-msp430_19.6.0.STS\lib\</path>
         <kind>archive</kind>
         <file>rts430x_lc_ld_eabi.lib</file>
         <name>cpy_tbl.c.obj</name>
      </input_file>
      <input_file id="fl-91">
         <path>C:\ti\ccs910\ccs\tools\compiler\ti-cgt-msp430_19.6.0.STS\lib\</path>
         <kind>archive</kind>
         <file>rts430x_lc_ld_eabi.lib</file>
         <name>exit.c.obj</name>
      </input_file>
      <input_file id="fl-92">
         <path>C:\ti\ccs910\ccs\tools\compiler\ti-cgt-msp430_19.6.0.STS\lib\</path>
         <kind>archive</kind>
         <file>rts430x_lc_ld_eabi.lib</file>
         <name>exit_gvars.c.obj</name>
      </input_file>
      <input_file id="fl-93">
         <path>C:\ti\ccs910\ccs\tools\compiler\ti-cgt-msp430_19.6.0.STS\lib\</path>
         <kind>archive</kind>
         <file>rts430x_lc_ld_eabi.lib</file>
         <name>_lock.c.obj</name>
      </input_file>
      <input_file id="fl-94">
         <path>C:\ti\ccs910\ccs\tools\compiler\ti-cgt-msp430_19.6.0.STS\lib\</path>
         <kind>archive</kind>
         <file>rts430x_lc_ld_eabi.lib</file>
         <name>memory.c.obj</name>
      </input_file>
      <input_file id="fl-95">
         <path>C:\ti\ccs910\ccs\tools\compiler\ti-cgt-msp430_19.6.0.STS\lib\</path>
         <kind>archive</kind>
         <file>rts430x_lc_ld_eabi.lib</file>
         <name>memcmp.c.obj</name>
      </input_file>
      <input_file id="fl-96">
         <path>C:\ti\ccs910\ccs\tools\compiler\ti-cgt-msp430_19.6.0.STS\lib\</path>
         <kind>archive</kind>
         <file>rts430x_lc_ld_eabi.lib</file>
         <name>memcpy.c.obj</name>
      </input_file>
      <input_file id="fl-97">
         <path>C:\ti\ccs910\ccs\tools\compiler\ti-cgt-msp430_19.6.0.STS\lib\</path>
         <kind>archive</kind>
         <file>rts430x_lc_ld_eabi.lib</file>
         <name>memmov.c.obj</name>
      </input_file>
      <input_file id="fl-98">
         <path>C:\ti\ccs910\ccs\tools\compiler\ti-cgt-msp430_19.6.0.STS\lib\</path>
         <kind>archive</kind>
         <file>rts430x_lc_ld_eabi.lib</file>
         <name>memset.c.obj</name>
      </input_file>
      <input_file id="fl-99">
         <path>C:\ti\ccs910\ccs\tools\compiler\ti-cgt-msp430_19.6.0.STS\lib\</path>
         <kind>archive</kind>
         <file>rts430x_lc_ld_eabi.lib</file>
         <name>strchr.c.obj</name>
      </input_file>
      <input_file id="fl-9a">
         <path>C:\ti\ccs910\ccs\tools\compiler\ti-cgt-msp430_19.6.0.STS\lib\</path>
         <kind>archive</kind>
         <file>rts430x_lc_ld_eabi.lib</file>
         <name>strcmp.c.obj</name>
      </input_file>
      <input_file id="fl-9b">
         <path>C:\ti\ccs910\ccs\tools\compiler\ti-cgt-msp430_19.6.0.STS\lib\</path>
         <kind>archive</kind>
         <file>rts430x_lc_ld_eabi.lib</file>
         <name>strcpy.c.obj</name>
      </input_file>
      <input_file id="fl-9c">
         <path>C:\ti\ccs910\ccs\tools\compiler\ti-cgt-msp430_19.6.0.STS\lib\</path>
         <kind>archive</kind>
         <file>rts430x_lc_ld_eabi.lib</file>
         <name>strlen.c.obj</name>
      </input_file>
      <input_file id="fl-9d">
         <path>C:\ti\ccs910\ccs\tools\compiler\ti-cgt-msp430_19.6.0.STS\lib\</path>
         <kind>archive</kind>
         <file>rts430x_lc_ld_eabi.lib</file>
         <name>strncmp.c.obj</name>
      </input_file>
      <input_file id="fl-9e">
         <path>C:\ti\ccs910\ccs\tools\compiler\ti-cgt-msp430_19.6.0.STS\lib\</path>
         <kind>archive</kind>
         <file>rts430x_lc_ld_eabi.lib</file>
         <name>strstr.c.obj</name>
      </input_file>
      <input_file id="fl-9f">
         <path>C:\ti\ccs910\ccs\tools\compiler\ti-cgt-msp430_19.6.0.STS\lib\</path>
         <kind>archive</kind>
         <file>rts430x_lc_ld_eabi.lib</file>
         <name>tolower.c.obj</name>
      </input_file>
   </input_file_list>
   <object_component_list>
      <object_component id="oc-484">
         <name>.sysmem</name>
         <load_address>0x8000</load_address>
         <run_address>0x8000</run_address>
         <size>0x8</size>
         <input_file_ref idref="fl-94"/>
      </object_component>
      <object_component id="oc-b13">
         <name>.sysmem</name>
         <load_address>0x8000</load_address>
         <run_address>0x8000</run_address>
         <size>0x0</size>
      </object_component>
      <object_component id="oc-b11">
         <name>.cinit..data.load</name>
         <load_address>0x9000</load_address>
         <run_address>0x9000</run_address>
         <size>0x9f</size>
      </object_component>
      <object_component id="oc-b0e">
         <name>__TI_handler_table</name>
         <load_address>0x90a2</load_address>
         <run_address>0x90a2</run_address>
         <size>0xc</size>
      </object_component>
      <object_component id="oc-b10">
         <name>.cinit..bss.load</name>
         <load_address>0x90ae</load_address>
         <run_address>0x90ae</run_address>
         <size>0x6</size>
      </object_component>
      <object_component id="oc-b0f">
         <name>__TI_cinit_table</name>
         <load_address>0x90b4</load_address>
         <run_address>0x90b4</run_address>
         <size>0x10</size>
      </object_component>
      <object_component id="oc-aae">
         <name>.binit</name>
         <load_address>0x90c4</load_address>
         <run_address>0x90c4</run_address>
         <size>0x0</size>
      </object_component>
      <object_component id="oc-9a3">
         <name>.const:.string:_ctypes_</name>
         <load_address>0x90c4</load_address>
         <run_address>0x90c4</run_address>
         <size>0x101</size>
         <input_file_ref idref="fl-8f"/>
      </object_component>
      <object_component id="oc-6df">
         <name>.const:.string</name>
         <load_address>0x91c6</load_address>
         <run_address>0x91c6</run_address>
         <size>0xa6</size>
         <input_file_ref idref="fl-2"/>
      </object_component>
      <object_component id="oc-79c">
         <name>.const:.string</name>
         <load_address>0x926c</load_address>
         <run_address>0x926c</run_address>
         <size>0x62</size>
         <input_file_ref idref="fl-24"/>
      </object_component>
      <object_component id="oc-7ca">
         <name>.const:.string</name>
         <load_address>0x92ce</load_address>
         <run_address>0x92ce</run_address>
         <size>0x3e</size>
         <input_file_ref idref="fl-23"/>
      </object_component>
      <object_component id="oc-9e6">
         <name>.const:rounders</name>
         <load_address>0x930c</load_address>
         <run_address>0x930c</run_address>
         <size>0x2c</size>
         <input_file_ref idref="fl-1f"/>
      </object_component>
      <object_component id="oc-906">
         <name>.const:.string</name>
         <load_address>0x9338</load_address>
         <run_address>0x9338</run_address>
         <size>0x2a</size>
         <input_file_ref idref="fl-21"/>
      </object_component>
      <object_component id="oc-975">
         <name>.const:.string</name>
         <load_address>0x9362</load_address>
         <run_address>0x9362</run_address>
         <size>0x20</size>
         <input_file_ref idref="fl-1d"/>
      </object_component>
      <object_component id="oc-75d">
         <name>.const:GPIO_PORT_TO_BASE</name>
         <load_address>0x9382</load_address>
         <run_address>0x9382</run_address>
         <size>0x1c</size>
         <input_file_ref idref="fl-d"/>
      </object_component>
      <object_component id="oc-933">
         <name>.const:$P$T0$1</name>
         <load_address>0x939e</load_address>
         <run_address>0x939e</run_address>
         <size>0x10</size>
         <input_file_ref idref="fl-1d"/>
      </object_component>
      <object_component id="oc-6a7">
         <name>.const:$P$T1$2</name>
         <load_address>0x93ae</load_address>
         <run_address>0x93ae</run_address>
         <size>0x10</size>
         <input_file_ref idref="fl-3"/>
      </object_component>
      <object_component id="oc-652">
         <name>.const:$P$T0$1</name>
         <load_address>0x93be</load_address>
         <run_address>0x93be</run_address>
         <size>0xe</size>
         <input_file_ref idref="fl-3"/>
      </object_component>
      <object_component id="oc-a2d">
         <name>.const</name>
         <load_address>0x93cc</load_address>
         <run_address>0x93cc</run_address>
         <size>0x2</size>
         <input_file_ref idref="fl-1b"/>
      </object_component>
      <object_component id="oc-a21">
         <name>.text:__mspabi_addd</name>
         <load_address>0x93ce</load_address>
         <run_address>0x93ce</run_address>
         <size>0x2e0</size>
         <input_file_ref idref="fl-65"/>
      </object_component>
      <object_component id="oc-9b5">
         <name>.text:JNtoA</name>
         <load_address>0x96ae</load_address>
         <run_address>0x96ae</run_address>
         <size>0x2be</size>
         <input_file_ref idref="fl-1f"/>
      </object_component>
      <object_component id="oc-9cc">
         <name>.text:JAtoN</name>
         <load_address>0x996c</load_address>
         <run_address>0x996c</run_address>
         <size>0x298</size>
         <input_file_ref idref="fl-1b"/>
      </object_component>
      <object_component id="oc-99c">
         <name>.text:parse_string</name>
         <load_address>0x9c04</load_address>
         <run_address>0x9c04</run_address>
         <size>0x28e</size>
         <input_file_ref idref="fl-1d"/>
      </object_component>
      <object_component id="oc-a65">
         <name>.text:__TI_frcmpyd</name>
         <load_address>0x9e92</load_address>
         <run_address>0x9e92</run_address>
         <size>0x280</size>
         <input_file_ref idref="fl-78"/>
      </object_component>
      <object_component id="oc-a1b">
         <name>.text:__mspabi_mpyd</name>
         <load_address>0xa112</load_address>
         <run_address>0xa112</run_address>
         <size>0x266</size>
         <input_file_ref idref="fl-77"/>
      </object_component>
      <object_component id="oc-a6d">
         <name>.text:__TI_frcaddd</name>
         <load_address>0xa378</load_address>
         <run_address>0xa378</run_address>
         <size>0x248</size>
         <input_file_ref idref="fl-66"/>
      </object_component>
      <object_component id="oc-969">
         <name>.text:print_object</name>
         <load_address>0xa5c0</load_address>
         <run_address>0xa5c0</run_address>
         <size>0x1fc</size>
         <input_file_ref idref="fl-1d"/>
      </object_component>
      <object_component id="oc-945">
         <name>.text:parse_value</name>
         <load_address>0xa7bc</load_address>
         <run_address>0xa7bc</run_address>
         <size>0x1d8</size>
         <input_file_ref idref="fl-1d"/>
      </object_component>
      <object_component id="oc-9bc">
         <name>.text:print_string_ptr</name>
         <load_address>0xa994</load_address>
         <run_address>0xa994</run_address>
         <size>0x1c0</size>
         <input_file_ref idref="fl-1d"/>
      </object_component>
      <object_component id="oc-98a">
         <name>.text:parse_object</name>
         <load_address>0xab54</load_address>
         <run_address>0xab54</run_address>
         <size>0x1ae</size>
         <input_file_ref idref="fl-1d"/>
      </object_component>
      <object_component id="oc-6d8">
         <name>.text:serialNoteTransaction</name>
         <load_address>0xad02</load_address>
         <run_address>0xad02</run_address>
         <size>0x1aa</size>
         <input_file_ref idref="fl-24"/>
      </object_component>
      <object_component id="oc-675">
         <name>.text:aligned_alloc</name>
         <load_address>0xaeac</load_address>
         <run_address>0xaeac</run_address>
         <size>0x190</size>
         <input_file_ref idref="fl-94"/>
      </object_component>
      <object_component id="oc-996">
         <name>.text:parse_number</name>
         <load_address>0xb03c</load_address>
         <run_address>0xb03c</run_address>
         <size>0x152</size>
         <input_file_ref idref="fl-1d"/>
      </object_component>
      <object_component id="oc-990">
         <name>.text:parse_array</name>
         <load_address>0xb18e</load_address>
         <run_address>0xb18e</run_address>
         <size>0x144</size>
         <input_file_ref idref="fl-1d"/>
      </object_component>
      <object_component id="oc-9d3">
         <name>.text:utf16_literal_to_utf8</name>
         <load_address>0xb2d2</load_address>
         <run_address>0xb2d2</run_address>
         <size>0x144</size>
         <input_file_ref idref="fl-1d"/>
      </object_component>
      <object_component id="oc-5a0">
         <name>.text:free</name>
         <load_address>0xb416</load_address>
         <run_address>0xb416</run_address>
         <size>0x13c</size>
         <input_file_ref idref="fl-94"/>
      </object_component>
      <object_component id="oc-909">
         <name>.text:JParseWithOpts</name>
         <load_address>0xb552</load_address>
         <run_address>0xb552</run_address>
         <size>0x132</size>
         <input_file_ref idref="fl-1d"/>
      </object_component>
      <object_component id="oc-9e9">
         <name>.text</name>
         <load_address>0xb684</load_address>
         <run_address>0xb684</run_address>
         <size>0x132</size>
         <input_file_ref idref="fl-68"/>
      </object_component>
      <object_component id="oc-957">
         <name>.text:print_number</name>
         <load_address>0xb7b6</load_address>
         <run_address>0xb7b6</run_address>
         <size>0x108</size>
         <input_file_ref idref="fl-1d"/>
      </object_component>
      <object_component id="oc-926">
         <name>.text:print_value</name>
         <load_address>0xb8be</load_address>
         <run_address>0xb8be</run_address>
         <size>0xfc</size>
         <input_file_ref idref="fl-1d"/>
      </object_component>
      <object_component id="oc-96f">
         <name>.text:ensure</name>
         <load_address>0xb9ba</load_address>
         <run_address>0xb9ba</run_address>
         <size>0xf2</size>
         <input_file_ref idref="fl-1d"/>
      </object_component>
      <object_component id="oc-a39">
         <name>.text:parse_hex4</name>
         <load_address>0xbaac</load_address>
         <run_address>0xbaac</run_address>
         <size>0xe4</size>
         <input_file_ref idref="fl-1d"/>
      </object_component>
      <object_component id="oc-963">
         <name>.text:print_array</name>
         <load_address>0xbb90</load_address>
         <run_address>0xbb90</run_address>
         <size>0xda</size>
         <input_file_ref idref="fl-1d"/>
      </object_component>
      <object_component id="oc-8fd">
         <name>.text:print</name>
         <load_address>0xbc6a</load_address>
         <run_address>0xbc6a</run_address>
         <size>0xd8</size>
         <input_file_ref idref="fl-1d"/>
      </object_component>
      <object_component id="oc-5dc">
         <name>.text:loop</name>
         <load_address>0xbd42</load_address>
         <run_address>0xbd42</run_address>
         <size>0xd6</size>
         <input_file_ref idref="fl-2"/>
      </object_component>
      <object_component id="oc-769">
         <name>.text:split</name>
         <load_address>0xbe18</load_address>
         <run_address>0xbe18</run_address>
         <size>0xba</size>
         <input_file_ref idref="fl-94"/>
      </object_component>
      <object_component id="oc-9b0">
         <name>.text</name>
         <load_address>0xbed2</load_address>
         <run_address>0xbed2</run_address>
         <size>0xb8</size>
         <input_file_ref idref="fl-79"/>
      </object_component>
      <object_component id="oc-a97">
         <name>.text:__TI_renormd</name>
         <load_address>0xbf8a</load_address>
         <run_address>0xbf8a</run_address>
         <size>0xb2</size>
         <input_file_ref idref="fl-67"/>
      </object_component>
      <object_component id="oc-58e">
         <name>.text:init_CS</name>
         <load_address>0xc03c</load_address>
         <run_address>0xc03c</run_address>
         <size>0xb2</size>
         <input_file_ref idref="fl-3"/>
      </object_component>
      <object_component id="oc-7db">
         <name>.text:NoteTransaction</name>
         <load_address>0xc0ee</load_address>
         <run_address>0xc0ee</run_address>
         <size>0xa0</size>
         <input_file_ref idref="fl-23"/>
      </object_component>
      <object_component id="oc-a15">
         <name>.text:__mspabi_fltlid</name>
         <load_address>0xc18e</load_address>
         <run_address>0xc18e</run_address>
         <size>0x9e</size>
         <input_file_ref idref="fl-73"/>
      </object_component>
      <object_component id="oc-6aa">
         <name>.text:EUSCI_A_UART_init</name>
         <load_address>0xc22c</load_address>
         <run_address>0xc22c</run_address>
         <size>0x9a</size>
         <input_file_ref idref="fl-9"/>
      </object_component>
      <object_component id="oc-5b8">
         <name>.text:noteSerialReset</name>
         <load_address>0xc2c6</load_address>
         <run_address>0xc2c6</run_address>
         <size>0x94</size>
         <input_file_ref idref="fl-3"/>
      </object_component>
      <object_component id="oc-6d2">
         <name>.text:serialNoteReset</name>
         <load_address>0xc35a</load_address>
         <run_address>0xc35a</run_address>
         <size>0x94</size>
         <input_file_ref idref="fl-24"/>
      </object_component>
      <object_component id="oc-a33">
         <name>.text</name>
         <load_address>0xc3ee</load_address>
         <run_address>0xc3ee</run_address>
         <size>0x90</size>
         <input_file_ref idref="fl-6b"/>
      </object_component>
      <object_component id="oc-a27">
         <name>.text:__mspabi_cvtdf</name>
         <load_address>0xc47e</load_address>
         <run_address>0xc47e</run_address>
         <size>0x8c</size>
         <input_file_ref idref="fl-6a"/>
      </object_component>
      <object_component id="oc-9ee">
         <name>.text</name>
         <load_address>0xc50a</load_address>
         <run_address>0xc50a</run_address>
         <size>0x7e</size>
         <input_file_ref idref="fl-71"/>
      </object_component>
      <object_component id="oc-655">
         <name>.text:Timer_B_initUpMode</name>
         <load_address>0xc588</load_address>
         <run_address>0xc588</run_address>
         <size>0x7c</size>
         <input_file_ref idref="fl-18"/>
      </object_component>
      <object_component id="oc-607">
         <name>.text:__TI_auto_init_nobinit_nopinit_hold_wdt:__TI_auto_init_nobinit_nopinit_hold_wdt</name>
         <load_address>0xc604</load_address>
         <run_address>0xc604</run_address>
         <size>0x78</size>
         <input_file_ref idref="fl-8b"/>
      </object_component>
      <object_component id="oc-66">
         <name>.text:decompress:lzss:__TI_decompress_lzss</name>
         <load_address>0xc67c</load_address>
         <run_address>0xc67c</run_address>
         <size>0x76</size>
         <input_file_ref idref="fl-4c"/>
      </object_component>
      <object_component id="oc-69b">
         <name>.text:GPIO_setAsPeripheralModuleFunctionInputPin</name>
         <load_address>0xc6f2</load_address>
         <run_address>0xc6f2</run_address>
         <size>0x72</size>
         <input_file_ref idref="fl-d"/>
      </object_component>
      <object_component id="oc-6a1">
         <name>.text:GPIO_setAsPeripheralModuleFunctionOutputPin</name>
         <load_address>0xc764</load_address>
         <run_address>0xc764</run_address>
         <size>0x72</size>
         <input_file_ref idref="fl-d"/>
      </object_component>
      <object_component id="oc-7d3">
         <name>.text:add_item_to_object</name>
         <load_address>0xc7d6</load_address>
         <run_address>0xc7d6</run_address>
         <size>0x6e</size>
         <input_file_ref idref="fl-1d"/>
      </object_component>
      <object_component id="oc-8d4">
         <name>.text</name>
         <load_address>0xc844</load_address>
         <run_address>0xc844</run_address>
         <size>0x68</size>
         <input_file_ref idref="fl-70"/>
      </object_component>
      <object_component id="oc-939">
         <name>.text:skip_utf8_bom</name>
         <load_address>0xc8ac</load_address>
         <run_address>0xc8ac</run_address>
         <size>0x68</size>
         <input_file_ref idref="fl-1d"/>
      </object_component>
      <object_component id="oc-594">
         <name>.text:init_GPIO</name>
         <load_address>0xc914</load_address>
         <run_address>0xc914</run_address>
         <size>0x66</size>
         <input_file_ref idref="fl-3"/>
      </object_component>
      <object_component id="oc-701">
         <name>.text:JDelete</name>
         <load_address>0xc97a</load_address>
         <run_address>0xc97a</run_address>
         <size>0x62</size>
         <input_file_ref idref="fl-1d"/>
      </object_component>
      <object_component id="oc-817">
         <name>.text:JCreateNumber</name>
         <load_address>0xc9dc</load_address>
         <run_address>0xc9dc</run_address>
         <size>0x60</size>
         <input_file_ref idref="fl-1d"/>
      </object_component>
      <object_component id="oc-93f">
         <name>.text:buffer_skip_whitespace</name>
         <load_address>0xca3c</load_address>
         <run_address>0xca3c</run_address>
         <size>0x58</size>
         <input_file_ref idref="fl-1d"/>
      </object_component>
      <object_component id="oc-a4d">
         <name>.text</name>
         <load_address>0xca94</load_address>
         <run_address>0xca94</run_address>
         <size>0x58</size>
         <input_file_ref idref="fl-6f"/>
      </object_component>
      <object_component id="oc-911">
         <name>.text:case_insensitive_strcmp</name>
         <load_address>0xcaec</load_address>
         <run_address>0xcaec</run_address>
         <size>0x52</size>
         <input_file_ref idref="fl-1d"/>
      </object_component>
      <object_component id="oc-8cf">
         <name>.text</name>
         <load_address>0xcb3e</load_address>
         <run_address>0xcb3e</run_address>
         <size>0x4a</size>
         <input_file_ref idref="fl-69"/>
      </object_component>
      <object_component id="oc-9f3">
         <name>.text</name>
         <load_address>0xcb88</load_address>
         <run_address>0xcb88</run_address>
         <size>0x4a</size>
         <input_file_ref idref="fl-74"/>
      </object_component>
      <object_component id="oc-8b7">
         <name>.text:get_object_item</name>
         <load_address>0xcbd2</load_address>
         <run_address>0xcbd2</run_address>
         <size>0x48</size>
         <input_file_ref idref="fl-1d"/>
      </object_component>
      <object_component id="oc-68b">
         <name>.text:free_list_insert</name>
         <load_address>0xcc1a</load_address>
         <run_address>0xcc1a</run_address>
         <size>0x46</size>
         <input_file_ref idref="fl-94"/>
      </object_component>
      <object_component id="oc-7e1">
         <name>.text:JIsNullString</name>
         <load_address>0xcc60</load_address>
         <run_address>0xcc60</run_address>
         <size>0x42</size>
         <input_file_ref idref="fl-1e"/>
      </object_component>
      <object_component id="oc-9f8">
         <name>.text</name>
         <load_address>0xcca2</load_address>
         <run_address>0xcca2</run_address>
         <size>0x40</size>
         <input_file_ref idref="fl-6d"/>
      </object_component>
      <object_component id="oc-731">
         <name>.text:l_asr_const</name>
         <load_address>0xcce2</load_address>
         <run_address>0xcce2</run_address>
         <size>0x3e</size>
         <input_file_ref idref="fl-84"/>
      </object_component>
      <object_component id="oc-a59">
         <name>.text:l_lsl_const</name>
         <load_address>0xcd20</load_address>
         <run_address>0xcd20</run_address>
         <size>0x3e</size>
         <input_file_ref idref="fl-83"/>
      </object_component>
      <object_component id="oc-a3f">
         <name>.text:l_lsr_const</name>
         <load_address>0xcd5e</load_address>
         <run_address>0xcd5e</run_address>
         <size>0x3e</size>
         <input_file_ref idref="fl-86"/>
      </object_component>
      <object_component id="oc-5ca">
         <name>.text:noteSerialReceive</name>
         <load_address>0xcd9c</load_address>
         <run_address>0xcd9c</run_address>
         <size>0x3e</size>
         <input_file_ref idref="fl-3"/>
      </object_component>
      <object_component id="oc-6ec">
         <name>.text:NoteRequest</name>
         <load_address>0xcdda</load_address>
         <run_address>0xcdda</run_address>
         <size>0x3c</size>
         <input_file_ref idref="fl-23"/>
      </object_component>
      <object_component id="oc-556">
         <name>.text:__mpu_init</name>
         <load_address>0xce16</load_address>
         <run_address>0xce16</run_address>
         <size>0x3c</size>
         <input_file_ref idref="fl-89"/>
      </object_component>
      <object_component id="oc-544">
         <name>.text:main</name>
         <load_address>0xce52</load_address>
         <run_address>0xce52</run_address>
         <size>0x3c</size>
         <input_file_ref idref="fl-3"/>
      </object_component>
      <object_component id="oc-492">
         <name>.text:memcpy</name>
         <load_address>0xce8e</load_address>
         <run_address>0xce8e</run_address>
         <size>0x3c</size>
         <input_file_ref idref="fl-96"/>
      </object_component>
      <object_component id="oc-861">
         <name>.text:Jstrdup</name>
         <load_address>0xceca</load_address>
         <run_address>0xceca</run_address>
         <size>0x3a</size>
         <input_file_ref idref="fl-1d"/>
      </object_component>
      <object_component id="oc-a05">
         <name>.text:htoa16</name>
         <load_address>0xcf04</load_address>
         <run_address>0xcf04</run_address>
         <size>0x3a</size>
         <input_file_ref idref="fl-1d"/>
      </object_component>
      <object_component id="oc-982">
         <name>.text:strncmp</name>
         <load_address>0xcf3e</load_address>
         <run_address>0xcf3e</run_address>
         <size>0x38</size>
         <input_file_ref idref="fl-9d"/>
      </object_component>
      <object_component id="oc-7cd">
         <name>.text:JCreateString</name>
         <load_address>0xcf76</load_address>
         <run_address>0xcf76</run_address>
         <size>0x36</size>
         <input_file_ref idref="fl-1d"/>
      </object_component>
      <object_component id="oc-6fb">
         <name>.text:JGetNumber</name>
         <load_address>0xcfac</load_address>
         <run_address>0xcfac</run_address>
         <size>0x36</size>
         <input_file_ref idref="fl-1e"/>
      </object_component>
      <object_component id="oc-5be">
         <name>.text:noteSerialTransmit</name>
         <load_address>0xcfe2</load_address>
         <run_address>0xcfe2</run_address>
         <size>0x36</size>
         <input_file_ref idref="fl-3"/>
      </object_component>
      <object_component id="oc-662">
         <name>.text:GPIO_setAsOutputPin</name>
         <load_address>0xd018</load_address>
         <run_address>0xd018</run_address>
         <size>0x34</size>
         <input_file_ref idref="fl-d"/>
      </object_component>
      <object_component id="oc-50d">
         <name>.text:EUSCI_B_I2C_masterSendMultiByteFinish</name>
         <load_address>0xd04c</load_address>
         <run_address>0xd04c</run_address>
         <size>0x32</size>
         <input_file_ref idref="fl-a"/>
      </object_component>
      <object_component id="oc-713">
         <name>.text:JAddNumberToObject</name>
         <load_address>0xd07e</load_address>
         <run_address>0xd07e</run_address>
         <size>0x30</size>
         <input_file_ref idref="fl-1d"/>
      </object_component>
      <object_component id="oc-5d6">
         <name>.text:setup</name>
         <load_address>0xd0ae</load_address>
         <run_address>0xd0ae</run_address>
         <size>0x30</size>
         <input_file_ref idref="fl-2"/>
      </object_component>
      <object_component id="oc-707">
         <name>.text:JAddBoolToObject</name>
         <load_address>0xd0de</load_address>
         <run_address>0xd0de</run_address>
         <size>0x2e</size>
         <input_file_ref idref="fl-1d"/>
      </object_component>
      <object_component id="oc-6e6">
         <name>.text:JAddStringToObject</name>
         <load_address>0xd10c</load_address>
         <run_address>0xd10c</run_address>
         <size>0x2e</size>
         <input_file_ref idref="fl-1d"/>
      </object_component>
      <object_component id="oc-86e">
         <name>.text:add_item_to_array</name>
         <load_address>0xd13a</load_address>
         <run_address>0xd13a</run_address>
         <size>0x2e</size>
         <input_file_ref idref="fl-1d"/>
      </object_component>
      <object_component id="oc-6f5">
         <name>.text:NoteRequestResponse</name>
         <load_address>0xd168</load_address>
         <run_address>0xd168</run_address>
         <size>0x2c</size>
         <input_file_ref idref="fl-23"/>
      </object_component>
      <object_component id="oc-5a6">
         <name>.text:delay</name>
         <load_address>0xd194</load_address>
         <run_address>0xd194</run_address>
         <size>0x2a</size>
         <input_file_ref idref="fl-3"/>
      </object_component>
      <object_component id="oc-685">
         <name>.text:free_list_remove</name>
         <load_address>0xd1be</load_address>
         <run_address>0xd1be</run_address>
         <size>0x2a</size>
         <input_file_ref idref="fl-94"/>
      </object_component>
      <object_component id="oc-5d0">
         <name>.text:NoteSetFnSerial</name>
         <load_address>0xd1e8</load_address>
         <run_address>0xd1e8</run_address>
         <size>0x28</size>
         <input_file_ref idref="fl-21"/>
      </object_component>
      <object_component id="oc-92c">
         <name>.text:update_offset</name>
         <load_address>0xd210</load_address>
         <run_address>0xd210</run_address>
         <size>0x28</size>
         <input_file_ref idref="fl-1d"/>
      </object_component>
      <object_component id="oc-810">
         <name>.text:JNew_Item</name>
         <load_address>0xd238</load_address>
         <run_address>0xd238</run_address>
         <size>0x24</size>
         <input_file_ref idref="fl-1d"/>
      </object_component>
      <object_component id="oc-87f">
         <name>.text:NoteReset</name>
         <load_address>0xd25c</load_address>
         <run_address>0xd25c</run_address>
         <size>0x24</size>
         <input_file_ref idref="fl-23"/>
      </object_component>
      <object_component id="oc-4b6">
         <name>.text:decompress:ZI:__TI_zero_init_nomemset:__TI_zero_init_nomemset</name>
         <load_address>0xd280</load_address>
         <run_address>0xd280</run_address>
         <size>0x24</size>
         <input_file_ref idref="fl-64"/>
      </object_component>
      <object_component id="oc-719">
         <name>.text</name>
         <load_address>0xd2a4</load_address>
         <run_address>0xd2a4</run_address>
         <size>0x24</size>
         <input_file_ref idref="fl-75"/>
      </object_component>
      <object_component id="oc-a10">
         <name>.text</name>
         <load_address>0xd2c8</load_address>
         <run_address>0xd2c8</run_address>
         <size>0x24</size>
         <input_file_ref idref="fl-7d"/>
      </object_component>
      <object_component id="oc-6bc">
         <name>.text:EUSCI_A_UART_enableInterrupt</name>
         <load_address>0xd2ec</load_address>
         <run_address>0xd2ec</run_address>
         <size>0x22</size>
         <input_file_ref idref="fl-9"/>
      </object_component>
      <object_component id="oc-6c9">
         <name>.text:EUSCI_A_UART_transmitData</name>
         <load_address>0xd30e</load_address>
         <run_address>0xd30e</run_address>
         <size>0x22</size>
         <input_file_ref idref="fl-9"/>
      </object_component>
      <object_component id="oc-513">
         <name>.text:EUSCI_B_I2C_masterSendMultiByteNext</name>
         <load_address>0xd330</load_address>
         <run_address>0xd330</run_address>
         <size>0x22</size>
         <input_file_ref idref="fl-a"/>
      </object_component>
      <object_component id="oc-8c8">
         <name>.text:memset</name>
         <load_address>0xd352</load_address>
         <run_address>0xd352</run_address>
         <size>0x20</size>
         <input_file_ref idref="fl-98"/>
      </object_component>
      <object_component id="oc-804">
         <name>.text:JCreateBool</name>
         <load_address>0xd372</load_address>
         <run_address>0xd372</run_address>
         <size>0x1e</size>
         <input_file_ref idref="fl-1d"/>
      </object_component>
      <object_component id="oc-7af">
         <name>.text:NoteFnSerialAvailable</name>
         <load_address>0xd390</load_address>
         <run_address>0xd390</run_address>
         <size>0x1e</size>
         <input_file_ref idref="fl-21"/>
      </object_component>
      <object_component id="oc-7a9">
         <name>.text:NoteFnSerialReceive</name>
         <load_address>0xd3ae</load_address>
         <run_address>0xd3ae</run_address>
         <size>0x1e</size>
         <input_file_ref idref="fl-21"/>
      </object_component>
      <object_component id="oc-6e0">
         <name>.text:NoteNewRequest</name>
         <load_address>0xd3cc</load_address>
         <run_address>0xd3cc</run_address>
         <size>0x1e</size>
         <input_file_ref idref="fl-23"/>
      </object_component>
      <object_component id="oc-891">
         <name>.text:errDoc</name>
         <load_address>0xd3ea</load_address>
         <run_address>0xd3ea</run_address>
         <size>0x1e</size>
         <input_file_ref idref="fl-23"/>
      </object_component>
      <object_component id="oc-668">
         <name>.text:GPIO_setOutputLowOnPin</name>
         <load_address>0xd408</load_address>
         <run_address>0xd408</run_address>
         <size>0x1c</size>
         <input_file_ref idref="fl-d"/>
      </object_component>
      <object_component id="oc-8b0">
         <name>.text:JIsString</name>
         <load_address>0xd424</load_address>
         <run_address>0xd424</run_address>
         <size>0x1c</size>
         <input_file_ref idref="fl-1d"/>
      </object_component>
      <object_component id="oc-9fd">
         <name>.text:strchr</name>
         <load_address>0xd440</load_address>
         <run_address>0xd440</run_address>
         <size>0x1c</size>
         <input_file_ref idref="fl-99"/>
      </object_component>
      <object_component id="oc-917">
         <name>.text:strcmp</name>
         <load_address>0xd45c</load_address>
         <run_address>0xd45c</run_address>
         <size>0x1c</size>
         <input_file_ref idref="fl-9a"/>
      </object_component>
      <object_component id="oc-7fb">
         <name>.text:JIsNumber</name>
         <load_address>0xd478</load_address>
         <run_address>0xd478</run_address>
         <size>0x1a</size>
         <input_file_ref idref="fl-1d"/>
      </object_component>
      <object_component id="oc-796">
         <name>.text:NoteFnSerialReset</name>
         <load_address>0xd492</load_address>
         <run_address>0xd492</run_address>
         <size>0x1a</size>
         <input_file_ref idref="fl-21"/>
      </object_component>
      <object_component id="oc-79d">
         <name>.text:NoteFnSerialTransmit</name>
         <load_address>0xd4ac</load_address>
         <run_address>0xd4ac</run_address>
         <size>0x1a</size>
         <input_file_ref idref="fl-21"/>
      </object_component>
      <object_component id="oc-837">
         <name>.text</name>
         <load_address>0xd4c6</load_address>
         <run_address>0xd4c6</run_address>
         <size>0x18</size>
         <input_file_ref idref="fl-7b"/>
      </object_component>
      <object_component id="oc-64c">
         <name>.text:WDT_A_hold</name>
         <load_address>0xd4de</load_address>
         <run_address>0xd4de</run_address>
         <size>0x16</size>
         <input_file_ref idref="fl-1a"/>
      </object_component>
      <object_component id="oc-6c">
         <name>.text:decompress:none:__TI_decompress_none</name>
         <load_address>0xd4f4</load_address>
         <run_address>0xd4f4</run_address>
         <size>0x16</size>
         <input_file_ref idref="fl-4d"/>
      </object_component>
      <object_component id="oc-67f">
         <name>.text:heap_start</name>
         <load_address>0xd50a</load_address>
         <run_address>0xd50a</run_address>
         <size>0x16</size>
         <input_file_ref idref="fl-94"/>
      </object_component>
      <object_component id="oc-5c4">
         <name>.text:noteSerialAvailable</name>
         <load_address>0xd520</load_address>
         <run_address>0xd520</run_address>
         <size>0x16</size>
         <input_file_ref idref="fl-3"/>
      </object_component>
      <object_component id="oc-7a3">
         <name>.text:NoteFnGetMs</name>
         <load_address>0xd536</load_address>
         <run_address>0xd536</run_address>
         <size>0x14</size>
         <input_file_ref idref="fl-21"/>
      </object_component>
      <object_component id="oc-89d">
         <name>.text:NoteFnTransaction</name>
         <load_address>0xd54a</load_address>
         <run_address>0xd54a</run_address>
         <size>0x14</size>
         <input_file_ref idref="fl-21"/>
      </object_component>
      <object_component id="oc-7bc">
         <name>.text:NoteFnMalloc</name>
         <load_address>0xd55e</load_address>
         <run_address>0xd55e</run_address>
         <size>0x12</size>
         <input_file_ref idref="fl-21"/>
      </object_component>
      <object_component id="oc-8f5">
         <name>.text:NoteFnNoteReset</name>
         <load_address>0xd570</load_address>
         <run_address>0xd570</run_address>
         <size>0x12</size>
         <input_file_ref idref="fl-21"/>
      </object_component>
      <object_component id="oc-5b2">
         <name>.text:NoteSetFn</name>
         <load_address>0xd582</load_address>
         <run_address>0xd582</run_address>
         <size>0x12</size>
         <input_file_ref idref="fl-21"/>
      </object_component>
      <object_component id="oc-976">
         <name>.text:strcpy</name>
         <load_address>0xd594</load_address>
         <run_address>0xd594</run_address>
         <size>0x12</size>
         <input_file_ref idref="fl-9b"/>
      </object_component>
      <object_component id="oc-7b6">
         <name>.text:strlen</name>
         <load_address>0xd5a6</load_address>
         <run_address>0xd5a6</run_address>
         <size>0x12</size>
         <input_file_ref idref="fl-9c"/>
      </object_component>
      <object_component id="oc-94c">
         <name>.text:tolower</name>
         <load_address>0xd5b8</load_address>
         <run_address>0xd5b8</run_address>
         <size>0x12</size>
         <input_file_ref idref="fl-9f"/>
      </object_component>
      <object_component id="oc-70d">
         <name>.text:JCreateObject</name>
         <load_address>0xd5ca</load_address>
         <run_address>0xd5ca</run_address>
         <size>0x10</size>
         <input_file_ref idref="fl-1d"/>
      </object_component>
      <object_component id="oc-a92">
         <name>.text:l_asr</name>
         <load_address>0xd5da</load_address>
         <run_address>0xd5da</run_address>
         <size>0x10</size>
         <input_file_ref idref="fl-84"/>
      </object_component>
      <object_component id="oc-a88">
         <name>.text:l_lsl</name>
         <load_address>0xd5ea</load_address>
         <run_address>0xd5ea</run_address>
         <size>0x10</size>
         <input_file_ref idref="fl-83"/>
      </object_component>
      <object_component id="oc-a8d">
         <name>.text:l_lsr</name>
         <load_address>0xd5fa</load_address>
         <run_address>0xd5fa</run_address>
         <size>0x10</size>
         <input_file_ref idref="fl-86"/>
      </object_component>
      <object_component id="oc-6b6">
         <name>.text:EUSCI_A_UART_clearInterrupt</name>
         <load_address>0xd60a</load_address>
         <run_address>0xd60a</run_address>
         <size>0xe</size>
         <input_file_ref idref="fl-9"/>
      </object_component>
      <object_component id="oc-790">
         <name>.text:NoteFnDelayMs</name>
         <load_address>0xd618</load_address>
         <run_address>0xd618</run_address>
         <size>0xe</size>
         <input_file_ref idref="fl-21"/>
      </object_component>
      <object_component id="oc-7c2">
         <name>.text:NoteFnFree</name>
         <load_address>0xd626</load_address>
         <run_address>0xd626</run_address>
         <size>0xe</size>
         <input_file_ref idref="fl-21"/>
      </object_component>
      <object_component id="oc-885">
         <name>.text:NoteFnLockNote</name>
         <load_address>0xd634</load_address>
         <run_address>0xd634</run_address>
         <size>0xe</size>
         <input_file_ref idref="fl-21"/>
      </object_component>
      <object_component id="oc-897">
         <name>.text:NoteFnUnlockNote</name>
         <load_address>0xd642</load_address>
         <run_address>0xd642</run_address>
         <size>0xe</size>
         <input_file_ref idref="fl-21"/>
      </object_component>
      <object_component id="oc-59a">
         <name>.text:malloc</name>
         <load_address>0xd650</load_address>
         <run_address>0xd650</run_address>
         <size>0xc</size>
         <input_file_ref idref="fl-94"/>
      </object_component>
      <object_component id="oc-6c3">
         <name>.text:EUSCI_A_UART_queryStatusFlags</name>
         <load_address>0xd65c</load_address>
         <run_address>0xd65c</run_address>
         <size>0xa</size>
         <input_file_ref idref="fl-9"/>
      </object_component>
      <object_component id="oc-519">
         <name>.text:EUSCI_B_I2C_masterReceiveMultiByteNext</name>
         <load_address>0xd666</load_address>
         <run_address>0xd666</run_address>
         <size>0xa</size>
         <input_file_ref idref="fl-a"/>
      </object_component>
      <object_component id="oc-8a9">
         <name>.text:JParse</name>
         <load_address>0xd670</load_address>
         <run_address>0xd670</run_address>
         <size>0xa</size>
         <input_file_ref idref="fl-1d"/>
      </object_component>
      <object_component id="oc-5ac">
         <name>.text:millis</name>
         <load_address>0xd67a</load_address>
         <run_address>0xd67a</run_address>
         <size>0xa</size>
         <input_file_ref idref="fl-3"/>
      </object_component>
      <object_component id="oc-95d">
         <name>.text:print_string</name>
         <load_address>0xd684</load_address>
         <run_address>0xd684</run_address>
         <size>0xa</size>
         <input_file_ref idref="fl-1d"/>
      </object_component>
      <object_component id="oc-9e1">
         <name>.text</name>
         <load_address>0xd68e</load_address>
         <run_address>0xd68e</run_address>
         <size>0xa</size>
         <input_file_ref idref="fl-81"/>
      </object_component>
      <object_component id="oc-8ec">
         <name>.text:suffix_object</name>
         <load_address>0xd698</load_address>
         <run_address>0xd698</run_address>
         <size>0xa</size>
         <input_file_ref idref="fl-1d"/>
      </object_component>
      <object_component id="oc-71e">
         <name>.text:JAddItemToObject</name>
         <load_address>0xd6a2</load_address>
         <run_address>0xd6a2</run_address>
         <size>0x8</size>
         <input_file_ref idref="fl-1d"/>
      </object_component>
      <object_component id="oc-7f5">
         <name>.text:JGetObjectItem</name>
         <load_address>0xd6aa</load_address>
         <run_address>0xd6aa</run_address>
         <size>0x8</size>
         <input_file_ref idref="fl-1d"/>
      </object_component>
      <object_component id="oc-88b">
         <name>.text:JPrintUnformatted</name>
         <load_address>0xd6b2</load_address>
         <run_address>0xd6b2</run_address>
         <size>0x8</size>
         <input_file_ref idref="fl-1d"/>
      </object_component>
      <object_component id="oc-6b0">
         <name>.text:EUSCI_A_UART_enable</name>
         <load_address>0xd6ba</load_address>
         <run_address>0xd6ba</run_address>
         <size>0x6</size>
         <input_file_ref idref="fl-9"/>
      </object_component>
      <object_component id="oc-51f">
         <name>.text:EUSCI_B_I2C_masterReceiveMultiByteStop</name>
         <load_address>0xd6c0</load_address>
         <run_address>0xd6c0</run_address>
         <size>0x6</size>
         <input_file_ref idref="fl-a"/>
      </object_component>
      <object_component id="oc-8a3">
         <name>.text:NoteResetRequired</name>
         <load_address>0xd6c6</load_address>
         <run_address>0xd6c6</run_address>
         <size>0x6</size>
         <input_file_ref idref="fl-23"/>
      </object_component>
      <object_component id="oc-66e">
         <name>.text:PMM_unlockLPM5</name>
         <load_address>0xd6cc</load_address>
         <run_address>0xd6cc</run_address>
         <size>0x6</size>
         <input_file_ref idref="fl-11"/>
      </object_component>
      <object_component id="oc-52f">
         <name>.text:Timer_B_clearTimerInterrupt</name>
         <load_address>0xd6d2</load_address>
         <run_address>0xd6d2</run_address>
         <size>0x6</size>
         <input_file_ref idref="fl-18"/>
      </object_component>
      <object_component id="oc-65b">
         <name>.text:Timer_B_startCounter</name>
         <load_address>0xd6d8</load_address>
         <run_address>0xd6d8</run_address>
         <size>0x6</size>
         <input_file_ref idref="fl-18"/>
      </object_component>
      <object_component id="oc-5e3">
         <name>.text:abort</name>
         <load_address>0xd6de</load_address>
         <run_address>0xd6de</run_address>
         <size>0x6</size>
         <input_file_ref idref="fl-91"/>
      </object_component>
      <object_component id="oc-9aa">
         <name>.text:get_decimal_point</name>
         <load_address>0xd6e4</load_address>
         <run_address>0xd6e4</run_address>
         <size>0x6</size>
         <input_file_ref idref="fl-1d"/>
      </object_component>
      <object_component id="oc-53e">
         <name>.text:_system_pre_init</name>
         <load_address>0xd6ea</load_address>
         <run_address>0xd6ea</run_address>
         <size>0x4</size>
         <input_file_ref idref="fl-8d"/>
      </object_component>
      <object_component id="oc-770">
         <name>.text:_nop</name>
         <load_address>0xd6ee</load_address>
         <run_address>0xd6ee</run_address>
         <size>0x2</size>
         <input_file_ref idref="fl-93"/>
      </object_component>
      <object_component id="oc-736">
         <name>.text:_system_post_cinit</name>
         <load_address>0xd6f0</load_address>
         <run_address>0xd6f0</run_address>
         <size>0x2</size>
         <input_file_ref idref="fl-8c"/>
      </object_component>
      <object_component id="oc-868">
         <name>.text:cast_away_const</name>
         <load_address>0xd6f2</load_address>
         <run_address>0xd6f2</run_address>
         <size>0x2</size>
         <input_file_ref idref="fl-1d"/>
      </object_component>
      <object_component id="oc-4a4">
         <name>.text:_isr:USCI_B0_ISR</name>
         <load_address>0xd6f4</load_address>
         <run_address>0xd6f4</run_address>
         <size>0xba</size>
         <input_file_ref idref="fl-3"/>
      </object_component>
      <object_component id="oc-4aa">
         <name>.text:_isr:USCI_A1_ISR</name>
         <load_address>0xd7ae</load_address>
         <run_address>0xd7ae</run_address>
         <size>0x7e</size>
         <input_file_ref idref="fl-3"/>
      </object_component>
      <object_component id="oc-4e0">
         <name>.text:_isr:_c_int00_noargs_mpu</name>
         <load_address>0xd82c</load_address>
         <run_address>0xd82c</run_address>
         <size>0x20</size>
         <input_file_ref idref="fl-88"/>
      </object_component>
      <object_component id="oc-4b0">
         <name>.text:_isr:TIMER0_B1_ISR</name>
         <load_address>0xd84c</load_address>
         <run_address>0xd84c</run_address>
         <size>0x16</size>
         <input_file_ref idref="fl-3"/>
      </object_component>
      <object_component id="oc-49f">
         <name>.text:_isr:__TI_ISR_TRAP</name>
         <load_address>0xd862</load_address>
         <run_address>0xd862</run_address>
         <size>0x8</size>
         <input_file_ref idref="fl-4f"/>
      </object_component>
      <object_component id="oc-526">
         <name>.bss:serialBuffer</name>
         <uninitialized>true</uninitialized>
         <run_address>0x2000</run_address>
         <size>0x200</size>
         <input_file_ref idref="fl-3"/>
      </object_component>
      <object_component id="oc-50a">
         <name>.bss</name>
         <uninitialized>true</uninitialized>
         <run_address>0x2200</run_address>
         <size>0x4</size>
         <input_file_ref idref="fl-3"/>
      </object_component>
      <object_component id="oc-766">
         <name>.bss</name>
         <uninitialized>true</uninitialized>
         <run_address>0x2204</run_address>
         <size>0x4</size>
         <input_file_ref idref="fl-94"/>
      </object_component>
      <object_component id="oc-6f4">
         <name>.data</name>
         <load_address>0x229c</load_address>
         <run_address>0x229c</run_address>
         <size>0x2</size>
         <input_file_ref idref="fl-2"/>
      </object_component>
      <object_component id="oc-507">
         <name>.data</name>
         <load_address>0x2278</load_address>
         <run_address>0x2278</run_address>
         <size>0x14</size>
         <input_file_ref idref="fl-3"/>
      </object_component>
      <object_component id="oc-a30">
         <name>.data:powersOf10</name>
         <load_address>0x225c</load_address>
         <run_address>0x225c</run_address>
         <size>0x1c</size>
         <input_file_ref idref="fl-1b"/>
      </object_component>
      <object_component id="oc-936">
         <name>.data:global_error</name>
         <load_address>0x228c</load_address>
         <run_address>0x228c</run_address>
         <size>0x8</size>
         <input_file_ref idref="fl-1d"/>
      </object_component>
      <object_component id="oc-697">
         <name>.data</name>
         <load_address>0x2208</load_address>
         <run_address>0x2208</run_address>
         <size>0x54</size>
         <input_file_ref idref="fl-21"/>
      </object_component>
      <object_component id="oc-87c">
         <name>.data</name>
         <load_address>0x22a0</load_address>
         <run_address>0x22a0</run_address>
         <size>0x1</size>
         <input_file_ref idref="fl-23"/>
      </object_component>
      <object_component id="oc-67c">
         <name>.data:_lock</name>
         <load_address>0x2294</load_address>
         <run_address>0x2294</run_address>
         <size>0x4</size>
         <input_file_ref idref="fl-93"/>
      </object_component>
      <object_component id="oc-691">
         <name>.data:_unlock</name>
         <load_address>0x2298</load_address>
         <run_address>0x2298</run_address>
         <size>0x4</size>
         <input_file_ref idref="fl-93"/>
      </object_component>
      <object_component id="oc-763">
         <name>.data</name>
         <load_address>0x229e</load_address>
         <run_address>0x229e</run_address>
         <size>0x2</size>
         <input_file_ref idref="fl-94"/>
      </object_component>
      <object_component id="oc-480">
         <name>.stack</name>
         <uninitialized>true</uninitialized>
         <run_address>0x2f60</run_address>
         <size>0x4</size>
         <input_file_ref idref="fl-88"/>
      </object_component>
      <object_component id="oc-b12">
         <name>.stack</name>
         <uninitialized>true</uninitialized>
         <run_address>0x2f60</run_address>
         <size>0x0</size>
      </object_component>
      <object_component id="oc-72">
         <name>.int22</name>
         <load_address>0xffce</load_address>
         <run_address>0xffce</run_address>
         <size>0x2</size>
         <input_file_ref idref="fl-4e"/>
      </object_component>
      <object_component id="oc-73">
         <name>.int23</name>
         <load_address>0xffd0</load_address>
         <run_address>0xffd0</run_address>
         <size>0x2</size>
         <input_file_ref idref="fl-50"/>
      </object_component>
      <object_component id="oc-74">
         <name>.int24</name>
         <load_address>0xffd2</load_address>
         <run_address>0xffd2</run_address>
         <size>0x2</size>
         <input_file_ref idref="fl-51"/>
      </object_component>
      <object_component id="oc-75">
         <name>.int25</name>
         <load_address>0xffd4</load_address>
         <run_address>0xffd4</run_address>
         <size>0x2</size>
         <input_file_ref idref="fl-52"/>
      </object_component>
      <object_component id="oc-76">
         <name>.int26</name>
         <load_address>0xffd6</load_address>
         <run_address>0xffd6</run_address>
         <size>0x2</size>
         <input_file_ref idref="fl-53"/>
      </object_component>
      <object_component id="oc-77">
         <name>.int27</name>
         <load_address>0xffd8</load_address>
         <run_address>0xffd8</run_address>
         <size>0x2</size>
         <input_file_ref idref="fl-54"/>
      </object_component>
      <object_component id="oc-78">
         <name>.int28</name>
         <load_address>0xffda</load_address>
         <run_address>0xffda</run_address>
         <size>0x2</size>
         <input_file_ref idref="fl-55"/>
      </object_component>
      <object_component id="oc-79">
         <name>.int29</name>
         <load_address>0xffdc</load_address>
         <run_address>0xffdc</run_address>
         <size>0x2</size>
         <input_file_ref idref="fl-56"/>
      </object_component>
      <object_component id="oc-7a">
         <name>.int30</name>
         <load_address>0xffde</load_address>
         <run_address>0xffde</run_address>
         <size>0x2</size>
         <input_file_ref idref="fl-57"/>
      </object_component>
      <object_component id="oc-7b">
         <name>.int31</name>
         <load_address>0xffe0</load_address>
         <run_address>0xffe0</run_address>
         <size>0x2</size>
         <input_file_ref idref="fl-3"/>
      </object_component>
      <object_component id="oc-7c">
         <name>.int32</name>
         <load_address>0xffe2</load_address>
         <run_address>0xffe2</run_address>
         <size>0x2</size>
         <input_file_ref idref="fl-3"/>
      </object_component>
      <object_component id="oc-7d">
         <name>.int33</name>
         <load_address>0xffe4</load_address>
         <run_address>0xffe4</run_address>
         <size>0x2</size>
         <input_file_ref idref="fl-58"/>
      </object_component>
      <object_component id="oc-7e">
         <name>.int34</name>
         <load_address>0xffe6</load_address>
         <run_address>0xffe6</run_address>
         <size>0x2</size>
         <input_file_ref idref="fl-59"/>
      </object_component>
      <object_component id="oc-7f">
         <name>.int35</name>
         <load_address>0xffe8</load_address>
[...]
         <name>NoteRequestResponse</name>
         <value>0xd168</value>
         <object_component_ref idref="oc-6f5"/>
      </symbol>
      <symbol id="sm-ac2">
         <name>serialNoteTransaction</name>
         <value>0xad02</value>
         <object_component_ref idref="oc-6d8"/>
      </symbol>
      <symbol id="sm-ac3">
         <name>serialNoteReset</name>
         <value>0xc35a</value>
         <object_component_ref idref="oc-6d2"/>
      </symbol>
      <symbol id="sm-ae7">
         <name>__TI_decompress_lzss</name>
         <value>0xc67c</value>
         <object_component_ref idref="oc-66"/>
      </symbol>
      <symbol id="sm-af8">
         <name>__TI_decompress_none</name>
         <value>0xd4f4</value>
         <object_component_ref idref="oc-6c"/>
      </symbol>
      <symbol id="sm-afb">
         <name>__TI_int22</name>
         <value>0xffce</value>
         <object_component_ref idref="oc-72"/>
      </symbol>
      <symbol id="sm-b03">
         <name>__TI_ISR_TRAP</name>
         <value>0xd862</value>
         <object_component_ref idref="oc-49f"/>
      </symbol>
      <symbol id="sm-b06">
         <name>__TI_int23</name>
         <value>0xffd0</value>
         <object_component_ref idref="oc-73"/>
      </symbol>
      <symbol id="sm-b09">
         <name>__TI_int24</name>
         <value>0xffd2</value>
         <object_component_ref idref="oc-74"/>
      </symbol>
      <symbol id="sm-b0c">
         <name>__TI_int25</name>
         <value>0xffd4</value>
         <object_component_ref idref="oc-75"/>
      </symbol>
      <symbol id="sm-b0f">
         <name>__TI_int26</name>
         <value>0xffd6</value>
         <object_component_ref idref="oc-76"/>
      </symbol>
      <symbol id="sm-b12">
         <name>__TI_int27</name>
         <value>0xffd8</value>
         <object_component_ref idref="oc-77"/>
      </symbol>
      <symbol id="sm-b15">
         <name>__TI_int28</name>
         <value>0xffda</value>
         <object_component_ref idref="oc-78"/>
      </symbol>
      <symbol id="sm-b18">
         <name>__TI_int29</name>
         <value>0xffdc</value>
         <object_component_ref idref="oc-79"/>
      </symbol>
      <symbol id="sm-b1b">
         <name>__TI_int30</name>
         <value>0xffde</value>
         <object_component_ref idref="oc-7a"/>
      </symbol>
      <symbol id="sm-b1e">
         <name>__TI_int33</name>
         <value>0xffe4</value>
         <object_component_ref idref="oc-7d"/>
      </symbol>
      <symbol id="sm-b21">
         <name>__TI_int34</name>
         <value>0xffe6</value>
         <object_component_ref idref="oc-7e"/>
      </symbol>
      <symbol id="sm-b24">
         <name>__TI_int35</name>
         <value>0xffe8</value>
         <object_component_ref idref="oc-7f"/>
      </symbol>
      <symbol id="sm-b27">
         <name>__TI_int36</name>
         <value>0xffea</value>
         <object_component_ref idref="oc-80"/>
      </symbol>
      <symbol id="sm-b2a">
         <name>__TI_int37</name>
         <value>0xffec</value>
         <object_component_ref idref="oc-81"/>
      </symbol>
      <symbol id="sm-b2d">
         <name>__TI_int38</name>
         <value>0xffee</value>
         <object_component_ref idref="oc-82"/>
      </symbol>
      <symbol id="sm-b30">
         <name>__TI_int39</name>
         <value>0xfff0</value>
         <object_component_ref idref="oc-83"/>
      </symbol>
      <symbol id="sm-b33">
         <name>__TI_int40</name>
         <value>0xfff2</value>
         <object_component_ref idref="oc-84"/>
      </symbol>
      <symbol id="sm-b36">
         <name>__TI_int41</name>
         <value>0xfff4</value>
         <object_component_ref idref="oc-85"/>
      </symbol>
      <symbol id="sm-b39">
         <name>__TI_int43</name>
         <value>0xfff8</value>
         <object_component_ref idref="oc-87"/>
      </symbol>
      <symbol id="sm-b3c">
         <name>__TI_int44</name>
         <value>0xfffa</value>
         <object_component_ref idref="oc-88"/>
      </symbol>
      <symbol id="sm-b3f">
         <name>__TI_int45</name>
         <value>0xfffc</value>
         <object_component_ref idref="oc-89"/>
      </symbol>
      <symbol id="sm-b52">
         <name>__TI_zero_init_nomemset</name>
         <value>0xd280</value>
         <object_component_ref idref="oc-4b6"/>
      </symbol>
      <symbol id="sm-b79">
         <name>__mspabi_addd</name>
         <value>0x93ce</value>
         <object_component_ref idref="oc-a21"/>
      </symbol>
      <symbol id="sm-b9a">
         <name>__TI_frcaddd</name>
         <value>0xa378</value>
         <object_component_ref idref="oc-a6d"/>
      </symbol>
      <symbol id="sm-bae">
         <name>__TI_renormd</name>
         <value>0xbf8a</value>
         <object_component_ref idref="oc-a97"/>
      </symbol>
      <symbol id="sm-bc9">
         <name>__mspabi_subf</name>
         <value>0xb684</value>
         <object_component_ref idref="oc-9e9"/>
      </symbol>
      <symbol id="sm-bca">
         <name>__mspabi_addf</name>
         <value>0xb68a</value>
         <object_component_ref idref="oc-9e9"/>
      </symbol>
      <symbol id="sm-bda">
         <name>__mspabi_cmpf</name>
         <value>0xcb3e</value>
         <object_component_ref idref="oc-8cf"/>
      </symbol>
      <symbol id="sm-bed">
         <name>__mspabi_cvtdf</name>
         <value>0xc47e</value>
         <object_component_ref idref="oc-a27"/>
      </symbol>
      <symbol id="sm-bff">
         <name>__mspabi_divf</name>
         <value>0xc3ee</value>
         <object_component_ref idref="oc-a33"/>
      </symbol>
      <symbol id="sm-c0c">
         <name>__mspabi_remli</name>
         <value>0xcca2</value>
         <object_component_ref idref="oc-9f8"/>
      </symbol>
      <symbol id="sm-c0d">
         <name>__mspabi_divli</name>
         <value>0xcca2</value>
         <object_component_ref idref="oc-9f8"/>
      </symbol>
      <symbol id="sm-c1c">
         <name>__mspabi_remul</name>
         <value>0xca94</value>
         <object_component_ref idref="oc-a4d"/>
      </symbol>
      <symbol id="sm-c1d">
         <name>__mspabi_divul</name>
         <value>0xca94</value>
         <object_component_ref idref="oc-a4d"/>
      </symbol>
      <symbol id="sm-c2f">
         <name>__mspabi_fixfi</name>
         <value>0xc844</value>
         <object_component_ref idref="oc-8d4"/>
      </symbol>
      <symbol id="sm-c42">
         <name>__mspabi_fixfli</name>
         <value>0xc50a</value>
         <object_component_ref idref="oc-9ee"/>
      </symbol>
      <symbol id="sm-c5b">
         <name>__mspabi_fltlid</name>
         <value>0xc18e</value>
         <object_component_ref idref="oc-a15"/>
      </symbol>
      <symbol id="sm-c6a">
         <name>__mspabi_fltlif</name>
         <value>0xcb88</value>
         <object_component_ref idref="oc-9f3"/>
      </symbol>
      <symbol id="sm-c75">
         <name>__mspabi_fltuf</name>
         <value>0xd2a4</value>
         <object_component_ref idref="oc-719"/>
      </symbol>
      <symbol id="sm-c97">
         <name>__mspabi_mpyd</name>
         <value>0xa112</value>
         <object_component_ref idref="oc-a1b"/>
      </symbol>
      <symbol id="sm-ca7">
         <name>__TI_frcmpyd</name>
         <value>0x9e92</value>
         <object_component_ref idref="oc-a65"/>
      </symbol>
      <symbol id="sm-cbe">
         <name>__mspabi_mpyf</name>
         <value>0xbed2</value>
         <object_component_ref idref="oc-9b0"/>
      </symbol>
      <symbol id="sm-cc7">
         <name>__mspabi_mpyi_f5hw</name>
         <value>0xd4c6</value>
         <object_component_ref idref="oc-837"/>
      </symbol>
      <symbol id="sm-cd0">
         <name>__mspabi_mpyl_f5hw</name>
         <value>0xd2c8</value>
         <object_component_ref idref="oc-a10"/>
      </symbol>
      <symbol id="sm-cdc">
         <name>__mspabi_negf</name>
         <value>0xd68e</value>
         <object_component_ref idref="oc-9e1"/>
      </symbol>
      <symbol id="sm-ced">
         <name>__mspabi_slll_9</name>
         <value>0xcd38</value>
         <object_component_ref idref="oc-a59"/>
      </symbol>
      <symbol id="sm-cee">
         <name>__mspabi_slll_8</name>
         <value>0xcd3c</value>
         <object_component_ref idref="oc-a59"/>
      </symbol>
      <symbol id="sm-cef">
         <name>__mspabi_slll_7</name>
         <value>0xcd40</value>
         <object_component_ref idref="oc-a59"/>
      </symbol>
      <symbol id="sm-cf0">
         <name>__mspabi_slll_6</name>
         <value>0xcd44</value>
         <object_component_ref idref="oc-a59"/>
      </symbol>
      <symbol id="sm-cf1">
         <name>__mspabi_slll_5</name>
         <value>0xcd48</value>
         <object_component_ref idref="oc-a59"/>
      </symbol>
      <symbol id="sm-cf2">
         <name>__mspabi_slll_4</name>
         <value>0xcd4c</value>
         <object_component_ref idref="oc-a59"/>
      </symbol>
      <symbol id="sm-cf3">
         <name>__mspabi_slll_3</name>
         <value>0xcd50</value>
         <object_component_ref idref="oc-a59"/>
      </symbol>
      <symbol id="sm-cf4">
         <name>__mspabi_slll_2</name>
         <value>0xcd54</value>
         <object_component_ref idref="oc-a59"/>
      </symbol>
      <symbol id="sm-cf5">
         <name>__mspabi_slll_1</name>
         <value>0xcd58</value>
         <object_component_ref idref="oc-a59"/>
      </symbol>
      <symbol id="sm-cf6">
         <name>__mspabi_slll</name>
         <value>0xd5ea</value>
         <object_component_ref idref="oc-a88"/>
      </symbol>
      <symbol id="sm-cf7">
         <name>__mspabi_slll_15</name>
         <value>0xcd20</value>
         <object_component_ref idref="oc-a59"/>
      </symbol>
      <symbol id="sm-cf8">
         <name>__mspabi_slll_14</name>
         <value>0xcd24</value>
         <object_component_ref idref="oc-a59"/>
      </symbol>
      <symbol id="sm-cf9">
         <name>__mspabi_slll_13</name>
         <value>0xcd28</value>
         <object_component_ref idref="oc-a59"/>
      </symbol>
      <symbol id="sm-cfa">
         <name>__mspabi_slll_12</name>
         <value>0xcd2c</value>
         <object_component_ref idref="oc-a59"/>
      </symbol>
      <symbol id="sm-cfb">
         <name>__mspabi_slll_11</name>
         <value>0xcd30</value>
         <object_component_ref idref="oc-a59"/>
      </symbol>
      <symbol id="sm-cfc">
         <name>__mspabi_slll_10</name>
         <value>0xcd34</value>
         <object_component_ref idref="oc-a59"/>
      </symbol>
      <symbol id="sm-d0c">
         <name>__mspabi_sral</name>
         <value>0xd5da</value>
         <object_component_ref idref="oc-a92"/>
      </symbol>
      <symbol id="sm-d0d">
         <name>__mspabi_sral_15</name>
         <value>0xcce2</value>
         <object_component_ref idref="oc-731"/>
      </symbol>
      <symbol id="sm-d0e">
         <name>__mspabi_sral_14</name>
         <value>0xcce6</value>
         <object_component_ref idref="oc-731"/>
      </symbol>
      <symbol id="sm-d0f">
         <name>__mspabi_sral_13</name>
         <value>0xccea</value>
         <object_component_ref idref="oc-731"/>
      </symbol>
      <symbol id="sm-d10">
         <name>__mspabi_sral_12</name>
         <value>0xccee</value>
         <object_component_ref idref="oc-731"/>
      </symbol>
      <symbol id="sm-d11">
         <name>__mspabi_sral_11</name>
         <value>0xccf2</value>
         <object_component_ref idref="oc-731"/>
      </symbol>
      <symbol id="sm-d12">
         <name>__mspabi_sral_10</name>
         <value>0xccf6</value>
         <object_component_ref idref="oc-731"/>
      </symbol>
      <symbol id="sm-d13">
         <name>__mspabi_sral_8</name>
         <value>0xccfe</value>
         <object_component_ref idref="oc-731"/>
      </symbol>
      <symbol id="sm-d14">
         <name>__mspabi_sral_9</name>
         <value>0xccfa</value>
         <object_component_ref idref="oc-731"/>
      </symbol>
      <symbol id="sm-d15">
         <name>__mspabi_sral_6</name>
         <value>0xcd06</value>
         <object_component_ref idref="oc-731"/>
      </symbol>
      <symbol id="sm-d16">
         <name>__mspabi_sral_7</name>
         <value>0xcd02</value>
         <object_component_ref idref="oc-731"/>
      </symbol>
      <symbol id="sm-d17">
         <name>__mspabi_sral_4</name>
         <value>0xcd0e</value>
         <object_component_ref idref="oc-731"/>
      </symbol>
      <symbol id="sm-d18">
         <name>__mspabi_sral_5</name>
         <value>0xcd0a</value>
         <object_component_ref idref="oc-731"/>
      </symbol>
      <symbol id="sm-d19">
         <name>__mspabi_sral_2</name>
         <value>0xcd16</value>
         <object_component_ref idref="oc-731"/>
      </symbol>
      <symbol id="sm-d1a">
         <name>__mspabi_sral_3</name>
         <value>0xcd12</value>
         <object_component_ref idref="oc-731"/>
      </symbol>
      <symbol id="sm-d1b">
         <name>__mspabi_sral_1</name>
         <value>0xcd1a</value>
         <object_component_ref idref="oc-731"/>
      </symbol>
      <symbol id="sm-d2c">
         <name>__mspabi_srll_8</name>
         <value>0xcd7a</value>
         <object_component_ref idref="oc-a3f"/>
      </symbol>
      <symbol id="sm-d2d">
         <name>__mspabi_srll_9</name>
         <value>0xcd76</value>
         <object_component_ref idref="oc-a3f"/>
      </symbol>
      <symbol id="sm-d2e">
         <name>__mspabi_srll_6</name>
         <value>0xcd82</value>
         <object_component_ref idref="oc-a3f"/>
      </symbol>
      <symbol id="sm-d2f">
         <name>__mspabi_srll_7</name>
         <value>0xcd7e</value>
         <object_component_ref idref="oc-a3f"/>
      </symbol>
      <symbol id="sm-d30">
         <name>__mspabi_srll_4</name>
         <value>0xcd8a</value>
         <object_component_ref idref="oc-a3f"/>
      </symbol>
      <symbol id="sm-d31">
         <name>__mspabi_srll_5</name>
         <value>0xcd86</value>
         <object_component_ref idref="oc-a3f"/>
      </symbol>
      <symbol id="sm-d32">
         <name>__mspabi_srll_2</name>
         <value>0xcd92</value>
         <object_component_ref idref="oc-a3f"/>
      </symbol>
      <symbol id="sm-d33">
         <name>__mspabi_srll_3</name>
         <value>0xcd8e</value>
         <object_component_ref idref="oc-a3f"/>
      </symbol>
      <symbol id="sm-d34">
         <name>__mspabi_srll_1</name>
         <value>0xcd96</value>
         <object_component_ref idref="oc-a3f"/>
      </symbol>
      <symbol id="sm-d35">
         <name>__mspabi_srll_15</name>
         <value>0xcd5e</value>
         <object_component_ref idref="oc-a3f"/>
      </symbol>
      <symbol id="sm-d36">
         <name>__mspabi_srll_14</name>
         <value>0xcd62</value>
         <object_component_ref idref="oc-a3f"/>
      </symbol>
      <symbol id="sm-d37">
         <name>__mspabi_srll_13</name>
         <value>0xcd66</value>
         <object_component_ref idref="oc-a3f"/>
      </symbol>
      <symbol id="sm-d38">
         <name>__mspabi_srll_12</name>
         <value>0xcd6a</value>
         <object_component_ref idref="oc-a3f"/>
      </symbol>
      <symbol id="sm-d39">
         <name>__mspabi_srll_11</name>
         <value>0xcd6e</value>
         <object_component_ref idref="oc-a3f"/>
      </symbol>
      <symbol id="sm-d3a">
         <name>__mspabi_srll_10</name>
         <value>0xcd72</value>
         <object_component_ref idref="oc-a3f"/>
      </symbol>
      <symbol id="sm-d3b">
         <name>__mspabi_srll</name>
         <value>0xd5fa</value>
         <object_component_ref idref="oc-a8d"/>
      </symbol>
      <symbol id="sm-d4c">
         <name>_c_int00_noargs_mpu</name>
         <value>0xd82c</value>
         <object_component_ref idref="oc-4e0"/>
      </symbol>
      <symbol id="sm-d4d">
         <name>_stack</name>
         <value>0x2f60</value>
         <object_component_ref idref="oc-480"/>
      </symbol>
      <symbol id="sm-d4e">
         <name>_reset_vector</name>
         <value>0xfffe</value>
         <object_component_ref idref="oc-483"/>
      </symbol>
      <symbol id="sm-d5c">
         <name>__mpu_init</name>
         <value>0xce16</value>
         <object_component_ref idref="oc-556"/>
      </symbol>
      <symbol id="sm-d7f">
         <name>__TI_auto_init_nobinit_nopinit_hold_wdt</name>
         <value>0xc604</value>
         <object_component_ref idref="oc-607"/>
      </symbol>
      <symbol id="sm-d88">
         <name>_system_post_cinit</name>
         <value>0xd6f0</value>
         <object_component_ref idref="oc-736"/>
      </symbol>
      <symbol id="sm-d91">
         <name>_system_pre_init</name>
         <value>0xd6ea</value>
         <object_component_ref idref="oc-53e"/>
      </symbol>
      <symbol id="sm-d9c">
         <name>_ctypes_</name>
         <value>0x90c4</value>
         <object_component_ref idref="oc-9a3"/>
      </symbol>
      <symbol id="sm-da7">
         <name>C$$EXIT</name>
         <value>0xd6de</value>
         <object_component_ref idref="oc-5e3"/>
      </symbol>
      <symbol id="sm-da8">
         <name>abort</name>
         <value>0xd6de</value>
         <object_component_ref idref="oc-5e3"/>
      </symbol>
      <symbol id="sm-dbf">
         <name>_nop</name>
         <value>0xd6ee</value>
         <object_component_ref idref="oc-770"/>
      </symbol>
      <symbol id="sm-dc0">
         <name>_lock</name>
         <value>0x2294</value>
         <object_component_ref idref="oc-67c"/>
      </symbol>
      <symbol id="sm-dc1">
         <name>_unlock</name>
         <value>0x2298</value>
         <object_component_ref idref="oc-691"/>
      </symbol>
      <symbol id="sm-e42">
         <name>_sys_memory</name>
         <value>0x8000</value>
         <object_component_ref idref="oc-484"/>
      </symbol>
      <symbol id="sm-e43">
         <name>free</name>
         <value>0xb416</value>
         <object_component_ref idref="oc-5a0"/>
      </symbol>
      <symbol id="sm-e44">
         <name>memalign</name>
         <value>0xaeac</value>
         <object_component_ref idref="oc-675"/>
      </symbol>
      <symbol id="sm-e45">
         <name>malloc</name>
         <value>0xd650</value>
         <object_component_ref idref="oc-59a"/>
      </symbol>
      <symbol id="sm-e46">
         <name>aligned_alloc</name>
         <value>0xaeac</value>
         <object_component_ref idref="oc-675"/>
      </symbol>
      <symbol id="sm-e56">
         <name>memcpy</name>
         <value>0xce8e</value>
         <object_component_ref idref="oc-492"/>
      </symbol>
      <symbol id="sm-e66">
         <name>memset</name>
         <value>0xd352</value>
         <object_component_ref idref="oc-8c8"/>
      </symbol>
      <symbol id="sm-e75">
         <name>strchr</name>
         <value>0xd440</value>
         <object_component_ref idref="oc-9fd"/>
      </symbol>
      <symbol id="sm-e83">
         <name>strcmp</name>
         <value>0xd45c</value>
         <object_component_ref idref="oc-917"/>
      </symbol>
      <symbol id="sm-e90">
         <name>strcpy</name>
         <value>0xd594</value>
         <object_component_ref idref="oc-976"/>
      </symbol>
      <symbol id="sm-e9d">
         <name>strlen</name>
         <value>0xd5a6</value>
         <object_component_ref idref="oc-7b6"/>
      </symbol>
      <symbol id="sm-eae">
         <name>strncmp</name>
         <value>0xcf3e</value>
         <object_component_ref idref="oc-982"/>
      </symbol>
      <symbol id="sm-ebc">
         <name>tolower</name>
         <value>0xd5b8</value>
         <object_component_ref idref="oc-94c"/>
      </symbol>
      <symbol id="sm-ec3">
         <name>JMalloc</name>
         <value>0xd55e</value>
      </symbol>
      <symbol id="sm-ec4">
         <name>JFree</name>
         <value>0xd626</value>
      </symbol>
   </symbol_table>
   <title>Link successful</title>
</link_info>
