******************************************************************************
                  MSP430 Linker PC v19.6.0                     
******************************************************************************
>> Linked Wed Oct  9 12:47:39 2019

OUTPUT FILE NAME:   <note-msp430.out>
ENTRY POINT SYMBOL: "_c_int00_noargs_mpu"  address: 0000d70a


MEMORY CONFIGURATION

         name            origin    length      used     unused   attr    fill
----------------------  --------  ---------  --------  --------  ----  --------
  TINYRAM               00000006   0000001a  00000000  0000001a  RWIX
  BSL0                  00001000   00000800  00000000  00000800  RWIX
  INFO                  00001800   00000200  00000000  00000200  RWIX
  TLVMEM                00001a00   00000200  00000000  00000200  RWIX
  BOOTCODE              00001c00   00000400  00000000  00000400  RWIX
  RAM                   00002000   00001000  00000339  00000cc7  RWIX
  FRAM                  00008000   00007f80  00005748  00002838  RWIX
  JTAGSIGNATURE         0000ff80   00000004  00000004  00000000  RWIX  ffff 
  BSLSIGNATURE          0000ff84   00000004  00000004  00000000  RWIX  ffff 
  BSLCONFIGURATIONSIGNA 0000ff88   00000002  00000002  00000000  RWIX  ffff 
  BSLCONFIGURATION      0000ff8a   00000002  00000002  00000000  RWIX  ffff 
  BSLI2CADDRESS         0000ffa0   00000002  00000002  00000000  RWIX  ffff 
  INT00                 0000ffa2   00000002  00000000  00000002  RWIX
  INT01                 0000ffa4   00000002  00000000  00000002  RWIX
  INT02                 0000ffa6   00000002  00000000  00000002  RWIX
  INT03                 0000ffa8   00000002  00000000  00000002  RWIX
  INT04                 0000ffaa   00000002  00000000  00000002  RWIX
  INT05                 0000ffac   00000002  00000000  00000002  RWIX
  INT06                 0000ffae   00000002  00000000  00000002  RWIX
  INT07                 0000ffb0   00000002  00000000  00000002  RWIX
  INT08                 0000ffb2   00000002  00000000  00000002  RWIX
  INT09                 0000ffb4   00000002  00000000  00000002  RWIX
  INT10                 0000ffb6   00000002  00000000  00000002  RWIX
  INT11                 0000ffb8   00000002  00000000  00000002  RWIX
  INT12                 0000ffba   00000002  00000000  00000002  RWIX
  INT13                 0000ffbc   00000002  00000000  00000002  RWIX
  INT14                 0000ffbe   00000002  00000000  00000002  RWIX
  INT15                 0000ffc0   00000002  00000000  00000002  RWIX
  INT16                 0000ffc2   00000002  00000000  00000002  RWIX
  INT17                 0000ffc4   00000002  00000000  00000002  RWIX
  INT18                 0000ffc6   00000002  00000000  00000002  RWIX
  INT19                 0000ffc8   00000002  00000000  00000002  RWIX
  INT20                 0000ffca   00000002  00000000  00000002  RWIX
  INT21                 0000ffcc   00000002  00000000  00000002  RWIX
  INT22                 0000ffce   00000002  00000002  00000000  RWIX
  INT23                 0000ffd0   00000002  00000002  00000000  RWIX
  INT24                 0000ffd2   00000002  00000002  00000000  RWIX
  INT25                 0000ffd4   00000002  00000002  00000000  RWIX
  INT26                 0000ffd6   00000002  00000002  00000000  RWIX
  INT27                 0000ffd8   00000002  00000002  00000000  RWIX
  INT28                 0000ffda   00000002  00000002  00000000  RWIX
  INT29                 0000ffdc   00000002  00000002  00000000  RWIX
  INT30                 0000ffde   00000002  00000002  00000000  RWIX
  INT31                 0000ffe0   00000002  00000002  00000000  RWIX
  INT32                 0000ffe2   00000002  00000002  00000000  RWIX
  INT33                 0000ffe4   00000002  00000002  00000000  RWIX
  INT34                 0000ffe6   00000002  00000002  00000000  RWIX
  INT35                 0000ffe8   00000002  00000002  00000000  RWIX
  INT36                 0000ffea   00000002  00000002  00000000  RWIX
  INT37                 0000ffec   00000002  00000002  00000000  RWIX
  INT38                 0000ffee   00000002  00000002  00000000  RWIX
  INT39                 0000fff0   00000002  00000002  00000000  RWIX
  INT40                 0000fff2   00000002  00000002  00000000  RWIX
  INT41                 0000fff4   00000002  00000002  00000000  RWIX
  INT42                 0000fff6   00000002  00000002  00000000  RWIX
  INT43                 0000fff8   00000002  00000002  00000000  RWIX
  INT44                 0000fffa   00000002  00000002  00000000  RWIX
  INT45                 0000fffc   00000002  00000002  00000000  RWIX
  RESET                 0000fffe   00000002  00000002  00000000  RWIX
  ROMLIB                000fac00   00005000  00000000  00005000  RWIX
  BSL1                  000ffc00   00000400  00000000  00000400  RWIX


SECTION ALLOCATION MAP

 output                                  attributes/
section   page    origin      length       input sections
--------  ----  ----------  ----------   ----------------
.TI.persistent 
*          0    00008000    00000000     UNINITIALIZED

.cio       0    00008000    00000000     UNINITIALIZED

.sysmem    0    00008000    00001000     
                  00008000    00000008     rts430x_lc_ld_eabi.lib : memory.c.obj (.sysmem) [fill = 0]
                  00008008    00000ff8     --HOLE-- [fill = 0]

.cinit     0    00009000    000000c0     
                  00009000    0000009b     (.cinit..data.load) [load image]
                  0000909d    00000001     --HOLE-- [fill = 0]
                  0000909e    0000000c     (__TI_handler_table)
                  000090aa    00000006     (.cinit..bss.load) [load image, compression = zero_init]
                  000090b0    00000010     (__TI_cinit_table)

.pinit     0    000090c0    00000000     UNINITIALIZED

.binit     0    000090c0    00000000     

.init_array 
*          0    000090c0    00000000     UNINITIALIZED

.mspabi.exidx 
*          0    000090c0    00000000     UNINITIALIZED

.mspabi.extab 
*          0    000090c0    00000000     UNINITIALIZED

.const     0    000090c0    0000030a     
                  000090c0    00000101     rts430x_lc_ld_eabi.lib : ctype.c.obj (.const:.string:_ctypes_)
                  000091c1    00000001     --HOLE-- [fill = 0]
                  000091c2    000000a6     example.obj (.const:.string)
                  00009268    00000062     n_serial.obj (.const:.string)
                  000092ca    0000003e     n_request.obj (.const:.string)
                  00009308    0000002c     n_ftoa.obj (.const:rounders)
                  00009334    0000002a     n_hooks.obj (.const:.string)
                  0000935e    00000020     n_cjson.obj (.const:.string)
                  0000937e    0000001c     gpio.obj (.const:GPIO_PORT_TO_BASE)
                  0000939a    00000010     n_cjson.obj (.const:$P$T0$1)
                  000093aa    00000010     main.obj (.const:$P$T1$2)
                  000093ba    0000000e     main.obj (.const:$P$T0$1)
                  000093c8    00000002     n_atof.obj (.const)

.text      0    000093ca    000042c2     
                  000093ca    000002e0     rts430x_lc_ld_eabi.lib : addd.c.obj (.text:__mspabi_addd)
                  000096aa    000002be     n_ftoa.obj (.text:JNtoA)
                  00009968    00000298     n_atof.obj (.text:JAtoN)
                  00009c00    0000028e     n_cjson.obj (.text:parse_string)
                  00009e8e    00000280     rts430x_lc_ld_eabi.lib : frcmpyd.c.obj (.text:__TI_frcmpyd)
                  0000a10e    00000266                            : mpyd.c.obj (.text:__mspabi_mpyd)
                  0000a374    00000248                            : frcaddd.c.obj (.text:__TI_frcaddd)
                  0000a5bc    000001fc     n_cjson.obj (.text:print_object)
                  0000a7b8    000001d8     n_cjson.obj (.text:parse_value)
                  0000a990    000001c0     n_cjson.obj (.text:print_string_ptr)
                  0000ab50    000001ae     n_cjson.obj (.text:parse_object)
                  0000acfe    000001aa     n_serial.obj (.text:serialNoteTransaction)
                  0000aea8    00000190     rts430x_lc_ld_eabi.lib : memory.c.obj (.text:aligned_alloc)
                  0000b038    00000152     n_cjson.obj (.text:parse_number)
                  0000b18a    00000144     n_cjson.obj (.text:parse_array)
                  0000b2ce    00000144     n_cjson.obj (.text:utf16_literal_to_utf8)
                  0000b412    0000013c     rts430x_lc_ld_eabi.lib : memory.c.obj (.text:free)
                  0000b54e    00000132     n_cjson.obj (.text:JParseWithOpts)
                  0000b680    00000132     rts430x_lc_ld_eabi.lib : fs_add.asm.obj (.text)
                  0000b7b2    00000108     n_cjson.obj (.text:print_number)
                  0000b8ba    000000fc     n_cjson.obj (.text:print_value)
                  0000b9b6    000000f2     n_cjson.obj (.text:ensure)
                  0000baa8    000000e4     n_cjson.obj (.text:parse_hex4)
                  0000bb8c    000000da     n_cjson.obj (.text:print_array)
                  0000bc66    000000d8     n_cjson.obj (.text:print)
                  0000bd3e    000000d6     example.obj (.text:loop)
                  0000be14    000000ba     rts430x_lc_ld_eabi.lib : memory.c.obj (.text:split)
                  0000bece    000000b8                            : fs_mpy.asm.obj (.text)
                  0000bf86    000000b2                            : renormd.c.obj (.text:__TI_renormd)
                  0000c038    000000b2     main.obj (.text:init_CS)
                  0000c0ea    000000a0     n_request.obj (.text:NoteTransaction)
                  0000c18a    0000009e     rts430x_lc_ld_eabi.lib : fltlid.c.obj (.text:__mspabi_fltlid)
                  0000c228    0000009a     eusci_a_uart.obj (.text:EUSCI_A_UART_init)
                  0000c2c2    00000094     main.obj (.text:noteSerialReset)
                  0000c356    00000094     n_serial.obj (.text:serialNoteReset)
                  0000c3ea    00000090     rts430x_lc_ld_eabi.lib : fs_div.asm.obj (.text)
                  0000c47a    0000008c                            : cvtdf.c.obj (.text:__mspabi_cvtdf)
                  0000c506    0000007e                            : fs_tol.asm.obj (.text)
                  0000c584    0000007c     timer_b.obj (.text:Timer_B_initUpMode)
                  0000c600    00000078     rts430x_lc_ld_eabi.lib : autoinit.c.obj (.text:__TI_auto_init_nobinit_nopinit_hold_wdt:__TI_auto_init_nobinit_nopinit_hold_wdt)
                  0000c678    00000076                            : copy_decompress_lzss.c.obj (.text:decompress:lzss:__TI_decompress_lzss)
                  0000c6ee    00000072     gpio.obj (.text:GPIO_setAsPeripheralModuleFunctionInputPin)
                  0000c760    00000072     gpio.obj (.text:GPIO_setAsPeripheralModuleFunctionOutputPin)
                  0000c7d2    0000006e     n_cjson.obj (.text:add_item_to_object)
                  0000c840    00000068     rts430x_lc_ld_eabi.lib : fs_toi.asm.obj (.text)
                  0000c8a8    00000068     n_cjson.obj (.text:skip_utf8_bom)
                  0000c910    00000066     main.obj (.text:init_GPIO)
                  0000c976    00000062     n_cjson.obj (.text:JDelete)
                  0000c9d8    00000060     n_cjson.obj (.text:JCreateNumber)
                  0000ca38    00000058     n_cjson.obj (.text:buffer_skip_whitespace)
                  0000ca90    00000058     rts430x_lc_ld_eabi.lib : div32u.asm.obj (.text)
                  0000cae8    00000058     example.obj (.text:setup)
                  0000cb40    00000052     n_cjson.obj (.text:case_insensitive_strcmp)
                  0000cb92    0000004a     rts430x_lc_ld_eabi.lib : fs_cmp.asm.obj (.text)
                  0000cbdc    0000004a                            : fs_ltof.asm.obj (.text)
                  0000cc26    00000048     n_cjson.obj (.text:get_object_item)
                  0000cc6e    00000046     rts430x_lc_ld_eabi.lib : memory.c.obj (.text:free_list_insert)
                  0000ccb4    00000042     n_cjson_helpers.obj (.text:JIsNullString)
                  0000ccf6    00000040     rts430x_lc_ld_eabi.lib : div32s.asm.obj (.text)
                  0000cd36    0000003e                            : asr32.asm.obj (.text:l_asr_const)
                  0000cd74    0000003e                            : lsl32.asm.obj (.text:l_lsl_const)
                  0000cdb2    0000003e                            : lsr32.asm.obj (.text:l_lsr_const)
                  0000cdf0    0000003e     main.obj (.text:noteSerialReceive)
                  0000ce2e    0000003c     n_request.obj (.text:NoteRequest)
                  0000ce6a    0000003c     FRWP_INIT_LIB_CCS_msp430_large_code_large_data.lib : frwp_init.obj (.text:__mpu_init)
                  0000cea6    0000003c     rts430x_lc_ld_eabi.lib : memcpy.c.obj (.text:memcpy)
                  0000cee2    0000003a     n_cjson.obj (.text:Jstrdup)
                  0000cf1c    0000003a     n_cjson.obj (.text:htoa16)
                  0000cf56    00000038     rts430x_lc_ld_eabi.lib : strncmp.c.obj (.text:strncmp)
                  0000cf8e    00000036     n_cjson.obj (.text:JCreateString)
                  0000cfc4    00000036     n_cjson_helpers.obj (.text:JGetNumber)
                  0000cffa    00000036     main.obj (.text:noteSerialTransmit)
                  0000d030    00000034     gpio.obj (.text:GPIO_setAsOutputPin)
                  0000d064    00000030     n_cjson.obj (.text:JAddNumberToObject)
                  0000d094    0000002e     n_cjson.obj (.text:JAddBoolToObject)
                  0000d0c2    0000002e     n_cjson.obj (.text:JAddStringToObject)
                  0000d0f0    0000002e     n_cjson.obj (.text:add_item_to_array)
                  0000d11e    0000002c     n_request.obj (.text:NoteRequestResponse)
                  0000d14a    0000002a     main.obj (.text:delay)
                  0000d174    0000002a     rts430x_lc_ld_eabi.lib : memory.c.obj (.text:free_list_remove)
                  0000d19e    00000028     n_hooks.obj (.text:NoteSetFnSerial)
                  0000d1c6    00000028     n_cjson.obj (.text:update_offset)
                  0000d1ee    00000024     n_cjson.obj (.text:JNew_Item)
                  0000d212    00000024     n_request.obj (.text:NoteReset)
                  0000d236    00000024     rts430x_lc_ld_eabi.lib : copy_zero_init.c.obj (.text:decompress:ZI:__TI_zero_init_nomemset:__TI_zero_init_nomemset)
                  0000d25a    00000024                            : fs_utof.asm.obj (.text)
                  0000d27e    00000024                            : mult32_f5hw.asm.obj (.text)
                  0000d2a2    00000022     eusci_a_uart.obj (.text:EUSCI_A_UART_enableInterrupt)
                  0000d2c4    00000022     eusci_a_uart.obj (.text:EUSCI_A_UART_transmitData)
                  0000d2e6    00000020     rts430x_lc_ld_eabi.lib : memset.c.obj (.text:memset)
                  0000d306    0000001e     n_cjson.obj (.text:JCreateBool)
                  0000d324    0000001e     n_hooks.obj (.text:NoteFnSerialAvailable)
                  0000d342    0000001e     n_hooks.obj (.text:NoteFnSerialReceive)
                  0000d360    0000001e     n_request.obj (.text:NoteNewRequest)
                  0000d37e    0000001e     n_request.obj (.text:errDoc)
                  0000d39c    0000001c     gpio.obj (.text:GPIO_setOutputLowOnPin)
                  0000d3b8    0000001c     n_cjson.obj (.text:JIsString)
                  0000d3d4    0000001c     rts430x_lc_ld_eabi.lib : strchr.c.obj (.text:strchr)
                  0000d3f0    0000001c                            : strcmp.c.obj (.text:strcmp)
                  0000d40c    0000001a     n_cjson.obj (.text:JIsNumber)
                  0000d426    0000001a     n_hooks.obj (.text:NoteFnSerialReset)
                  0000d440    0000001a     n_hooks.obj (.text:NoteFnSerialTransmit)
                  0000d45a    00000018     rts430x_lc_ld_eabi.lib : mult16_f5hw.asm.obj (.text)
                  0000d472    00000016     wdt_a.obj (.text:WDT_A_hold)
                  0000d488    00000016     rts430x_lc_ld_eabi.lib : copy_decompress_none.c.obj (.text:decompress:none:__TI_decompress_none)
                  0000d49e    00000016                            : memory.c.obj (.text:heap_start)
                  0000d4b4    00000016     main.obj (.text:noteSerialAvailable)
                  0000d4ca    00000014     n_hooks.obj (.text:NoteFnGetMs)
                  0000d4de    00000014     n_hooks.obj (.text:NoteFnTransaction)
                  0000d4f2    00000014     main.obj (.text:main)
                  0000d506    00000012     n_hooks.obj (.text:NoteFnMalloc)
                  0000d518    00000012     n_hooks.obj (.text:NoteFnNoteReset)
                  0000d52a    00000012     n_hooks.obj (.text:NoteSetFn)
                  0000d53c    00000012     rts430x_lc_ld_eabi.lib : strcpy.c.obj (.text:strcpy)
                  0000d54e    00000012                            : strlen.c.obj (.text:strlen)
                  0000d560    00000012                            : tolower.c.obj (.text:tolower)
                  0000d572    00000010     n_cjson.obj (.text:JCreateObject)
                  0000d582    00000010     rts430x_lc_ld_eabi.lib : asr32.asm.obj (.text:l_asr)
                  0000d592    00000010                            : lsl32.asm.obj (.text:l_lsl)
                  0000d5a2    00000010                            : lsr32.asm.obj (.text:l_lsr)
                  0000d5b2    0000000e     eusci_a_uart.obj (.text:EUSCI_A_UART_clearInterrupt)
                  0000d5c0    0000000e     n_hooks.obj (.text:NoteFnDelayMs)
                  0000d5ce    0000000e     n_hooks.obj (.text:NoteFnFree)
                  0000d5dc    0000000e     n_hooks.obj (.text:NoteFnLockNote)
                  0000d5ea    0000000e     n_hooks.obj (.text:NoteFnUnlockNote)
                  0000d5f8    0000000c     rts430x_lc_ld_eabi.lib : memory.c.obj (.text:malloc)
                  0000d604    0000000a     eusci_a_uart.obj (.text:EUSCI_A_UART_queryStatusFlags)
                  0000d60e    0000000a     n_cjson.obj (.text:JParse)
                  0000d618    0000000a     main.obj (.text:millis)
                  0000d622    0000000a     n_cjson.obj (.text:print_string)
                  0000d62c    0000000a     rts430x_lc_ld_eabi.lib : fs_neg.asm.obj (.text)
                  0000d636    0000000a     n_cjson.obj (.text:suffix_object)
                  0000d640    00000008     n_cjson.obj (.text:JAddItemToObject)
                  0000d648    00000008     n_cjson.obj (.text:JGetObjectItem)
                  0000d650    00000008     n_cjson.obj (.text:JPrintUnformatted)
                  0000d658    00000006     eusci_a_uart.obj (.text:EUSCI_A_UART_enable)
                  0000d65e    00000006     n_request.obj (.text:NoteResetRequired)
                  0000d664    00000006     pmm.obj (.text:PMM_unlockLPM5)
                  0000d66a    00000006     timer_b.obj (.text:Timer_B_clearTimerInterrupt)
                  0000d670    00000006     timer_b.obj (.text:Timer_B_startCounter)
                  0000d676    00000006     rts430x_lc_ld_eabi.lib : exit.c.obj (.text:abort)
                  0000d67c    00000006     n_cjson.obj (.text:get_decimal_point)
                  0000d682    00000004     rts430x_lc_ld_eabi.lib : pre_init.c.obj (.text:_system_pre_init)
                  0000d686    00000002                            : _lock.c.obj (.text:_nop)
                  0000d688    00000002                            : startup.c.obj (.text:_system_post_cinit)
                  0000d68a    00000002     n_cjson.obj (.text:cast_away_const)

.text:_isr 
*          0    0000d68c    000000bc     
                  0000d68c    0000007e     main.obj (.text:_isr:USCI_A1_ISR)
                  0000d70a    00000020     rts430x_lc_ld_eabi.lib : boot.c.obj (.text:_isr:_c_int00_noargs_mpu)
                  0000d72a    00000016     main.obj (.text:_isr:TIMER0_B1_ISR)
                  0000d740    00000008     rts430x_lc_ld_eabi.lib : isr_trap.asm.obj (.text:_isr:__TI_ISR_TRAP)

.bss       0    00002000    00000204     UNINITIALIZED
                  00002000    00000200     main.obj (.bss:serialBuffer)
                  00002200    00000004     rts430x_lc_ld_eabi.lib : memory.c.obj (.bss)

.data      0    00002204    00000095     UNINITIALIZED
                  00002204    00000054     n_hooks.obj (.data)
                  00002258    0000001c     n_atof.obj (.data:powersOf10)
                  00002274    00000010     main.obj (.data)
                  00002284    00000008     n_cjson.obj (.data:global_error)
                  0000228c    00000004     rts430x_lc_ld_eabi.lib : _lock.c.obj (.data:_lock)
                  00002290    00000004                            : _lock.c.obj (.data:_unlock)
                  00002294    00000002     example.obj (.data)
                  00002296    00000002     rts430x_lc_ld_eabi.lib : memory.c.obj (.data)
                  00002298    00000001     n_request.obj (.data)

.stack     0    00002f60    000000a0     UNINITIALIZED
                  00002f60    00000004     rts430x_lc_ld_eabi.lib : boot.c.obj (.stack)
                  00002f64    0000009c     --HOLE--

PORT4      0    0000ffce    00000002     
                  0000ffce    00000002     rts430x_lc_ld_eabi.lib : int22.asm.obj (.int22)

PORT3      0    0000ffd0    00000002     
                  0000ffd0    00000002     rts430x_lc_ld_eabi.lib : int23.asm.obj (.int23)

PORT2      0    0000ffd2    00000002     
                  0000ffd2    00000002     rts430x_lc_ld_eabi.lib : int24.asm.obj (.int24)

PORT1      0    0000ffd4    00000002     
                  0000ffd4    00000002     rts430x_lc_ld_eabi.lib : int25.asm.obj (.int25)

SAC1_SAC3 
*          0    0000ffd6    00000002     
                  0000ffd6    00000002     rts430x_lc_ld_eabi.lib : int26.asm.obj (.int26)

SAC0_SAC2 
*          0    0000ffd8    00000002     
                  0000ffd8    00000002     rts430x_lc_ld_eabi.lib : int27.asm.obj (.int27)

ECOMP0_ECOMP1 
*          0    0000ffda    00000002     
                  0000ffda    00000002     rts430x_lc_ld_eabi.lib : int28.asm.obj (.int28)

ADC        0    0000ffdc    00000002     
                  0000ffdc    00000002     rts430x_lc_ld_eabi.lib : int29.asm.obj (.int29)

EUSCI_B1   0    0000ffde    00000002     
                  0000ffde    00000002     rts430x_lc_ld_eabi.lib : int30.asm.obj (.int30)

EUSCI_B0   0    0000ffe0    00000002     
                  0000ffe0    00000002     rts430x_lc_ld_eabi.lib : int31.asm.obj (.int31)

EUSCI_A1   0    0000ffe2    00000002     
                  0000ffe2    00000002     main.obj (.int32)

EUSCI_A0   0    0000ffe4    00000002     
                  0000ffe4    00000002     rts430x_lc_ld_eabi.lib : int33.asm.obj (.int33)

WDT        0    0000ffe6    00000002     
                  0000ffe6    00000002     rts430x_lc_ld_eabi.lib : int34.asm.obj (.int34)

RTC        0    0000ffe8    00000002     
                  0000ffe8    00000002     rts430x_lc_ld_eabi.lib : int35.asm.obj (.int35)

TIMER3_B1 
*          0    0000ffea    00000002     
                  0000ffea    00000002     rts430x_lc_ld_eabi.lib : int36.asm.obj (.int36)

TIMER3_B0 
*          0    0000ffec    00000002     
                  0000ffec    00000002     rts430x_lc_ld_eabi.lib : int37.asm.obj (.int37)

TIMER2_B1 
*          0    0000ffee    00000002     
                  0000ffee    00000002     rts430x_lc_ld_eabi.lib : int38.asm.obj (.int38)

TIMER2_B0 
*          0    0000fff0    00000002     
                  0000fff0    00000002     rts430x_lc_ld_eabi.lib : int39.asm.obj (.int39)

TIMER1_B1 
*          0    0000fff2    00000002     
                  0000fff2    00000002     rts430x_lc_ld_eabi.lib : int40.asm.obj (.int40)

TIMER1_B0 
*          0    0000fff4    00000002     
                  0000fff4    00000002     rts430x_lc_ld_eabi.lib : int41.asm.obj (.int41)

TIMER0_B1 
*          0    0000fff6    00000002     
                  0000fff6    00000002     main.obj (.int42)

TIMER0_B0 
*          0    0000fff8    00000002     
                  0000fff8    00000002     rts430x_lc_ld_eabi.lib : int43.asm.obj (.int43)

UNMI       0    0000fffa    00000002     
                  0000fffa    00000002     rts430x_lc_ld_eabi.lib : int44.asm.obj (.int44)

SYSNMI     0    0000fffc    00000002     
                  0000fffc    00000002     rts430x_lc_ld_eabi.lib : int45.asm.obj (.int45)

.reset     0    0000fffe    00000002     
                  0000fffe    00000002     rts430x_lc_ld_eabi.lib : boot.c.obj (.reset)

$fill000   0    0000ff80    00000004     
                  0000ff80    00000004     --HOLE-- [fill = ffff]

$fill001   0    0000ff84    00000004     
                  0000ff84    00000004     --HOLE-- [fill = ffff]

$fill002   0    0000ff88    00000002     
                  0000ff88    00000002     --HOLE-- [fill = ffff]

$fill003   0    0000ff8a    00000002     
                  0000ff8a    00000002     --HOLE-- [fill = ffff]

$fill004   0    0000ffa0    00000002     
                  0000ffa0    00000002     --HOLE-- [fill = ffff]

MODULE SUMMARY

       Module                       code    ro data   rw data
       ------                       ----    -------   -------
    .\
       main.obj                     786     34        528    
       example.obj                  302     166       2      
    +--+----------------------------+-------+---------+---------+
       Total:                       1088    200       530    
                                                             
    .\driverlib\MSP430FR2xx_4xx\
       gpio.obj                     308     28        0      
       eusci_a_uart.obj             252     0         0      
       timer_b.obj                  136     0         0      
       wdt_a.obj                    22      0         0      
       pmm.obj                      6       0         0      
    +--+----------------------------+-------+---------+---------+
       Total:                       724     28        0      
                                                             
    .\note-c\
       n_cjson.obj                  6468    48        8      
       n_ftoa.obj                   702     44        0      
       n_atof.obj                   664     2         28     
       n_serial.obj                 574     98        0      
       n_request.obj                366     62        1      
       n_hooks.obj                  302     42        84     
       n_cjson_helpers.obj          120     0         0      
    +--+----------------------------+-------+---------+---------+
       Total:                       9196    296       121    
                                                             
    C:\ti\ccs910\ccs\ccs_base\msp430\lib\FR2xx\FRWP_INIT_LIB_CCS_msp430_large_code_large_data.lib
       frwp_init.obj                60      0         0      
    +--+----------------------------+-------+---------+---------+
       Total:                       60      0         0      
                                                             
    C:\ti\ccs910\ccs\tools\compiler\ti-cgt-msp430_19.6.0.STS\lib\rts430x_lc_ld_eabi.lib
       memory.c.obj                 1048    0         6      
       addd.c.obj                   736     0         0      
       frcmpyd.c.obj                640     0         0      
       mpyd.c.obj                   614     0         0      
       frcaddd.c.obj                584     0         0      
       fs_add.asm.obj               306     0         0      
       ctype.c.obj                  0       257       0      
       fs_mpy.asm.obj               184     0         0      
       renormd.c.obj                178     0         0      
       fltlid.c.obj                 158     0         0      
       fs_div.asm.obj               144     0         0      
       cvtdf.c.obj                  140     0         0      
       fs_tol.asm.obj               126     0         0      
       autoinit.c.obj               120     0         0      
       copy_decompress_lzss.c.obj   118     0         0      
       fs_toi.asm.obj               104     0         0      
       div32u.asm.obj               88      0         0      
       asr32.asm.obj                78      0         0      
       lsl32.asm.obj                78      0         0      
       lsr32.asm.obj                78      0         0      
       fs_cmp.asm.obj               74      0         0      
       fs_ltof.asm.obj              74      0         0      
       div32s.asm.obj               64      0         0      
       memcpy.c.obj                 60      0         0      
       strncmp.c.obj                56      0         0      
       copy_zero_init.c.obj         36      0         0      
       fs_utof.asm.obj              36      0         0      
       mult32_f5hw.asm.obj          36      0         0      
       boot.c.obj                   32      2         0      
       memset.c.obj                 32      0         0      
       strchr.c.obj                 28      0         0      
       strcmp.c.obj                 28      0         0      
       mult16_f5hw.asm.obj          24      0         0      
       copy_decompress_none.c.obj   22      0         0      
       strcpy.c.obj                 18      0         0      
       strlen.c.obj                 18      0         0      
       tolower.c.obj                18      0         0      
       _lock.c.obj                  2       0         8      
       fs_neg.asm.obj               10      0         0      
       isr_trap.asm.obj             8       0         0      
       exit.c.obj                   6       0         0      
       pre_init.c.obj               4       0         0      
       int22.asm.obj                0       2         0      
       int23.asm.obj                0       2         0      
       int24.asm.obj                0       2         0      
       int25.asm.obj                0       2         0      
       int26.asm.obj                0       2         0      
       int27.asm.obj                0       2         0      
       int28.asm.obj                0       2         0      
       int29.asm.obj                0       2         0      
       int30.asm.obj                0       2         0      
       int31.asm.obj                0       2         0      
       int33.asm.obj                0       2         0      
       int34.asm.obj                0       2         0      
       int35.asm.obj                0       2         0      
       int36.asm.obj                0       2         0      
       int37.asm.obj                0       2         0      
       int38.asm.obj                0       2         0      
       int39.asm.obj                0       2         0      
       int40.asm.obj                0       2         0      
       int41.asm.obj                0       2         0      
       int43.asm.obj                0       2         0      
       int44.asm.obj                0       2         0      
       int45.asm.obj                0       2         0      
       startup.c.obj                2       0         0      
    +--+----------------------------+-------+---------+---------+
       Total:                       6210    303       14     
                                                             
       Heap:                        0       0         4096   
       Stack:                       0       0         160    
       Linker Generated:            0       189       0      
    +--+----------------------------+-------+---------+---------+
       Grand Total:                 17278   1016      4921   


LINKER GENERATED COPY TABLES

__TI_cinit_table @ 000090b0 records: 2, size/record: 8, table size: 16
	.data: load addr=00009000, load size=0000009b bytes, run addr=00002204, run size=00000095 bytes, compression=copy
	.bss: load addr=000090aa, load size=00000006 bytes, run addr=00002000, run size=00000204 bytes, compression=zero_init


LINKER GENERATED HANDLER TABLE

__TI_handler_table @ 0000909e records: 3, size/record: 4, table size: 12
	index: 0, handler: __TI_zero_init
	index: 1, handler: __TI_decompress_lzss
	index: 2, handler: __TI_decompress_none


GLOBAL SYMBOLS: SORTED ALPHABETICALLY BY Name 

address   name                                       
-------   ----                                       
00000700  ADCCTL0                                    
00000701  ADCCTL0_H                                  
00000700  ADCCTL0_L                                  
00000702  ADCCTL1                                    
00000703  ADCCTL1_H                                  
00000702  ADCCTL1_L                                  
00000704  ADCCTL2                                    
00000705  ADCCTL2_H                                  
00000704  ADCCTL2_L                                  
00000708  ADCHI                                      
00000709  ADCHI_H                                    
00000708  ADCHI_L                                    
0000071a  ADCIE                                      
0000071b  ADCIE_H                                    
0000071a  ADCIE_L                                    
0000071c  ADCIFG                                     
0000071d  ADCIFG_H                                   
0000071c  ADCIFG_L                                   
0000071e  ADCIV                                      
0000071f  ADCIV_H                                    
0000071e  ADCIV_L                                    
00000706  ADCLO                                      
00000707  ADCLO_H                                    
00000706  ADCLO_L                                    
0000070a  ADCMCTL0                                   
0000070b  ADCMCTL0_H                                 
0000070a  ADCMCTL0_L                                 
00000712  ADCMEM0                                    
00000713  ADCMEM0_H                                  
00000712  ADCMEM0_L                                  
00000660  BAKMEM0                                    
00000661  BAKMEM0_H                                  
00000660  BAKMEM0_L                                  
00000662  BAKMEM1                                    
00000674  BAKMEM10                                   
00000675  BAKMEM10_H                                 
00000674  BAKMEM10_L                                 
00000676  BAKMEM11                                   
00000677  BAKMEM11_H                                 
00000676  BAKMEM11_L                                 
00000678  BAKMEM12                                   
00000679  BAKMEM12_H                                 
00000678  BAKMEM12_L                                 
0000067a  BAKMEM13                                   
0000067b  BAKMEM13_H                                 
0000067a  BAKMEM13_L                                 
0000067c  BAKMEM14                                   
0000067d  BAKMEM14_H                                 
0000067c  BAKMEM14_L                                 
0000067e  BAKMEM15                                   
0000067f  BAKMEM15_H                                 
0000067e  BAKMEM15_L                                 
00000663  BAKMEM1_H                                  
00000662  BAKMEM1_L                                  
00000664  BAKMEM2                                    
00000665  BAKMEM2_H                                  
00000664  BAKMEM2_L                                  
00000666  BAKMEM3                                    
00000667  BAKMEM3_H                                  
00000666  BAKMEM3_L                                  
00000668  BAKMEM4                                    
00000669  BAKMEM4_H                                  
00000668  BAKMEM4_L                                  
0000066a  BAKMEM5                                    
0000066b  BAKMEM5_H                                  
0000066a  BAKMEM5_L                                  
0000066c  BAKMEM6                                    
0000066d  BAKMEM6_H                                  
0000066c  BAKMEM6_L                                  
0000066e  BAKMEM7                                    
0000066f  BAKMEM7_H                                  
0000066e  BAKMEM7_L                                  
00000670  BAKMEM8                                    
00000671  BAKMEM8_H                                  
00000670  BAKMEM8_L                                  
00000672  BAKMEM9                                    
00000673  BAKMEM9_H                                  
00000672  BAKMEM9_L                                  
0000d676  C$$EXIT                                    
000002ee  CAPTIOCTL                                  
000002ef  CAPTIOCTL_H                                
000002ee  CAPTIOCTL_L                                
000008e0  CP0CTL0                                    
000008e1  CP0CTL0_H                                  
000008e0  CP0CTL0_L                                  
000008e2  CP0CTL1                                    
000008e3  CP0CTL1_H                                  
000008e2  CP0CTL1_L                                  
000008f0  CP0DACCTL                                  
000008f1  CP0DACCTL_H                                
000008f0  CP0DACCTL_L                                
000008f2  CP0DACDATA                                 
000008f3  CP0DACDATA_H                               
000008f2  CP0DACDATA_L                               
000008e6  CP0INT                                     
000008e7  CP0INT_H                                   
000008e6  CP0INT_L                                   
000008e8  CP0IV                                      
000008e9  CP0IV_H                                    
000008e8  CP0IV_L                                    
00000900  CP1CTL0                                    
00000901  CP1CTL0_H                                  
00000900  CP1CTL0_L                                  
00000902  CP1CTL1                                    
00000903  CP1CTL1_H                                  
00000902  CP1CTL1_L                                  
00000910  CP1DACCTL                                  
00000911  CP1DACCTL_H                                
00000910  CP1DACCTL_L                                
00000912  CP1DACDATA                                 
00000913  CP1DACDATA_H                               
00000912  CP1DACDATA_L                               
00000906  CP1INT                                     
00000907  CP1INT_H                                   
00000906  CP1INT_L                                   
00000908  CP1IV                                      
00000909  CP1IV_H                                    
00000908  CP1IV_L                                    
000001c0  CRCDI                                      
000001c2  CRCDIRB                                    
000001c3  CRCDIRB_H                                  
000001c2  CRCDIRB_L                                  
000001c1  CRCDI_H                                    
000001c0  CRCDI_L                                    
000001c4  CRCINIRES                                  
000001c5  CRCINIRES_H                                
000001c4  CRCINIRES_L                                
000001c6  CRCRESR                                    
000001c7  CRCRESR_H                                  
000001c6  CRCRESR_L                                  
00000180  CSCTL0                                     
00000181  CSCTL0_H                                   
00000180  CSCTL0_L                                   
00000182  CSCTL1                                     
00000183  CSCTL1_H                                   
00000182  CSCTL1_L                                   
00000184  CSCTL2                                     
00000185  CSCTL2_H                                   
00000184  CSCTL2_L                                   
00000186  CSCTL3                                     
00000187  CSCTL3_H                                   
00000186  CSCTL3_L                                   
00000188  CSCTL4                                     
00000189  CSCTL4_H                                   
00000188  CSCTL4_L                                   
0000018a  CSCTL5                                     
0000018b  CSCTL5_H                                   
0000018a  CSCTL5_L                                   
0000018c  CSCTL6                                     
0000018d  CSCTL6_H                                   
0000018c  CSCTL6_L                                   
0000018e  CSCTL7                                     
0000018f  CSCTL7_H                                   
0000018e  CSCTL7_L                                   
00000190  CSCTL8                                     
00000191  CSCTL8_H                                   
00000190  CSCTL8_L                                   
0000d5b2  EUSCI_A_UART_clearInterrupt                
0000d658  EUSCI_A_UART_enable                        
0000d2a2  EUSCI_A_UART_enableInterrupt               
0000c228  EUSCI_A_UART_init                          
0000d604  EUSCI_A_UART_queryStatusFlags              
0000d2c4  EUSCI_A_UART_transmitData                  
000001a0  FRCTL0                                     
000001a1  FRCTL0_H                                   
000001a0  FRCTL0_L                                   
000001a4  GCCTL0                                     
000001a5  GCCTL0_H                                   
000001a4  GCCTL0_L                                   
000001a6  GCCTL1                                     
000001a7  GCCTL1_H                                   
000001a6  GCCTL1_L                                   
0000d030  GPIO_setAsOutputPin                        
0000c6ee  GPIO_setAsPeripheralModuleFunctionInputPin 
0000c760  GPIO_setAsPeripheralModuleFunctionOutputPin
0000d39c  GPIO_setOutputLowOnPin                     
000006c4  ICCILSR0                                   
000006c5  ICCILSR0_H                                 
000006c4  ICCILSR0_L                                 
000006c6  ICCILSR1                                   
000006c7  ICCILSR1_H                                 
000006c6  ICCILSR1_L                                 
000006c8  ICCILSR2                                   
000006c9  ICCILSR2_H                                 
000006c8  ICCILSR2_L                                 
000006ca  ICCILSR3                                   
000006cb  ICCILSR3_H                                 
000006ca  ICCILSR3_L                                 
000006c2  ICCMVS                                     
000006c3  ICCMVS_H                                   
000006c2  ICCMVS_L                                   
000006c0  ICCSC                                      
000006c1  ICCSC_H                                    
000006c0  ICCSC_L                                    
0000d094  JAddBoolToObject                           
0000d640  JAddItemToObject                           
0000d064  JAddNumberToObject                         
0000d0c2  JAddStringToObject                         
00009968  JAtoN                                      
0000d306  JCreateBool                                
0000c9d8  JCreateNumber                              
0000d572  JCreateObject                              
0000cf8e  JCreateString                              
0000c976  JDelete                                    
0000d5ce  JFree                                      
0000cfc4  JGetNumber                                 
0000d648  JGetObjectItem                             
0000ccb4  JIsNullString                              
0000d40c  JIsNumber                                  
0000d3b8  JIsString                                  
0000d506  JMalloc                                    
000096aa  JNtoA                                      
0000d60e  JParse                                     
0000b54e  JParseWithOpts                             
0000d650  JPrintUnformatted                          
000004c4  MAC                                        
000004da  MAC32H                                     
000004db  MAC32H_H                                   
000004da  MAC32H_L                                   
000004d8  MAC32L                                     
000004d9  MAC32L_H                                   
000004d8  MAC32L_L                                   
000004c6  MACS                                       
000004de  MACS32H                                    
000004df  MACS32H_H                                  
000004de  MACS32H_L                                  
000004dc  MACS32L                                    
000004dd  MACS32L_H                                  
000004dc  MACS32L_L                                  
000004c7  MACS_H                                     
000004c6  MACS_L                                     
000004c5  MAC_H                                      
000004c4  MAC_L                                      
000004c0  MPY                                        
000004ec  MPY32CTL0                                  
000004ed  MPY32CTL0_H                                
000004ec  MPY32CTL0_L                                
000004d2  MPY32H                                     
000004d3  MPY32H_H                                   
000004d2  MPY32H_L                                   
000004d0  MPY32L                                     
000004d1  MPY32L_H                                   
000004d0  MPY32L_L                                   
000004c2  MPYS                                       
000004d6  MPYS32H                                    
000004d7  MPYS32H_H                                  
000004d6  MPYS32H_L                                  
000004d4  MPYS32L                                    
000004d5  MPYS32L_H                                  
000004d4  MPYS32L_L                                  
000004c3  MPYS_H                                     
000004c2  MPYS_L                                     
000004c1  MPY_H                                      
000004c0  MPY_L                                      
0000d5c0  NoteFnDelayMs                              
0000d5ce  NoteFnFree                                 
0000d4ca  NoteFnGetMs                                
0000d5dc  NoteFnLockNote                             
0000d506  NoteFnMalloc                               
0000d518  NoteFnNoteReset                            
0000d324  NoteFnSerialAvailable                      
0000d342  NoteFnSerialReceive                        
0000d426  NoteFnSerialReset                          
0000d440  NoteFnSerialTransmit                       
0000d4de  NoteFnTransaction                          
0000d5ea  NoteFnUnlockNote                           
0000d360  NoteNewRequest                             
0000ce2e  NoteRequest                                
0000d11e  NoteRequestResponse                        
0000d212  NoteReset                                  
0000d65e  NoteResetRequired                          
0000d52a  NoteSetFn                                  
0000d19e  NoteSetFnSerial                            
0000c0ea  NoteTransaction                            
000004c8  OP2                                        
000004e2  OP2H                                       
000004e3  OP2H_H                                     
000004e2  OP2H_L                                     
000004e0  OP2L                                       
000004e1  OP2L_H                                     
000004e0  OP2L_L                                     
000004c9  OP2_H                                      
000004c8  OP2_L                                      
00000285  P10DIR                                     
0000029b  P10IE                                      
00000299  P10IES                                     
0000029d  P10IFG                                     
00000281  P10IN                                      
00000283  P10OUT                                     
00000287  P10REN                                     
0000028b  P10SEL0                                    
0000028d  P10SEL1                                    
00000297  P10SELC                                    
00000204  P1DIR                                      
0000021a  P1IE                                       
00000218  P1IES                                      
0000021c  P1IFG                                      
00000200  P1IN                                       
0000020e  P1IV                                       
0000020f  P1IV_H                                     
0000020e  P1IV_L                                     
00000202  P1OUT                                      
00000206  P1REN                                      
0000020a  P1SEL0                                     
0000020c  P1SEL1                                     
00000216  P1SELC                                     
00000205  P2DIR                                      
0000021b  P2IE                                       
00000219  P2IES                                      
0000021d  P2IFG                                      
00000201  P2IN                                       
0000021e  P2IV                                       
0000021f  P2IV_H                                     
0000021e  P2IV_L                                     
00000203  P2OUT                                      
00000207  P2REN                                      
0000020b  P2SEL0                                     
0000020d  P2SEL1                                     
00000217  P2SELC                                     
00000224  P3DIR                                      
0000023a  P3IE                                       
00000238  P3IES                                      
0000023c  P3IFG                                      
00000220  P3IN                                       
0000022e  P3IV                                       
0000022f  P3IV_H                                     
0000022e  P3IV_L                                     
00000222  P3OUT                                      
00000226  P3REN                                      
0000022a  P3SEL0                                     
0000022c  P3SEL1                                     
00000236  P3SELC                                     
00000225  P4DIR                                      
0000023b  P4IE                                       
00000239  P4IES                                      
0000023d  P4IFG                                      
00000221  P4IN                                       
0000023e  P4IV                                       
0000023f  P4IV_H                                     
0000023e  P4IV_L                                     
00000223  P4OUT                                      
00000227  P4REN                                      
0000022b  P4SEL0                                     
0000022d  P4SEL1                                     
00000237  P4SELC                                     
00000244  P5DIR                                      
0000025a  P5IE                                       
00000258  P5IES                                      
0000025c  P5IFG                                      
00000240  P5IN                                       
0000024e  P5IV                                       
0000024f  P5IV_H                                     
0000024e  P5IV_L                                     
00000242  P5OUT                                      
00000246  P5REN                                      
0000024a  P5SEL0                                     
0000024c  P5SEL1                                     
00000256  P5SELC                                     
00000245  P6DIR                                      
0000025b  P6IE                                       
00000259  P6IES                                      
0000025d  P6IFG                                      
00000241  P6IN                                       
0000025e  P6IV                                       
0000025f  P6IV_H                                     
0000025e  P6IV_L                                     
00000243  P6OUT                                      
00000247  P6REN                                      
0000024b  P6SEL0                                     
0000024d  P6SEL1                                     
00000257  P6SELC                                     
00000264  P7DIR                                      
0000027a  P7IE                                       
00000278  P7IES                                      
0000027c  P7IFG                                      
00000260  P7IN                                       
00000262  P7OUT                                      
00000266  P7REN                                      
0000026a  P7SEL0                                     
0000026c  P7SEL1                                     
00000276  P7SELC                                     
00000265  P8DIR                                      
0000027b  P8IE                                       
00000279  P8IES                                      
0000027d  P8IFG                                      
00000261  P8IN                                       
00000263  P8OUT                                      
00000267  P8REN                                      
0000026b  P8SEL0                                     
0000026d  P8SEL1                                     
00000277  P8SELC                                     
00000284  P9DIR                                      
0000029a  P9IE                                       
00000298  P9IES                                      
0000029c  P9IFG                                      
00000280  P9IN                                       
00000282  P9OUT                                      
00000286  P9REN                                      
0000028a  P9SEL0                                     
0000028c  P9SEL1                                     
00000296  P9SELC                                     
00000204  PADIR                                      
00000205  PADIR_H                                    
00000204  PADIR_L                                    
0000021a  PAIE                                       
00000218  PAIES                                      
00000219  PAIES_H                                    
00000218  PAIES_L                                    
0000021b  PAIE_H                                     
0000021a  PAIE_L                                     
0000021c  PAIFG                                      
0000021d  PAIFG_H                                    
0000021c  PAIFG_L                                    
00000200  PAIN                                       
00000201  PAIN_H                                     
00000200  PAIN_L                                     
00000202  PAOUT                                      
00000203  PAOUT_H                                    
00000202  PAOUT_L                                    
00000206  PAREN                                      
00000207  PAREN_H                                    
00000206  PAREN_L                                    
0000020a  PASEL0                                     
0000020b  PASEL0_H                                   
0000020a  PASEL0_L                                   
0000020c  PASEL1                                     
0000020d  PASEL1_H                                   
0000020c  PASEL1_L                                   
00000216  PASELC                                     
00000217  PASELC_H                                   
00000216  PASELC_L                                   
00000224  PBDIR                                      
00000225  PBDIR_H                                    
00000224  PBDIR_L                                    
0000023a  PBIE                                       
00000238  PBIES                                      
00000239  PBIES_H                                    
00000238  PBIES_L                                    
0000023b  PBIE_H                                     
0000023a  PBIE_L                                     
0000023c  PBIFG                                      
0000023d  PBIFG_H                                    
0000023c  PBIFG_L                                    
00000220  PBIN                                       
00000221  PBIN_H                                     
00000220  PBIN_L                                     
00000222  PBOUT                                      
00000223  PBOUT_H                                    
00000222  PBOUT_L                                    
00000226  PBREN                                      
00000227  PBREN_H                                    
00000226  PBREN_L                                    
0000022a  PBSEL0                                     
0000022b  PBSEL0_H                                   
0000022a  PBSEL0_L                                   
0000022c  PBSEL1                                     
0000022d  PBSEL1_H                                   
0000022c  PBSEL1_L                                   
00000236  PBSELC                                     
00000237  PBSELC_H                                   
00000236  PBSELC_L                                   
00000244  PCDIR                                      
00000245  PCDIR_H                                    
00000244  PCDIR_L                                    
0000025a  PCIE                                       
00000258  PCIES                                      
00000259  PCIES_H                                    
00000258  PCIES_L                                    
0000025b  PCIE_H                                     
0000025a  PCIE_L                                     
0000025c  PCIFG                                      
0000025d  PCIFG_H                                    
0000025c  PCIFG_L                                    
00000240  PCIN                                       
00000241  PCIN_H                                     
00000240  PCIN_L                                     
00000242  PCOUT                                      
00000243  PCOUT_H                                    
00000242  PCOUT_L                                    
00000246  PCREN                                      
00000247  PCREN_H                                    
00000246  PCREN_L                                    
0000024a  PCSEL0                                     
0000024b  PCSEL0_H                                   
0000024a  PCSEL0_L                                   
0000024c  PCSEL1                                     
0000024d  PCSEL1_H                                   
0000024c  PCSEL1_L                                   
00000256  PCSELC                                     
00000257  PCSELC_H                                   
00000256  PCSELC_L                                   
00000264  PDDIR                                      
00000265  PDDIR_H                                    
00000264  PDDIR_L                                    
0000027a  PDIE                                       
00000278  PDIES                                      
00000279  PDIES_H                                    
00000278  PDIES_L                                    
0000027b  PDIE_H                                     
0000027a  PDIE_L                                     
0000027c  PDIFG                                      
0000027d  PDIFG_H                                    
0000027c  PDIFG_L                                    
00000260  PDIN                                       
00000261  PDIN_H                                     
00000260  PDIN_L                                     
00000262  PDOUT                                      
00000263  PDOUT_H                                    
00000262  PDOUT_L                                    
00000266  PDREN                                      
00000267  PDREN_H                                    
00000266  PDREN_L                                    
0000026a  PDSEL0                                     
0000026b  PDSEL0_H                                   
0000026a  PDSEL0_L                                   
0000026c  PDSEL1                                     
0000026d  PDSEL1_H                                   
0000026c  PDSEL1_L                                   
00000276  PDSELC                                     
00000277  PDSELC_H                                   
00000276  PDSELC_L                                   
00000284  PEDIR                                      
00000285  PEDIR_H                                    
00000284  PEDIR_L                                    
0000029a  PEIE                                       
00000298  PEIES                                      
00000299  PEIES_H                                    
00000298  PEIES_L                                    
0000029b  PEIE_H                                     
0000029a  PEIE_L                                     
0000029c  PEIFG                                      
0000029d  PEIFG_H                                    
0000029c  PEIFG_L                                    
00000280  PEIN                                       
00000281  PEIN_H                                     
00000280  PEIN_L                                     
00000282  PEOUT                                      
00000283  PEOUT_H                                    
00000282  PEOUT_L                                    
00000286  PEREN                                      
00000287  PEREN_H                                    
00000286  PEREN_L                                    
0000028a  PESEL0                                     
0000028b  PESEL0_H                                   
0000028a  PESEL0_L                                   
0000028c  PESEL1                                     
0000028d  PESEL1_H                                   
0000028c  PESEL1_L                                   
00000296  PESELC                                     
00000297  PESELC_H                                   
00000296  PESELC_L                                   
00000324  PJDIR                                      
00000325  PJDIR_H                                    
00000324  PJDIR_L                                    
00000320  PJIN                                       
00000321  PJIN_H                                     
00000320  PJIN_L                                     
00000322  PJOUT                                      
00000323  PJOUT_H                                    
00000322  PJOUT_L                                    
00000326  PJREN                                      
00000327  PJREN_H                                    
00000326  PJREN_L                                    
0000032a  PJSEL0                                     
0000032b  PJSEL0_H                                   
0000032a  PJSEL0_L                                   
0000032c  PJSEL1                                     
0000032d  PJSEL1_H                                   
0000032c  PJSEL1_L                                   
00000336  PJSELC                                     
00000337  PJSELC_H                                   
00000336  PJSELC_L                                   
00000130  PM5CTL0                                    
00000131  PM5CTL0_H                                  
00000130  PM5CTL0_L                                  
00000120  PMMCTL0                                    
00000121  PMMCTL0_H                                  
00000120  PMMCTL0_L                                  
00000124  PMMCTL2                                    
00000125  PMMCTL2_H                                  
00000124  PMMCTL2_L                                  
0000012a  PMMIFG                                     
0000012b  PMMIFG_H                                   
0000012a  PMMIFG_L                                   
0000d664  PMM_unlockLPM5                             
000004e4  RES0                                       
000004e5  RES0_H                                     
000004e4  RES0_L                                     
000004e6  RES1                                       
000004e7  RES1_H                                     
000004e6  RES1_L                                     
000004e8  RES2                                       
000004e9  RES2_H                                     
000004e8  RES2_L                                     
000004ea  RES3                                       
000004eb  RES3_H                                     
000004ea  RES3_L                                     
000004cc  RESHI                                      
000004cd  RESHI_H                                    
000004cc  RESHI_L                                    
000004ca  RESLO                                      
000004cb  RESLO_H                                    
000004ca  RESLO_L                                    
0000030c  RTCCNT                                     
0000030d  RTCCNT_H                                   
0000030c  RTCCNT_L                                   
00000300  RTCCTL                                     
00000301  RTCCTL_H                                   
00000300  RTCCTL_L                                   
00000304  RTCIV                                      
00000305  RTCIV_H                                    
00000304  RTCIV_L                                    
00000308  RTCMOD                                     
00000309  RTCMOD_H                                   
00000308  RTCMOD_L                                   
00000c84  SAC0DAC                                    
00000c88  SAC0DACSTS                                 
00000c89  SAC0DACSTS_H                               
00000c88  SAC0DACSTS_L                               
00000c85  SAC0DAC_H                                  
00000c84  SAC0DAC_L                                  
00000c86  SAC0DAT                                    
00000c87  SAC0DAT_H                                  
00000c86  SAC0DAT_L                                  
00000c8a  SAC0IV                                     
00000c8b  SAC0IV_H                                   
00000c8a  SAC0IV_L                                   
00000c80  SAC0OA                                     
00000c81  SAC0OA_H                                   
00000c80  SAC0OA_L                                   
00000c82  SAC0PGA                                    
00000c83  SAC0PGA_H                                  
00000c82  SAC0PGA_L                                  
00000c94  SAC1DAC                                    
00000c98  SAC1DACSTS                                 
00000c99  SAC1DACSTS_H                               
00000c98  SAC1DACSTS_L                               
00000c95  SAC1DAC_H                                  
00000c94  SAC1DAC_L                                  
00000c96  SAC1DAT                                    
00000c97  SAC1DAT_H                                  
00000c96  SAC1DAT_L                                  
00000c9a  SAC1IV                                     
00000c9b  SAC1IV_H                                   
00000c9a  SAC1IV_L                                   
00000c90  SAC1OA                                     
00000c91  SAC1OA_H                                   
00000c90  SAC1OA_L                                   
00000c92  SAC1PGA                                    
00000c93  SAC1PGA_H                                  
00000c92  SAC1PGA_L                                  
00000ca4  SAC2DAC                                    
00000ca8  SAC2DACSTS                                 
00000ca9  SAC2DACSTS_H                               
00000ca8  SAC2DACSTS_L                               
00000ca5  SAC2DAC_H                                  
00000ca4  SAC2DAC_L                                  
00000ca6  SAC2DAT                                    
00000ca7  SAC2DAT_H                                  
00000ca6  SAC2DAT_L                                  
00000caa  SAC2IV                                     
00000cab  SAC2IV_H                                   
00000caa  SAC2IV_L                                   
00000ca0  SAC2OA                                     
00000ca1  SAC2OA_H                                   
00000ca0  SAC2OA_L                                   
00000ca2  SAC2PGA                                    
00000ca3  SAC2PGA_H                                  
00000ca2  SAC2PGA_L                                  
00000cb4  SAC3DAC                                    
00000cb8  SAC3DACSTS                                 
00000cb9  SAC3DACSTS_H                               
00000cb8  SAC3DACSTS_L                               
00000cb5  SAC3DAC_H                                  
00000cb4  SAC3DAC_L                                  
00000cb6  SAC3DAT                                    
00000cb7  SAC3DAT_H                                  
00000cb6  SAC3DAT_L                                  
00000cba  SAC3IV                                     
00000cbb  SAC3IV_H                                   
00000cba  SAC3IV_L                                   
00000cb0  SAC3OA                                     
00000cb1  SAC3OA_H                                   
00000cb0  SAC3OA_L                                   
00000cb2  SAC3PGA                                    
00000cb3  SAC3PGA_H                                  
00000cb2  SAC3PGA_L                                  
00000100  SFRIE1                                     
00000101  SFRIE1_H                                   
00000100  SFRIE1_L                                   
00000102  SFRIFG1                                    
00000103  SFRIFG1_H                                  
00000102  SFRIFG1_L                                  
00000104  SFRRPCR                                    
00000105  SFRRPCR_H                                  
00000104  SFRRPCR_L                                  
000004ce  SUMEXT                                     
000004cf  SUMEXT_H                                   
000004ce  SUMEXT_L                                   
00000142  SYSBSLC                                    
00000143  SYSBSLC_H                                  
00000142  SYSBSLC_L                                  
00000160  SYSCFG0                                    
00000161  SYSCFG0_H                                  
00000160  SYSCFG0_L                                  
00000162  SYSCFG1                                    
00000163  SYSCFG1_H                                  
00000162  SYSCFG1_L                                  
00000164  SYSCFG2                                    
00000165  SYSCFG2_H                                  
00000164  SYSCFG2_L                                  
00000140  SYSCTL                                     
00000141  SYSCTL_H                                   
00000140  SYSCTL_L                                   
00000146  SYSJMBC                                    
00000147  SYSJMBC_H                                  
00000146  SYSJMBC_L                                  
00000148  SYSJMBI0                                   
00000149  SYSJMBI0_H                                 
00000148  SYSJMBI0_L                                 
0000014a  SYSJMBI1                                   
0000014b  SYSJMBI1_H                                 
0000014a  SYSJMBI1_L                                 
0000014c  SYSJMBO0                                   
0000014d  SYSJMBO0_H                                 
0000014c  SYSJMBO0_L                                 
0000014e  SYSJMBO1                                   
0000014f  SYSJMBO1_H                                 
0000014e  SYSJMBO1_L                                 
0000015e  SYSRSTIV                                   
0000015f  SYSRSTIV_H                                 
0000015e  SYSRSTIV_L                                 
0000015c  SYSSNIV                                    
0000015d  SYSSNIV_H                                  
0000015c  SYSSNIV_L                                  
0000015a  SYSUNIV                                    
0000015b  SYSUNIV_H                                  
0000015a  SYSUNIV_L                                  
00000392  TB0CCR0                                    
00000393  TB0CCR0_H                                  
00000392  TB0CCR0_L                                  
00000394  TB0CCR1                                    
00000395  TB0CCR1_H                                  
00000394  TB0CCR1_L                                  
00000396  TB0CCR2                                    
00000397  TB0CCR2_H                                  
00000396  TB0CCR2_L                                  
00000382  TB0CCTL0                                   
00000383  TB0CCTL0_H                                 
00000382  TB0CCTL0_L                                 
00000384  TB0CCTL1                                   
00000385  TB0CCTL1_H                                 
00000384  TB0CCTL1_L                                 
00000386  TB0CCTL2                                   
00000387  TB0CCTL2_H                                 
00000386  TB0CCTL2_L                                 
00000380  TB0CTL                                     
00000381  TB0CTL_H                                   
00000380  TB0CTL_L                                   
000003a0  TB0EX0                                     
000003a1  TB0EX0_H                                   
000003a0  TB0EX0_L                                   
000003ae  TB0IV                                      
000003af  TB0IV_H                                    
000003ae  TB0IV_L                                    
00000390  TB0R                                       
00000391  TB0R_H                                     
00000390  TB0R_L                                     
000003d2  TB1CCR0                                    
000003d3  TB1CCR0_H                                  
000003d2  TB1CCR0_L                                  
000003d4  TB1CCR1                                    
000003d5  TB1CCR1_H                                  
000003d4  TB1CCR1_L                                  
000003d6  TB1CCR2                                    
000003d7  TB1CCR2_H                                  
000003d6  TB1CCR2_L                                  
000003c2  TB1CCTL0                                   
000003c3  TB1CCTL0_H                                 
000003c2  TB1CCTL0_L                                 
000003c4  TB1CCTL1                                   
000003c5  TB1CCTL1_H                                 
000003c4  TB1CCTL1_L                                 
000003c6  TB1CCTL2                                   
000003c7  TB1CCTL2_H                                 
000003c6  TB1CCTL2_L                                 
000003c0  TB1CTL                                     
000003c1  TB1CTL_H                                   
000003c0  TB1CTL_L                                   
000003e0  TB1EX0                                     
000003e1  TB1EX0_H                                   
000003e0  TB1EX0_L                                   
000003ee  TB1IV                                      
000003ef  TB1IV_H                                    
000003ee  TB1IV_L                                    
000003d0  TB1R                                       
000003d1  TB1R_H                                     
000003d0  TB1R_L                                     
00000412  TB2CCR0                                    
00000413  TB2CCR0_H                                  
00000412  TB2CCR0_L                                  
00000414  TB2CCR1                                    
00000415  TB2CCR1_H                                  
00000414  TB2CCR1_L                                  
00000416  TB2CCR2                                    
00000417  TB2CCR2_H                                  
00000416  TB2CCR2_L                                  
00000402  TB2CCTL0                                   
00000403  TB2CCTL0_H                                 
00000402  TB2CCTL0_L                                 
00000404  TB2CCTL1                                   
00000405  TB2CCTL1_H                                 
00000404  TB2CCTL1_L                                 
00000406  TB2CCTL2                                   
00000407  TB2CCTL2_H                                 
00000406  TB2CCTL2_L                                 
00000400  TB2CTL                                     
00000401  TB2CTL_H                                   
00000400  TB2CTL_L                                   
00000420  TB2EX0                                     
00000421  TB2EX0_H                                   
00000420  TB2EX0_L                                   
0000042e  TB2IV                                      
0000042f  TB2IV_H                                    
0000042e  TB2IV_L                                    
00000410  TB2R                                       
00000411  TB2R_H                                     
00000410  TB2R_L                                     
00000452  TB3CCR0                                    
00000453  TB3CCR0_H                                  
00000452  TB3CCR0_L                                  
00000454  TB3CCR1                                    
00000455  TB3CCR1_H                                  
00000454  TB3CCR1_L                                  
00000456  TB3CCR2                                    
00000457  TB3CCR2_H                                  
00000456  TB3CCR2_L                                  
00000458  TB3CCR3                                    
00000459  TB3CCR3_H                                  
00000458  TB3CCR3_L                                  
0000045a  TB3CCR4                                    
0000045b  TB3CCR4_H                                  
0000045a  TB3CCR4_L                                  
0000045c  TB3CCR5                                    
0000045d  TB3CCR5_H                                  
0000045c  TB3CCR5_L                                  
0000045e  TB3CCR6                                    
0000045f  TB3CCR6_H                                  
0000045e  TB3CCR6_L                                  
00000442  TB3CCTL0                                   
00000443  TB3CCTL0_H                                 
00000442  TB3CCTL0_L                                 
00000444  TB3CCTL1                                   
00000445  TB3CCTL1_H                                 
00000444  TB3CCTL1_L                                 
00000446  TB3CCTL2                                   
00000447  TB3CCTL2_H                                 
00000446  TB3CCTL2_L                                 
00000448  TB3CCTL3                                   
00000449  TB3CCTL3_H                                 
00000448  TB3CCTL3_L                                 
0000044a  TB3CCTL4                                   
0000044b  TB3CCTL4_H                                 
0000044a  TB3CCTL4_L                                 
0000044c  TB3CCTL5                                   
0000044d  TB3CCTL5_H                                 
0000044c  TB3CCTL5_L                                 
0000044e  TB3CCTL6                                   
0000044f  TB3CCTL6_H                                 
0000044e  TB3CCTL6_L                                 
00000440  TB3CTL                                     
00000441  TB3CTL_H                                   
00000440  TB3CTL_L                                   
00000460  TB3EX0                                     
00000461  TB3EX0_H                                   
00000460  TB3EX0_L                                   
[...]
000006c9  ICCILSR2_H                                 
000006ca  ICCILSR3                                   
000006ca  ICCILSR3_L                                 
000006cb  ICCILSR3_H                                 
00000700  ADCCTL0                                    
00000700  ADCCTL0_L                                  
00000701  ADCCTL0_H                                  
00000702  ADCCTL1                                    
00000702  ADCCTL1_L                                  
00000703  ADCCTL1_H                                  
00000704  ADCCTL2                                    
00000704  ADCCTL2_L                                  
00000705  ADCCTL2_H                                  
00000706  ADCLO                                      
00000706  ADCLO_L                                    
00000707  ADCLO_H                                    
00000708  ADCHI                                      
00000708  ADCHI_L                                    
00000709  ADCHI_H                                    
0000070a  ADCMCTL0                                   
0000070a  ADCMCTL0_L                                 
0000070b  ADCMCTL0_H                                 
00000712  ADCMEM0                                    
00000712  ADCMEM0_L                                  
00000713  ADCMEM0_H                                  
0000071a  ADCIE                                      
0000071a  ADCIE_L                                    
0000071b  ADCIE_H                                    
0000071c  ADCIFG                                     
0000071c  ADCIFG_L                                   
0000071d  ADCIFG_H                                   
0000071e  ADCIV                                      
0000071e  ADCIV_L                                    
0000071f  ADCIV_H                                    
000008e0  CP0CTL0                                    
000008e0  CP0CTL0_L                                  
000008e1  CP0CTL0_H                                  
000008e2  CP0CTL1                                    
000008e2  CP0CTL1_L                                  
000008e3  CP0CTL1_H                                  
000008e6  CP0INT                                     
000008e6  CP0INT_L                                   
000008e7  CP0INT_H                                   
000008e8  CP0IV                                      
000008e8  CP0IV_L                                    
000008e9  CP0IV_H                                    
000008f0  CP0DACCTL                                  
000008f0  CP0DACCTL_L                                
000008f1  CP0DACCTL_H                                
000008f2  CP0DACDATA                                 
000008f2  CP0DACDATA_L                               
000008f3  CP0DACDATA_H                               
00000900  CP1CTL0                                    
00000900  CP1CTL0_L                                  
00000901  CP1CTL0_H                                  
00000902  CP1CTL1                                    
00000902  CP1CTL1_L                                  
00000903  CP1CTL1_H                                  
00000906  CP1INT                                     
00000906  CP1INT_L                                   
00000907  CP1INT_H                                   
00000908  CP1IV                                      
00000908  CP1IV_L                                    
00000909  CP1IV_H                                    
00000910  CP1DACCTL                                  
00000910  CP1DACCTL_L                                
00000911  CP1DACCTL_H                                
00000912  CP1DACDATA                                 
00000912  CP1DACDATA_L                               
00000913  CP1DACDATA_H                               
00000c80  SAC0OA                                     
00000c80  SAC0OA_L                                   
00000c81  SAC0OA_H                                   
00000c82  SAC0PGA                                    
00000c82  SAC0PGA_L                                  
00000c83  SAC0PGA_H                                  
00000c84  SAC0DAC                                    
00000c84  SAC0DAC_L                                  
00000c85  SAC0DAC_H                                  
00000c86  SAC0DAT                                    
00000c86  SAC0DAT_L                                  
00000c87  SAC0DAT_H                                  
00000c88  SAC0DACSTS                                 
00000c88  SAC0DACSTS_L                               
00000c89  SAC0DACSTS_H                               
00000c8a  SAC0IV                                     
00000c8a  SAC0IV_L                                   
00000c8b  SAC0IV_H                                   
00000c90  SAC1OA                                     
00000c90  SAC1OA_L                                   
00000c91  SAC1OA_H                                   
00000c92  SAC1PGA                                    
00000c92  SAC1PGA_L                                  
00000c93  SAC1PGA_H                                  
00000c94  SAC1DAC                                    
00000c94  SAC1DAC_L                                  
00000c95  SAC1DAC_H                                  
00000c96  SAC1DAT                                    
00000c96  SAC1DAT_L                                  
00000c97  SAC1DAT_H                                  
00000c98  SAC1DACSTS                                 
00000c98  SAC1DACSTS_L                               
00000c99  SAC1DACSTS_H                               
00000c9a  SAC1IV                                     
00000c9a  SAC1IV_L                                   
00000c9b  SAC1IV_H                                   
00000ca0  SAC2OA                                     
00000ca0  SAC2OA_L                                   
00000ca1  SAC2OA_H                                   
00000ca2  SAC2PGA                                    
00000ca2  SAC2PGA_L                                  
00000ca3  SAC2PGA_H                                  
00000ca4  SAC2DAC                                    
00000ca4  SAC2DAC_L                                  
00000ca5  SAC2DAC_H                                  
00000ca6  SAC2DAT                                    
00000ca6  SAC2DAT_L                                  
00000ca7  SAC2DAT_H                                  
00000ca8  SAC2DACSTS                                 
00000ca8  SAC2DACSTS_L                               
00000ca9  SAC2DACSTS_H                               
00000caa  SAC2IV                                     
00000caa  SAC2IV_L                                   
00000cab  SAC2IV_H                                   
00000cb0  SAC3OA                                     
00000cb0  SAC3OA_L                                   
00000cb1  SAC3OA_H                                   
00000cb2  SAC3PGA                                    
00000cb2  SAC3PGA_L                                  
00000cb3  SAC3PGA_H                                  
00000cb4  SAC3DAC                                    
00000cb4  SAC3DAC_L                                  
00000cb5  SAC3DAC_H                                  
00000cb6  SAC3DAT                                    
00000cb6  SAC3DAT_L                                  
00000cb7  SAC3DAT_H                                  
00000cb8  SAC3DACSTS                                 
00000cb8  SAC3DACSTS_L                               
00000cb9  SAC3DACSTS_H                               
00000cba  SAC3IV                                     
00000cba  SAC3IV_L                                   
00000cbb  SAC3IV_H                                   
00001000  __SYSMEM_SIZE                              
00002204  hookDebugOutput                            
00002208  hookLockI2C                                
0000220c  hookUnlockI2C                              
00002210  hookLockNote                               
00002214  hookUnlockNote                             
00002218  hookMalloc                                 
0000221c  hookFree                                   
00002220  hookDelayMs                                
00002224  hookGetMs                                  
00002228  hookActiveInterface                        
0000222c  hookSerialReset                            
00002230  hookSerialTransmit                         
00002234  hookSerialAvailable                        
00002238  hookSerialReceive                          
0000223c  i2cAddress                                 
00002240  i2cMax                                     
00002244  hookI2CReset                               
00002248  hookI2CTransmit                            
0000224c  hookI2CReceive                             
0000228c  _lock                                      
00002290  _unlock                                    
00002f60  _stack                                     
00003000  __STACK_END                                
00008000  _sys_memory                                
00008000  fram_rw_start                              
00009000  fram_rx_start                              
0000909e  __TI_Handler_Table_Base                    
000090aa  __TI_Handler_Table_Limit                   
000090b0  __TI_CINIT_Base                            
000090c0  __TI_CINIT_Limit                           
000090c0  _ctypes_                                   
000093ca  __mspabi_addd                              
000096aa  JNtoA                                      
00009968  JAtoN                                      
00009e8e  __TI_frcmpyd                               
0000a10e  __mspabi_mpyd                              
0000a374  __TI_frcaddd                               
0000acfe  serialNoteTransaction                      
0000aea8  aligned_alloc                              
0000aea8  memalign                                   
0000b412  free                                       
0000b54e  JParseWithOpts                             
0000b680  __mspabi_subf                              
0000b686  __mspabi_addf                              
0000bd3e  loop                                       
0000bece  __mspabi_mpyf                              
0000bf86  __TI_renormd                               
0000c038  init_CS                                    
0000c0ea  NoteTransaction                            
0000c18a  __mspabi_fltlid                            
0000c228  EUSCI_A_UART_init                          
0000c2c2  noteSerialReset                            
0000c356  serialNoteReset                            
0000c3ea  __mspabi_divf                              
0000c47a  __mspabi_cvtdf                             
0000c506  __mspabi_fixfli                            
0000c584  Timer_B_initUpMode                         
0000c600  __TI_auto_init_nobinit_nopinit_hold_wdt    
0000c678  __TI_decompress_lzss                       
0000c6ee  GPIO_setAsPeripheralModuleFunctionInputPin 
0000c760  GPIO_setAsPeripheralModuleFunctionOutputPin
0000c840  __mspabi_fixfi                             
0000c910  init_GPIO                                  
0000c976  JDelete                                    
0000c9d8  JCreateNumber                              
0000ca90  __mspabi_divul                             
0000ca90  __mspabi_remul                             
0000cae8  setup                                      
0000cb92  __mspabi_cmpf                              
0000cbdc  __mspabi_fltlif                            
0000ccb4  JIsNullString                              
0000ccf6  __mspabi_divli                             
0000ccf6  __mspabi_remli                             
0000cd36  __mspabi_sral_15                           
0000cd3a  __mspabi_sral_14                           
0000cd3e  __mspabi_sral_13                           
0000cd42  __mspabi_sral_12                           
0000cd46  __mspabi_sral_11                           
0000cd4a  __mspabi_sral_10                           
0000cd4e  __mspabi_sral_9                            
0000cd52  __mspabi_sral_8                            
0000cd56  __mspabi_sral_7                            
0000cd5a  __mspabi_sral_6                            
0000cd5e  __mspabi_sral_5                            
0000cd62  __mspabi_sral_4                            
0000cd66  __mspabi_sral_3                            
0000cd6a  __mspabi_sral_2                            
0000cd6e  __mspabi_sral_1                            
0000cd74  __mspabi_slll_15                           
0000cd78  __mspabi_slll_14                           
0000cd7c  __mspabi_slll_13                           
0000cd80  __mspabi_slll_12                           
0000cd84  __mspabi_slll_11                           
0000cd88  __mspabi_slll_10                           
0000cd8c  __mspabi_slll_9                            
0000cd90  __mspabi_slll_8                            
0000cd94  __mspabi_slll_7                            
0000cd98  __mspabi_slll_6                            
0000cd9c  __mspabi_slll_5                            
0000cda0  __mspabi_slll_4                            
0000cda4  __mspabi_slll_3                            
0000cda8  __mspabi_slll_2                            
0000cdac  __mspabi_slll_1                            
0000cdb2  __mspabi_srll_15                           
0000cdb6  __mspabi_srll_14                           
0000cdba  __mspabi_srll_13                           
0000cdbe  __mspabi_srll_12                           
0000cdc2  __mspabi_srll_11                           
0000cdc6  __mspabi_srll_10                           
0000cdca  __mspabi_srll_9                            
0000cdce  __mspabi_srll_8                            
0000cdd2  __mspabi_srll_7                            
0000cdd6  __mspabi_srll_6                            
0000cdda  __mspabi_srll_5                            
0000cdde  __mspabi_srll_4                            
0000cde2  __mspabi_srll_3                            
0000cde6  __mspabi_srll_2                            
0000cdea  __mspabi_srll_1                            
0000cdf0  noteSerialReceive                          
0000ce2e  NoteRequest                                
0000ce6a  __mpu_init                                 
0000cea6  memcpy                                     
0000cf1c  htoa16                                     
0000cf56  strncmp                                    
0000cf8e  JCreateString                              
0000cfc4  JGetNumber                                 
0000cffa  noteSerialTransmit                         
0000d030  GPIO_setAsOutputPin                        
0000d064  JAddNumberToObject                         
0000d094  JAddBoolToObject                           
0000d0c2  JAddStringToObject                         
0000d11e  NoteRequestResponse                        
0000d14a  delay                                      
0000d19e  NoteSetFnSerial                            
0000d212  NoteReset                                  
0000d236  __TI_zero_init_nomemset                    
0000d25a  __mspabi_fltuf                             
0000d27e  __mspabi_mpyl_f5hw                         
0000d2a2  EUSCI_A_UART_enableInterrupt               
0000d2c4  EUSCI_A_UART_transmitData                  
0000d2e6  memset                                     
0000d306  JCreateBool                                
0000d324  NoteFnSerialAvailable                      
0000d342  NoteFnSerialReceive                        
0000d360  NoteNewRequest                             
0000d39c  GPIO_setOutputLowOnPin                     
0000d3b8  JIsString                                  
0000d3d4  strchr                                     
0000d3f0  strcmp                                     
0000d40c  JIsNumber                                  
0000d426  NoteFnSerialReset                          
0000d440  NoteFnSerialTransmit                       
0000d45a  __mspabi_mpyi_f5hw                         
0000d472  WDT_A_hold                                 
0000d488  __TI_decompress_none                       
0000d4b4  noteSerialAvailable                        
0000d4ca  NoteFnGetMs                                
0000d4de  NoteFnTransaction                          
0000d4f2  main                                       
0000d506  JMalloc                                    
0000d506  NoteFnMalloc                               
0000d518  NoteFnNoteReset                            
0000d52a  NoteSetFn                                  
0000d53c  strcpy                                     
0000d54e  strlen                                     
0000d560  tolower                                    
0000d572  JCreateObject                              
0000d582  __mspabi_sral                              
0000d592  __mspabi_slll                              
0000d5a2  __mspabi_srll                              
0000d5b2  EUSCI_A_UART_clearInterrupt                
0000d5c0  NoteFnDelayMs                              
0000d5ce  JFree                                      
0000d5ce  NoteFnFree                                 
0000d5dc  NoteFnLockNote                             
0000d5ea  NoteFnUnlockNote                           
0000d5f8  malloc                                     
0000d604  EUSCI_A_UART_queryStatusFlags              
0000d60e  JParse                                     
0000d618  millis                                     
0000d62c  __mspabi_negf                              
0000d640  JAddItemToObject                           
0000d648  JGetObjectItem                             
0000d650  JPrintUnformatted                          
0000d658  EUSCI_A_UART_enable                        
0000d65e  NoteResetRequired                          
0000d664  PMM_unlockLPM5                             
0000d66a  Timer_B_clearTimerInterrupt                
0000d670  Timer_B_startCounter                       
0000d676  C$$EXIT                                    
0000d676  abort                                      
0000d682  _system_pre_init                           
0000d686  _nop                                       
0000d688  _system_post_cinit                         
0000d68c  USCI_A1_ISR                                
0000d70a  _c_int00_noargs_mpu                        
0000d72a  TIMER0_B1_ISR                              
0000d740  __TI_ISR_TRAP                              
0000ffce  __TI_int22                                 
0000ffd0  __TI_int23                                 
0000ffd2  __TI_int24                                 
0000ffd4  __TI_int25                                 
0000ffd6  __TI_int26                                 
0000ffd8  __TI_int27                                 
0000ffda  __TI_int28                                 
0000ffdc  __TI_int29                                 
0000ffde  __TI_int30                                 
0000ffe0  __TI_int31                                 
0000ffe2  __TI_int32                                 
0000ffe4  __TI_int33                                 
0000ffe6  __TI_int34                                 
0000ffe8  __TI_int35                                 
0000ffea  __TI_int36                                 
0000ffec  __TI_int37                                 
0000ffee  __TI_int38                                 
0000fff0  __TI_int39                                 
0000fff2  __TI_int40                                 
0000fff4  __TI_int41                                 
0000fff6  __TI_int42                                 
0000fff8  __TI_int43                                 
0000fffa  __TI_int44                                 
0000fffc  __TI_int45                                 
0000fffe  _reset_vector                              
ffffffff  __TI_pprof_out_hndl                        
ffffffff  __TI_prof_data_size                        
ffffffff  __TI_prof_data_start                       
ffffffff  __c_args__                                 

[1239 symbols]
